192.168.37.30 - - [24/May/2021:12:18:45 +0800] "GET /linkmanSys/list.html HTTP/1.1" 304 0 "http://192.168.37.90/linkmanSys/list.html" "Mozilla/5.0 (Windows NT 10.0; WOW64) AppleWebKit/537.36 (KHTML, like Gecko) Chrome/72.0.3626.81 Safari/537.36 SE 2.X MetaSr 1.0"
192.168.37.58 - - [24/May/2021:12:18:45 +0800] "GET /favicon.ico HTTP/1.1" 200 21630 "http://192.168.37.90/linkmanSys/list.html" "Mozilla/5.0 (Windows NT 10.0; WOW64) AppleWebKit/537.36 (KHTML, like Gecko) Chrome/90.0.4430.72 Safari/537.36"
192.168.37.30 - - [24/May/2021:12:18:45 +0800] "GET /linkmanSys/linkMan?method=findAll HTTP/1.1" 200 76 "http://192.168.37.90/linkmanSys/list.html" "Mozilla/5.0 (Windows NT 10.0; WOW64) AppleWebKit/537.36 (KHTML, like Gecko) Chrome/72.0.3626.81 Safari/537.36 SE 2.X MetaSr 1.0"
192.168.37.38 - - [24/May/2021:12:18:45 +0800] "GET /linkmanSys/list.html HTTP/1.1" 200 3742 "http://192.168.37.90/linkmanSys/" "Mozilla/5.0 (Windows NT 10.0; Win64; x64) AppleWebKit/537.36 (KHTML, like Gecko) Chrome/89.0.4389.90 Safari/537.36"
192.168.37.50 - - [24/May/2021:12:18:45 +0800] "GET /linkmanSys/list.html HTTP/1.1" 304 0 "http://192.168.37.90/linkmanSys/" "Mozilla/5.0 (Windows NT 10.0; Win64; x64) AppleWebKit/537.36 (KHTML, like Gecko) Chrome/90.0.4430.212 Safari/537.36"
192.168.37.38 - - [24/May/2021:12:18:45 +0800] "GET /linkmanSys/js/jquery-2.1.0.min.js HTTP/1.1" 200 83617 "http://192.168.37.90/linkmanSys/list.html" "Mozilla/5.0 (Windows NT 10.0; Win64; x64) AppleWebKit/537.36 (KHTML, like Gecko) Chrome/89.0.4389.90 Safari/537.36"
192.168.37.38 - - [24/May/2021:12:18:45 +0800] "GET /linkmanSys/css/bootstrap.min.css HTTP/1.1" 200 121200 "http://192.168.37.90/linkmanSys/list.html" "Mozilla/5.0 (Windows NT 10.0; Win64; x64) AppleWebKit/537.36 (KHTML, like Gecko) Chrome/89.0.4389.90 Safari/537.36"
192.168.37.38 - - [24/May/2021:12:18:45 +0800] "GET /linkmanSys/js/bootstrap.min.js HTTP/1.1" 200 37045 "http://192.168.37.90/linkmanSys/list.html" "Mozilla/5.0 (Windows NT 10.0; Win64; x64) AppleWebKit/537.36 (KHTML, like Gecko) Chrome/89.0.4389.90 Safari/537.36"
192.168.37.38 - - [24/May/2021:12:18:45 +0800] "GET /linkmanSys/js/axios-0.18.0.js HTTP/1.1" 200 12948 "http://192.168.37.90/linkmanSys/list.html" "Mozilla/5.0 (Windows NT 10.0; Win64; x64) AppleWebKit/537.36 (KHTML, like Gecko) Chrome/89.0.4389.90 Safari/537.36"
192.168.37.50 - - [24/May/2021:12:18:45 +0800] "GET /linkmanSys/linkMan?method=findAll HTTP/1.1" 200 76 "http://192.168.37.90/linkmanSys/list.html" "Mozilla/5.0 (Windows NT 10.0; Win64; x64) AppleWebKit/537.36 (KHTML, like Gecko) Chrome/90.0.4430.212 Safari/537.36"
192.168.37.50 - - [24/May/2021:12:18:45 +0800] "GET /favicon.ico HTTP/1.1" 200 21630 "http://192.168.37.90/linkmanSys/list.html" "Mozilla/5.0 (Windows NT 10.0; Win64; x64) AppleWebKit/537.36 (KHTML, like Gecko) Chrome/90.0.4430.212 Safari/537.36"
192.168.37.38 - - [24/May/2021:12:18:45 +0800] "GET /linkmanSys/js/vuejs-2.5.16.js HTTP/1.1" 200 300248 "http://192.168.37.90/linkmanSys/list.html" "Mozilla/5.0 (Windows NT 10.0; Win64; x64) AppleWebKit/537.36 (KHTML, like Gecko) Chrome/89.0.4389.90 Safari/537.36"
192.168.37.30 - - [24/May/2021:12:18:45 +0800] "GET /linkmanSys/list.html HTTP/1.1" 304 0 "http://192.168.37.90/linkmanSys/list.html" "Mozilla/5.0 (Windows NT 10.0; WOW64) AppleWebKit/537.36 (KHTML, like Gecko) Chrome/72.0.3626.81 Safari/537.36 SE 2.X MetaSr 1.0"
192.168.37.30 - - [24/May/2021:12:18:45 +0800] "GET /linkmanSys/linkMan?method=findAll HTTP/1.1" 200 76 "http://192.168.37.90/linkmanSys/list.html" "Mozilla/5.0 (Windows NT 10.0; WOW64) AppleWebKit/537.36 (KHTML, like Gecko) Chrome/72.0.3626.81 Safari/537.36 SE 2.X MetaSr 1.0"
192.168.37.50 - - [24/May/2021:12:18:45 +0800] "GET /linkmanSys/list.html HTTP/1.1" 304 0 "http://192.168.37.90/linkmanSys/" "Mozilla/5.0 (Windows NT 10.0; Win64; x64) AppleWebKit/537.36 (KHTML, like Gecko) Chrome/90.0.4430.212 Safari/537.36"
192.168.37.50 - - [24/May/2021:12:18:45 +0800] "GET /linkmanSys/linkMan?method=findAll HTTP/1.1" 200 76 "http://192.168.37.90/linkmanSys/list.html" "Mozilla/5.0 (Windows NT 10.0; Win64; x64) AppleWebKit/537.36 (KHTML, like Gecko) Chrome/90.0.4430.212 Safari/537.36"
192.168.37.50 - - [24/May/2021:12:18:45 +0800] "GET /favicon.ico HTTP/1.1" 200 21630 "http://192.168.37.90/linkmanSys/list.html" "Mozilla/5.0 (Windows NT 10.0; Win64; x64) AppleWebKit/537.36 (KHTML, like Gecko) Chrome/90.0.4430.212 Safari/537.36"
192.168.37.38 - - [24/May/2021:12:18:45 +0800] "GET /linkmanSys/linkMan?method=findAll HTTP/1.1" 200 76 "http://192.168.37.90/linkmanSys/list.html" "Mozilla/5.0 (Windows NT 10.0; Win64; x64) AppleWebKit/537.36 (KHTML, like Gecko) Chrome/89.0.4389.90 Safari/537.36"
192.168.37.30 - - [24/May/2021:12:18:45 +0800] "GET /linkmanSys/list.html HTTP/1.1" 304 0 "http://192.168.37.90/linkmanSys/list.html" "Mozilla/5.0 (Windows NT 10.0; WOW64) AppleWebKit/537.36 (KHTML, like Gecko) Chrome/72.0.3626.81 Safari/537.36 SE 2.X MetaSr 1.0"
192.168.37.30 - - [24/May/2021:12:18:45 +0800] "GET /linkmanSys/linkMan?method=findAll HTTP/1.1" 200 76 "http://192.168.37.90/linkmanSys/list.html" "Mozilla/5.0 (Windows NT 10.0; WOW64) AppleWebKit/537.36 (KHTML, like Gecko) Chrome/72.0.3626.81 Safari/537.36 SE 2.X MetaSr 1.0"
192.168.37.91 - - [24/May/2021:12:18:45 +0800] "GET /linkmanSys/list.html HTTP/1.1" 304 0 "http://192.168.37.90/linkmanSys/list.html" "Mozilla/5.0 (Windows NT 10.0; WOW64) AppleWebKit/537.36 (KHTML, like Gecko) Chrome/90.0.4430.93 Safari/537.36"
192.168.37.91 - - [24/May/2021:12:18:45 +0800] "GET /linkmanSys/linkMan?method=findAll HTTP/1.1" 200 76 "http://192.168.37.90/linkmanSys/list.html" "Mozilla/5.0 (Windows NT 10.0; WOW64) AppleWebKit/537.36 (KHTML, like Gecko) Chrome/90.0.4430.93 Safari/537.36"
192.168.37.91 - - [24/May/2021:12:18:45 +0800] "GET /favicon.ico HTTP/1.1" 200 21630 "http://192.168.37.90/linkmanSys/list.html" "Mozilla/5.0 (Windows NT 10.0; WOW64) AppleWebKit/537.36 (KHTML, like Gecko) Chrome/90.0.4430.93 Safari/537.36"
192.168.37.30 - - [24/May/2021:12:18:46 +0800] "GET /linkmanSys/list.html HTTP/1.1" 304 0 "http://192.168.37.90/linkmanSys/list.html" "Mozilla/5.0 (Windows NT 10.0; WOW64) AppleWebKit/537.36 (KHTML, like Gecko) Chrome/72.0.3626.81 Safari/537.36 SE 2.X MetaSr 1.0"
192.168.37.30 - - [24/May/2021:12:18:46 +0800] "GET /linkmanSys/linkMan?method=findAll HTTP/1.1" 200 76 "http://192.168.37.90/linkmanSys/list.html" "Mozilla/5.0 (Windows NT 10.0; WOW64) AppleWebKit/537.36 (KHTML, like Gecko) Chrome/72.0.3626.81 Safari/537.36 SE 2.X MetaSr 1.0"
192.168.37.91 - - [24/May/2021:12:18:46 +0800] "GET /linkmanSys/list.html HTTP/1.1" 304 0 "http://192.168.37.90/linkmanSys/list.html" "Mozilla/5.0 (Windows NT 10.0; WOW64) AppleWebKit/537.36 (KHTML, like Gecko) Chrome/90.0.4430.93 Safari/537.36"
192.168.37.91 - - [24/May/2021:12:18:46 +0800] "GET /linkmanSys/linkMan?method=findAll HTTP/1.1" 200 76 "http://192.168.37.90/linkmanSys/list.html" "Mozilla/5.0 (Windows NT 10.0; WOW64) AppleWebKit/537.36 (KHTML, like Gecko) Chrome/90.0.4430.93 Safari/537.36"
192.168.37.91 - - [24/May/2021:12:18:46 +0800] "GET /favicon.ico HTTP/1.1" 200 21630 "http://192.168.37.90/linkmanSys/list.html" "Mozilla/5.0 (Windows NT 10.0; WOW64) AppleWebKit/537.36 (KHTML, like Gecko) Chrome/90.0.4430.93 Safari/537.36"
192.168.37.234 - - [24/May/2021:12:18:46 +0800] "GET /linkmanSys/linkMan?method=delete&id=182 HTTP/1.1" 200 49 "http://192.168.37.90/linkmanSys/list.html" "Mozilla/5.0 (Windows NT 10.0; WOW64) AppleWebKit/537.36 (KHTML, like Gecko) Chrome/80.0.3987.87 Safari/537.36 SE 2.X MetaSr 1.0"
192.168.37.234 - - [24/May/2021:12:18:46 +0800] "GET /linkmanSys/linkMan?method=findAll HTTP/1.1" 200 76 "http://192.168.37.90/linkmanSys/list.html" "Mozilla/5.0 (Windows NT 10.0; WOW64) AppleWebKit/537.36 (KHTML, like Gecko) Chrome/80.0.3987.87 Safari/537.36 SE 2.X MetaSr 1.0"
192.168.37.91 - - [24/May/2021:12:18:46 +0800] "GET /linkmanSys/list.html HTTP/1.1" 304 0 "http://192.168.37.90/linkmanSys/list.html" "Mozilla/5.0 (Windows NT 10.0; WOW64) AppleWebKit/537.36 (KHTML, like Gecko) Chrome/90.0.4430.93 Safari/537.36"
192.168.37.91 - - [24/May/2021:12:18:46 +0800] "GET /linkmanSys/linkMan?method=findAll HTTP/1.1" 200 76 "http://192.168.37.90/linkmanSys/list.html" "Mozilla/5.0 (Windows NT 10.0; WOW64) AppleWebKit/537.36 (KHTML, like Gecko) Chrome/90.0.4430.93 Safari/537.36"
192.168.37.91 - - [24/May/2021:12:18:46 +0800] "GET /favicon.ico HTTP/1.1" 200 21630 "http://192.168.37.90/linkmanSys/list.html" "Mozilla/5.0 (Windows NT 10.0; WOW64) AppleWebKit/537.36 (KHTML, like Gecko) Chrome/90.0.4430.93 Safari/537.36"
192.168.37.91 - - [24/May/2021:12:18:46 +0800] "GET /linkmanSys/list.html HTTP/1.1" 304 0 "http://192.168.37.90/linkmanSys/list.html" "Mozilla/5.0 (Windows NT 10.0; WOW64) AppleWebKit/537.36 (KHTML, like Gecko) Chrome/90.0.4430.93 Safari/537.36"
192.168.37.62 - - [24/May/2021:12:18:46 +0800] "GET /linkmanSys/list.html HTTP/1.1" 200 3742 "http://192.168.37.90/linkmanSys/add.html" "Mozilla/5.0 (Macintosh; Intel Mac OS X 10_15_6) AppleWebKit/605.1.15 (KHTML, like Gecko) Version/14.0.3 Safari/605.1.15"
192.168.37.91 - - [24/May/2021:12:18:46 +0800] "GET /linkmanSys/linkMan?method=findAll HTTP/1.1" 200 76 "http://192.168.37.90/linkmanSys/list.html" "Mozilla/5.0 (Windows NT 10.0; WOW64) AppleWebKit/537.36 (KHTML, like Gecko) Chrome/90.0.4430.93 Safari/537.36"
192.168.37.91 - - [24/May/2021:12:18:46 +0800] "GET /favicon.ico HTTP/1.1" 200 21630 "http://192.168.37.90/linkmanSys/list.html" "Mozilla/5.0 (Windows NT 10.0; WOW64) AppleWebKit/537.36 (KHTML, like Gecko) Chrome/90.0.4430.93 Safari/537.36"
192.168.37.62 - - [24/May/2021:12:18:46 +0800] "GET /linkmanSys/linkMan?method=findAll HTTP/1.1" 200 76 "http://192.168.37.90/linkmanSys/list.html" "Mozilla/5.0 (Macintosh; Intel Mac OS X 10_15_6) AppleWebKit/605.1.15 (KHTML, like Gecko) Version/14.0.3 Safari/605.1.15"
192.168.37.91 - - [24/May/2021:12:18:47 +0800] "GET /linkmanSys/list.html HTTP/1.1" 304 0 "http://192.168.37.90/linkmanSys/list.html" "Mozilla/5.0 (Windows NT 10.0; WOW64) AppleWebKit/537.36 (KHTML, like Gecko) Chrome/90.0.4430.93 Safari/537.36"
192.168.37.91 - - [24/May/2021:12:18:47 +0800] "GET /linkmanSys/linkMan?method=findAll HTTP/1.1" 200 76 "http://192.168.37.90/linkmanSys/list.html" "Mozilla/5.0 (Windows NT 10.0; WOW64) AppleWebKit/537.36 (KHTML, like Gecko) Chrome/90.0.4430.93 Safari/537.36"
192.168.37.91 - - [24/May/2021:12:18:47 +0800] "GET /favicon.ico HTTP/1.1" 200 21630 "http://192.168.37.90/linkmanSys/list.html" "Mozilla/5.0 (Windows NT 10.0; WOW64) AppleWebKit/537.36 (KHTML, like Gecko) Chrome/90.0.4430.93 Safari/537.36"
192.168.37.91 - - [24/May/2021:12:18:47 +0800] "GET /linkmanSys/list.html HTTP/1.1" 304 0 "http://192.168.37.90/linkmanSys/list.html" "Mozilla/5.0 (Windows NT 10.0; WOW64) AppleWebKit/537.36 (KHTML, like Gecko) Chrome/90.0.4430.93 Safari/537.36"
192.168.37.91 - - [24/May/2021:12:18:47 +0800] "GET /linkmanSys/linkMan?method=findAll HTTP/1.1" 200 76 "http://192.168.37.90/linkmanSys/list.html" "Mozilla/5.0 (Windows NT 10.0; WOW64) AppleWebKit/537.36 (KHTML, like Gecko) Chrome/90.0.4430.93 Safari/537.36"
192.168.37.91 - - [24/May/2021:12:18:47 +0800] "GET /favicon.ico HTTP/1.1" 200 21630 "http://192.168.37.90/linkmanSys/list.html" "Mozilla/5.0 (Windows NT 10.0; WOW64) AppleWebKit/537.36 (KHTML, like Gecko) Chrome/90.0.4430.93 Safari/537.36"
192.168.37.91 - - [24/May/2021:12:18:47 +0800] "GET /linkmanSys/list.html HTTP/1.1" 304 0 "http://192.168.37.90/linkmanSys/list.html" "Mozilla/5.0 (Windows NT 10.0; WOW64) AppleWebKit/537.36 (KHTML, like Gecko) Chrome/90.0.4430.93 Safari/537.36"
192.168.37.91 - - [24/May/2021:12:18:47 +0800] "GET /linkmanSys/linkMan?method=findAll HTTP/1.1" 200 76 "http://192.168.37.90/linkmanSys/list.html" "Mozilla/5.0 (Windows NT 10.0; WOW64) AppleWebKit/537.36 (KHTML, like Gecko) Chrome/90.0.4430.93 Safari/537.36"
192.168.37.91 - - [24/May/2021:12:18:47 +0800] "GET /favicon.ico HTTP/1.1" 200 21630 "http://192.168.37.90/linkmanSys/list.html" "Mozilla/5.0 (Windows NT 10.0; WOW64) AppleWebKit/537.36 (KHTML, like Gecko) Chrome/90.0.4430.93 Safari/537.36"
192.168.37.70 - - [24/May/2021:12:18:47 +0800] "GET /linkmanSys/list.html HTTP/1.1" 304 0 "http://192.168.37.90/linkmanSys/" "Mozilla/5.0 (Windows NT 10.0; Win64; x64) AppleWebKit/537.36 (KHTML, like Gecko) Chrome/89.0.4389.114 Safari/537.36"
192.168.37.70 - - [24/May/2021:12:18:47 +0800] "GET /linkmanSys/linkMan?method=findAll HTTP/1.1" 200 76 "http://192.168.37.90/linkmanSys/list.html" "Mozilla/5.0 (Windows NT 10.0; Win64; x64) AppleWebKit/537.36 (KHTML, like Gecko) Chrome/89.0.4389.114 Safari/537.36"
192.168.37.70 - - [24/May/2021:12:18:47 +0800] "GET /favicon.ico HTTP/1.1" 200 21630 "http://192.168.37.90/linkmanSys/list.html" "Mozilla/5.0 (Windows NT 10.0; Win64; x64) AppleWebKit/537.36 (KHTML, like Gecko) Chrome/89.0.4389.114 Safari/537.36"
192.168.37.70 - - [24/May/2021:12:18:48 +0800] "GET /linkmanSys/list.html HTTP/1.1" 304 0 "http://192.168.37.90/linkmanSys/" "Mozilla/5.0 (Windows NT 10.0; Win64; x64) AppleWebKit/537.36 (KHTML, like Gecko) Chrome/89.0.4389.114 Safari/537.36"
192.168.37.70 - - [24/May/2021:12:18:48 +0800] "GET /linkmanSys/linkMan?method=findAll HTTP/1.1" 200 76 "http://192.168.37.90/linkmanSys/list.html" "Mozilla/5.0 (Windows NT 10.0; Win64; x64) AppleWebKit/537.36 (KHTML, like Gecko) Chrome/89.0.4389.114 Safari/537.36"
192.168.37.70 - - [24/May/2021:12:18:48 +0800] "GET /favicon.ico HTTP/1.1" 200 21630 "http://192.168.37.90/linkmanSys/list.html" "Mozilla/5.0 (Windows NT 10.0; Win64; x64) AppleWebKit/537.36 (KHTML, like Gecko) Chrome/89.0.4389.114 Safari/537.36"
192.168.37.70 - - [24/May/2021:12:18:48 +0800] "GET /linkmanSys/list.html HTTP/1.1" 304 0 "http://192.168.37.90/linkmanSys/" "Mozilla/5.0 (Windows NT 10.0; Win64; x64) AppleWebKit/537.36 (KHTML, like Gecko) Chrome/89.0.4389.114 Safari/537.36"
192.168.37.70 - - [24/May/2021:12:18:48 +0800] "GET /linkmanSys/linkMan?method=findAll HTTP/1.1" 200 76 "http://192.168.37.90/linkmanSys/list.html" "Mozilla/5.0 (Windows NT 10.0; Win64; x64) AppleWebKit/537.36 (KHTML, like Gecko) Chrome/89.0.4389.114 Safari/537.36"
192.168.37.70 - - [24/May/2021:12:18:48 +0800] "GET /favicon.ico HTTP/1.1" 200 21630 "http://192.168.37.90/linkmanSys/list.html" "Mozilla/5.0 (Windows NT 10.0; Win64; x64) AppleWebKit/537.36 (KHTML, like Gecko) Chrome/89.0.4389.114 Safari/537.36"
192.168.37.35 - - [24/May/2021:12:18:48 +0800] "GET /linkmanSys/list.html HTTP/1.1" 304 0 "http://192.168.37.90/linkmanSys/add.html" "Mozilla/5.0 (Windows NT 10.0; Win64; x64) AppleWebKit/537.36 (KHTML, like Gecko) Chrome/90.0.4430.93 Safari/537.36"
192.168.37.23 - - [24/May/2021:12:18:48 +0800] "POST /linkmanSys/linkMan?method=add HTTP/1.1" 200 61 "http://192.168.37.90/linkmanSys/add.html" "Mozilla/5.0 (Windows NT 10.0; WOW64) AppleWebKit/537.36 (KHTML, like Gecko) Chrome/86.0.4240.111 Safari/537.36"
192.168.37.35 - - [24/May/2021:12:18:48 +0800] "GET /linkmanSys/linkMan?method=findAll HTTP/1.1" 200 185 "http://192.168.37.90/linkmanSys/list.html" "Mozilla/5.0 (Windows NT 10.0; Win64; x64) AppleWebKit/537.36 (KHTML, like Gecko) Chrome/90.0.4430.93 Safari/537.36"
192.168.37.35 - - [24/May/2021:12:18:48 +0800] "GET /favicon.ico HTTP/1.1" 200 21630 "http://192.168.37.90/linkmanSys/list.html" "Mozilla/5.0 (Windows NT 10.0; Win64; x64) AppleWebKit/537.36 (KHTML, like Gecko) Chrome/90.0.4430.93 Safari/537.36"
192.168.37.70 - - [24/May/2021:12:18:48 +0800] "GET /linkmanSys/list.html HTTP/1.1" 304 0 "http://192.168.37.90/linkmanSys/" "Mozilla/5.0 (Windows NT 10.0; Win64; x64) AppleWebKit/537.36 (KHTML, like Gecko) Chrome/89.0.4389.114 Safari/537.36"
192.168.37.70 - - [24/May/2021:12:18:48 +0800] "GET /linkmanSys/linkMan?method=findAll HTTP/1.1" 200 185 "http://192.168.37.90/linkmanSys/list.html" "Mozilla/5.0 (Windows NT 10.0; Win64; x64) AppleWebKit/537.36 (KHTML, like Gecko) Chrome/89.0.4389.114 Safari/537.36"
192.168.37.70 - - [24/May/2021:12:18:48 +0800] "GET /favicon.ico HTTP/1.1" 200 21630 "http://192.168.37.90/linkmanSys/list.html" "Mozilla/5.0 (Windows NT 10.0; Win64; x64) AppleWebKit/537.36 (KHTML, like Gecko) Chrome/89.0.4389.114 Safari/537.36"
192.168.37.23 - - [24/May/2021:12:18:48 +0800] "GET /linkmanSys/linkMan?method=findAll HTTP/1.1" 200 185 "http://192.168.37.90/linkmanSys/list.html" "Mozilla/5.0 (Windows NT 10.0; WOW64) AppleWebKit/537.36 (KHTML, like Gecko) Chrome/86.0.4240.111 Safari/537.36"
192.168.37.62 - - [24/May/2021:12:18:48 +0800] "GET /linkmanSys/list.html HTTP/1.1" 200 3742 "http://192.168.37.90/linkmanSys/add.html" "Mozilla/5.0 (Macintosh; Intel Mac OS X 10_15_6) AppleWebKit/605.1.15 (KHTML, like Gecko) Version/14.0.3 Safari/605.1.15"
192.168.37.62 - - [24/May/2021:12:18:48 +0800] "GET /linkmanSys/linkMan?method=findAll HTTP/1.1" 200 185 "http://192.168.37.90/linkmanSys/list.html" "Mozilla/5.0 (Macintosh; Intel Mac OS X 10_15_6) AppleWebKit/605.1.15 (KHTML, like Gecko) Version/14.0.3 Safari/605.1.15"
192.168.37.70 - - [24/May/2021:12:18:48 +0800] "GET /linkmanSys/list.html HTTP/1.1" 304 0 "http://192.168.37.90/linkmanSys/" "Mozilla/5.0 (Windows NT 10.0; Win64; x64) AppleWebKit/537.36 (KHTML, like Gecko) Chrome/89.0.4389.114 Safari/537.36"
192.168.37.70 - - [24/May/2021:12:18:49 +0800] "GET /linkmanSys/linkMan?method=findAll HTTP/1.1" 200 185 "http://192.168.37.90/linkmanSys/list.html" "Mozilla/5.0 (Windows NT 10.0; Win64; x64) AppleWebKit/537.36 (KHTML, like Gecko) Chrome/89.0.4389.114 Safari/537.36"
192.168.37.70 - - [24/May/2021:12:18:49 +0800] "GET /favicon.ico HTTP/1.1" 200 21630 "http://192.168.37.90/linkmanSys/list.html" "Mozilla/5.0 (Windows NT 10.0; Win64; x64) AppleWebKit/537.36 (KHTML, like Gecko) Chrome/89.0.4389.114 Safari/537.36"
192.168.37.70 - - [24/May/2021:12:18:49 +0800] "GET /linkmanSys/list.html HTTP/1.1" 304 0 "http://192.168.37.90/linkmanSys/" "Mozilla/5.0 (Windows NT 10.0; Win64; x64) AppleWebKit/537.36 (KHTML, like Gecko) Chrome/89.0.4389.114 Safari/537.36"
192.168.37.70 - - [24/May/2021:12:18:49 +0800] "GET /linkmanSys/linkMan?method=findAll HTTP/1.1" 200 185 "http://192.168.37.90/linkmanSys/list.html" "Mozilla/5.0 (Windows NT 10.0; Win64; x64) AppleWebKit/537.36 (KHTML, like Gecko) Chrome/89.0.4389.114 Safari/537.36"
192.168.37.70 - - [24/May/2021:12:18:49 +0800] "GET /favicon.ico HTTP/1.1" 200 21630 "http://192.168.37.90/linkmanSys/list.html" "Mozilla/5.0 (Windows NT 10.0; Win64; x64) AppleWebKit/537.36 (KHTML, like Gecko) Chrome/89.0.4389.114 Safari/537.36"
192.168.37.50 - - [24/May/2021:12:18:49 +0800] "GET /linkmanSys/list.html HTTP/1.1" 304 0 "http://192.168.37.90/linkmanSys/" "Mozilla/5.0 (Windows NT 10.0; Win64; x64) AppleWebKit/537.36 (KHTML, like Gecko) Chrome/90.0.4430.212 Safari/537.36"
192.168.37.50 - - [24/May/2021:12:18:49 +0800] "GET /linkmanSys/linkMan?method=findAll HTTP/1.1" 200 185 "http://192.168.37.90/linkmanSys/list.html" "Mozilla/5.0 (Windows NT 10.0; Win64; x64) AppleWebKit/537.36 (KHTML, like Gecko) Chrome/90.0.4430.212 Safari/537.36"
192.168.37.50 - - [24/May/2021:12:18:49 +0800] "GET /favicon.ico HTTP/1.1" 200 21630 "http://192.168.37.90/linkmanSys/list.html" "Mozilla/5.0 (Windows NT 10.0; Win64; x64) AppleWebKit/537.36 (KHTML, like Gecko) Chrome/90.0.4430.212 Safari/537.36"
192.168.37.73 - - [24/May/2021:12:18:49 +0800] "GET /linkmanSys/linkMan?method=findPage HTTP/1.1" 200 2660 "http://192.168.37.90/linkmanSys/" "Mozilla/5.0 (Windows NT 10.0; Win64; x64) AppleWebKit/537.36 (KHTML, like Gecko) Chrome/90.0.4430.212 Safari/537.36 Edg/90.0.818.66"
192.168.37.91 - - [24/May/2021:12:18:50 +0800] "GET /linkmanSys/list.html HTTP/1.1" 304 0 "http://192.168.37.90/linkmanSys/list.html" "Mozilla/5.0 (Windows NT 10.0; WOW64) AppleWebKit/537.36 (KHTML, like Gecko) Chrome/90.0.4430.93 Safari/537.36"
192.168.37.91 - - [24/May/2021:12:18:50 +0800] "GET /favicon.ico HTTP/1.1" 200 21630 "http://192.168.37.90/linkmanSys/list.html" "Mozilla/5.0 (Windows NT 10.0; WOW64) AppleWebKit/537.36 (KHTML, like Gecko) Chrome/90.0.4430.93 Safari/537.36"
192.168.37.91 - - [24/May/2021:12:18:50 +0800] "GET /linkmanSys/linkMan?method=findAll HTTP/1.1" 200 185 "http://192.168.37.90/linkmanSys/list.html" "Mozilla/5.0 (Windows NT 10.0; WOW64) AppleWebKit/537.36 (KHTML, like Gecko) Chrome/90.0.4430.93 Safari/537.36"
192.168.37.43 - - [24/May/2021:12:18:50 +0800] "POST /linkmanSys/linkMan?method=add HTTP/1.1" 200 61 "http://192.168.37.90/linkmanSys/add.html" "Mozilla/5.0 (Windows NT 10.0; Win64; x64) AppleWebKit/537.36 (KHTML, like Gecko) Chrome/90.0.4430.93 Safari/537.36"
192.168.37.43 - - [24/May/2021:12:18:50 +0800] "GET /linkmanSys/linkMan?method=findAll HTTP/1.1" 200 303 "http://192.168.37.90/linkmanSys/list.html" "Mozilla/5.0 (Windows NT 10.0; Win64; x64) AppleWebKit/537.36 (KHTML, like Gecko) Chrome/90.0.4430.93 Safari/537.36"
192.168.37.38 - - [24/May/2021:12:18:50 +0800] "GET /linkmanSys/list.html HTTP/1.1" 304 0 "http://192.168.37.90/linkmanSys/" "Mozilla/5.0 (Windows NT 10.0; Win64; x64) AppleWebKit/537.36 (KHTML, like Gecko) Chrome/89.0.4389.90 Safari/537.36"
192.168.37.38 - - [24/May/2021:12:18:50 +0800] "GET /linkmanSys/linkMan?method=findAll HTTP/1.1" 200 303 "http://192.168.37.90/linkmanSys/list.html" "Mozilla/5.0 (Windows NT 10.0; Win64; x64) AppleWebKit/537.36 (KHTML, like Gecko) Chrome/89.0.4389.90 Safari/537.36"
192.168.37.38 - - [24/May/2021:12:18:50 +0800] "GET /favicon.ico HTTP/1.1" 200 21630 "http://192.168.37.90/linkmanSys/list.html" "Mozilla/5.0 (Windows NT 10.0; Win64; x64) AppleWebKit/537.36 (KHTML, like Gecko) Chrome/89.0.4389.90 Safari/537.36"
192.168.37.70 - - [24/May/2021:12:18:52 +0800] "GET /linkmanSys/linkMan?method=delete&id=184 HTTP/1.1" 200 49 "http://192.168.37.90/linkmanSys/list.html" "Mozilla/5.0 (Windows NT 10.0; Win64; x64) AppleWebKit/537.36 (KHTML, like Gecko) Chrome/89.0.4389.114 Safari/537.36"
192.168.37.74 - - [24/May/2021:12:18:52 +0800] "GET /linkmanSys/linkMan?method=findPage HTTP/1.1" 200 2667 "http://192.168.37.90/linkmanSys/" "Mozilla/5.0 (Windows NT 10.0; Win64; x64) AppleWebKit/537.36 (KHTML, like Gecko) Chrome/90.0.4430.212 Safari/537.36"
192.168.37.70 - - [24/May/2021:12:18:52 +0800] "GET /linkmanSys/linkMan?method=findAll HTTP/1.1" 200 192 "http://192.168.37.90/linkmanSys/list.html" "Mozilla/5.0 (Windows NT 10.0; Win64; x64) AppleWebKit/537.36 (KHTML, like Gecko) Chrome/89.0.4389.114 Safari/537.36"
192.168.37.91 - - [24/May/2021:12:18:52 +0800] "GET /linkmanSys/linkMan?method=delete&id=184 HTTP/1.1" 200 49 "http://192.168.37.90/linkmanSys/list.html" "Mozilla/5.0 (Windows NT 10.0; WOW64) AppleWebKit/537.36 (KHTML, like Gecko) Chrome/90.0.4430.93 Safari/537.36"
192.168.37.91 - - [24/May/2021:12:18:52 +0800] "GET /linkmanSys/linkMan?method=findAll HTTP/1.1" 200 192 "http://192.168.37.90/linkmanSys/list.html" "Mozilla/5.0 (Windows NT 10.0; WOW64) AppleWebKit/537.36 (KHTML, like Gecko) Chrome/90.0.4430.93 Safari/537.36"
192.168.37.58 - - [24/May/2021:12:18:52 +0800] "GET /linkmanSys/linkMan?method=findAll HTTP/1.1" 200 192 "http://192.168.37.90/linkmanSys/list.html" "Mozilla/5.0 (Windows NT 10.0; WOW64) AppleWebKit/537.36 (KHTML, like Gecko) Chrome/90.0.4430.72 Safari/537.36"
192.168.37.35 - - [24/May/2021:12:18:52 +0800] "GET /linkmanSys/list.html HTTP/1.1" 304 0 "http://192.168.37.90/linkmanSys/add.html" "Mozilla/5.0 (Windows NT 10.0; Win64; x64) AppleWebKit/537.36 (KHTML, like Gecko) Chrome/90.0.4430.93 Safari/537.36"
192.168.37.35 - - [24/May/2021:12:18:52 +0800] "GET /linkmanSys/linkMan?method=findAll HTTP/1.1" 200 192 "http://192.168.37.90/linkmanSys/list.html" "Mozilla/5.0 (Windows NT 10.0; Win64; x64) AppleWebKit/537.36 (KHTML, like Gecko) Chrome/90.0.4430.93 Safari/537.36"
192.168.37.35 - - [24/May/2021:12:18:52 +0800] "GET /favicon.ico HTTP/1.1" 200 21630 "http://192.168.37.90/linkmanSys/list.html" "Mozilla/5.0 (Windows NT 10.0; Win64; x64) AppleWebKit/537.36 (KHTML, like Gecko) Chrome/90.0.4430.93 Safari/537.36"
192.168.37.38 - - [24/May/2021:12:18:53 +0800] "GET /linkmanSys/list.html HTTP/1.1" 304 0 "http://192.168.37.90/linkmanSys/" "Mozilla/5.0 (Windows NT 10.0; Win64; x64) AppleWebKit/537.36 (KHTML, like Gecko) Chrome/89.0.4389.90 Safari/537.36"
192.168.37.38 - - [24/May/2021:12:18:53 +0800] "GET /linkmanSys/linkMan?method=findAll HTTP/1.1" 200 192 "http://192.168.37.90/linkmanSys/list.html" "Mozilla/5.0 (Windows NT 10.0; Win64; x64) AppleWebKit/537.36 (KHTML, like Gecko) Chrome/89.0.4389.90 Safari/537.36"
192.168.37.38 - - [24/May/2021:12:18:53 +0800] "GET /favicon.ico HTTP/1.1" 200 21630 "http://192.168.37.90/linkmanSys/list.html" "Mozilla/5.0 (Windows NT 10.0; Win64; x64) AppleWebKit/537.36 (KHTML, like Gecko) Chrome/89.0.4389.90 Safari/537.36"
192.168.37.91 - - [24/May/2021:12:18:54 +0800] "GET /linkmanSys/linkMan?method=delete&id=185 HTTP/1.1" 200 49 "http://192.168.37.90/linkmanSys/list.html" "Mozilla/5.0 (Windows NT 10.0; WOW64) AppleWebKit/537.36 (KHTML, like Gecko) Chrome/90.0.4430.93 Safari/537.36"
192.168.37.91 - - [24/May/2021:12:18:54 +0800] "GET /linkmanSys/linkMan?method=findAll HTTP/1.1" 200 76 "http://192.168.37.90/linkmanSys/list.html" "Mozilla/5.0 (Windows NT 10.0; WOW64) AppleWebKit/537.36 (KHTML, like Gecko) Chrome/90.0.4430.93 Safari/537.36"
192.168.37.38 - - [24/May/2021:12:18:54 +0800] "GET /linkmanSys/list.html HTTP/1.1" 304 0 "http://192.168.37.90/linkmanSys/" "Mozilla/5.0 (Windows NT 10.0; Win64; x64) AppleWebKit/537.36 (KHTML, like Gecko) Chrome/89.0.4389.90 Safari/537.36"
192.168.37.62 - - [24/May/2021:12:18:54 +0800] "GET /linkmanSys/list.html HTTP/1.1" 200 3742 "http://192.168.37.90/linkmanSys/add.html" "Mozilla/5.0 (Macintosh; Intel Mac OS X 10_15_6) AppleWebKit/605.1.15 (KHTML, like Gecko) Version/14.0.3 Safari/605.1.15"
192.168.37.38 - - [24/May/2021:12:18:54 +0800] "GET /linkmanSys/linkMan?method=findAll HTTP/1.1" 200 76 "http://192.168.37.90/linkmanSys/list.html" "Mozilla/5.0 (Windows NT 10.0; Win64; x64) AppleWebKit/537.36 (KHTML, like Gecko) Chrome/89.0.4389.90 Safari/537.36"
192.168.37.62 - - [24/May/2021:12:18:54 +0800] "GET /linkmanSys/linkMan?method=findAll HTTP/1.1" 200 76 "http://192.168.37.90/linkmanSys/list.html" "Mozilla/5.0 (Macintosh; Intel Mac OS X 10_15_6) AppleWebKit/605.1.15 (KHTML, like Gecko) Version/14.0.3 Safari/605.1.15"
192.168.37.38 - - [24/May/2021:12:18:54 +0800] "GET /favicon.ico HTTP/1.1" 200 21630 "http://192.168.37.90/linkmanSys/list.html" "Mozilla/5.0 (Windows NT 10.0; Win64; x64) AppleWebKit/537.36 (KHTML, like Gecko) Chrome/89.0.4389.90 Safari/537.36"
192.168.37.23 - - [24/May/2021:12:18:54 +0800] "GET /linkmanSys/list.html HTTP/1.1" 304 0 "http://192.168.37.90/linkmanSys/add.html" "Mozilla/5.0 (Windows NT 10.0; WOW64) AppleWebKit/537.36 (KHTML, like Gecko) Chrome/86.0.4240.111 Safari/537.36"
192.168.37.23 - - [24/May/2021:12:18:54 +0800] "GET /linkmanSys/linkMan?method=findAll HTTP/1.1" 200 76 "http://192.168.37.90/linkmanSys/list.html" "Mozilla/5.0 (Windows NT 10.0; WOW64) AppleWebKit/537.36 (KHTML, like Gecko) Chrome/86.0.4240.111 Safari/537.36"
192.168.37.23 - - [24/May/2021:12:18:54 +0800] "GET /favicon.ico HTTP/1.1" 200 21630 "http://192.168.37.90/linkmanSys/list.html" "Mozilla/5.0 (Windows NT 10.0; WOW64) AppleWebKit/537.36 (KHTML, like Gecko) Chrome/86.0.4240.111 Safari/537.36"
192.168.37.70 - - [24/May/2021:12:18:54 +0800] "GET /linkmanSys/linkMan?method=delete&id=185 HTTP/1.1" 200 49 "http://192.168.37.90/linkmanSys/list.html" "Mozilla/5.0 (Windows NT 10.0; Win64; x64) AppleWebKit/537.36 (KHTML, like Gecko) Chrome/89.0.4389.114 Safari/537.36"
192.168.37.70 - - [24/May/2021:12:18:54 +0800] "GET /linkmanSys/linkMan?method=findAll HTTP/1.1" 200 76 "http://192.168.37.90/linkmanSys/list.html" "Mozilla/5.0 (Windows NT 10.0; Win64; x64) AppleWebKit/537.36 (KHTML, like Gecko) Chrome/89.0.4389.114 Safari/537.36"
192.168.37.38 - - [24/May/2021:12:18:54 +0800] "GET /linkmanSys/list.html HTTP/1.1" 304 0 "http://192.168.37.90/linkmanSys/" "Mozilla/5.0 (Windows NT 10.0; Win64; x64) AppleWebKit/537.36 (KHTML, like Gecko) Chrome/89.0.4389.90 Safari/537.36"
192.168.37.38 - - [24/May/2021:12:18:55 +0800] "GET /linkmanSys/linkMan?method=findAll HTTP/1.1" 200 76 "http://192.168.37.90/linkmanSys/list.html" "Mozilla/5.0 (Windows NT 10.0; Win64; x64) AppleWebKit/537.36 (KHTML, like Gecko) Chrome/89.0.4389.90 Safari/537.36"
192.168.37.38 - - [24/May/2021:12:18:55 +0800] "GET /favicon.ico HTTP/1.1" 200 21630 "http://192.168.37.90/linkmanSys/list.html" "Mozilla/5.0 (Windows NT 10.0; Win64; x64) AppleWebKit/537.36 (KHTML, like Gecko) Chrome/89.0.4389.90 Safari/537.36"
192.168.37.23 - - [24/May/2021:12:18:55 +0800] "GET /linkmanSys/list.html HTTP/1.1" 304 0 "http://192.168.37.90/linkmanSys/add.html" "Mozilla/5.0 (Windows NT 10.0; WOW64) AppleWebKit/537.36 (KHTML, like Gecko) Chrome/86.0.4240.111 Safari/537.36"
192.168.37.23 - - [24/May/2021:12:18:55 +0800] "GET /linkmanSys/linkMan?method=findAll HTTP/1.1" 200 76 "http://192.168.37.90/linkmanSys/list.html" "Mozilla/5.0 (Windows NT 10.0; WOW64) AppleWebKit/537.36 (KHTML, like Gecko) Chrome/86.0.4240.111 Safari/537.36"
192.168.37.23 - - [24/May/2021:12:18:55 +0800] "GET /favicon.ico HTTP/1.1" 200 21630 "http://192.168.37.90/linkmanSys/list.html" "Mozilla/5.0 (Windows NT 10.0; WOW64) AppleWebKit/537.36 (KHTML, like Gecko) Chrome/86.0.4240.111 Safari/537.36"
192.168.37.38 - - [24/May/2021:12:18:55 +0800] "GET /linkmanSys/list.html HTTP/1.1" 304 0 "http://192.168.37.90/linkmanSys/" "Mozilla/5.0 (Windows NT 10.0; Win64; x64) AppleWebKit/537.36 (KHTML, like Gecko) Chrome/89.0.4389.90 Safari/537.36"
192.168.37.91 - - [24/May/2021:12:18:55 +0800] "GET /linkmanSys/list.html HTTP/1.1" 304 0 "http://192.168.37.90/linkmanSys/list.html" "Mozilla/5.0 (Windows NT 10.0; WOW64) AppleWebKit/537.36 (KHTML, like Gecko) Chrome/90.0.4430.93 Safari/537.36"
192.168.37.38 - - [24/May/2021:12:18:55 +0800] "GET /linkmanSys/linkMan?method=findAll HTTP/1.1" 200 76 "http://192.168.37.90/linkmanSys/list.html" "Mozilla/5.0 (Windows NT 10.0; Win64; x64) AppleWebKit/537.36 (KHTML, like Gecko) Chrome/89.0.4389.90 Safari/537.36"
192.168.37.91 - - [24/May/2021:12:18:55 +0800] "GET /linkmanSys/linkMan?method=findAll HTTP/1.1" 200 76 "http://192.168.37.90/linkmanSys/list.html" "Mozilla/5.0 (Windows NT 10.0; WOW64) AppleWebKit/537.36 (KHTML, like Gecko) Chrome/90.0.4430.93 Safari/537.36"
192.168.37.91 - - [24/May/2021:12:18:55 +0800] "GET /favicon.ico HTTP/1.1" 200 21630 "http://192.168.37.90/linkmanSys/list.html" "Mozilla/5.0 (Windows NT 10.0; WOW64) AppleWebKit/537.36 (KHTML, like Gecko) Chrome/90.0.4430.93 Safari/537.36"
192.168.37.38 - - [24/May/2021:12:18:55 +0800] "GET /favicon.ico HTTP/1.1" 200 21630 "http://192.168.37.90/linkmanSys/list.html" "Mozilla/5.0 (Windows NT 10.0; Win64; x64) AppleWebKit/537.36 (KHTML, like Gecko) Chrome/89.0.4389.90 Safari/537.36"
192.168.37.38 - - [24/May/2021:12:18:56 +0800] "GET /linkmanSys/list.html HTTP/1.1" 304 0 "http://192.168.37.90/linkmanSys/" "Mozilla/5.0 (Windows NT 10.0; Win64; x64) AppleWebKit/537.36 (KHTML, like Gecko) Chrome/89.0.4389.90 Safari/537.36"
192.168.37.91 - - [24/May/2021:12:18:56 +0800] "GET /linkmanSys/list.html HTTP/1.1" 304 0 "http://192.168.37.90/linkmanSys/list.html" "Mozilla/5.0 (Windows NT 10.0; WOW64) AppleWebKit/537.36 (KHTML, like Gecko) Chrome/90.0.4430.93 Safari/537.36"
192.168.37.91 - - [24/May/2021:12:18:56 +0800] "GET /linkmanSys/linkMan?method=findAll HTTP/1.1" 200 76 "http://192.168.37.90/linkmanSys/list.html" "Mozilla/5.0 (Windows NT 10.0; WOW64) AppleWebKit/537.36 (KHTML, like Gecko) Chrome/90.0.4430.93 Safari/537.36"
192.168.37.38 - - [24/May/2021:12:18:56 +0800] "GET /linkmanSys/linkMan?method=findAll HTTP/1.1" 200 76 "http://192.168.37.90/linkmanSys/list.html" "Mozilla/5.0 (Windows NT 10.0; Win64; x64) AppleWebKit/537.36 (KHTML, like Gecko) Chrome/89.0.4389.90 Safari/537.36"
192.168.37.91 - - [24/May/2021:12:18:56 +0800] "GET /favicon.ico HTTP/1.1" 200 21630 "http://192.168.37.90/linkmanSys/list.html" "Mozilla/5.0 (Windows NT 10.0; WOW64) AppleWebKit/537.36 (KHTML, like Gecko) Chrome/90.0.4430.93 Safari/537.36"
192.168.37.38 - - [24/May/2021:12:18:56 +0800] "GET /favicon.ico HTTP/1.1" 200 21630 "http://192.168.37.90/linkmanSys/list.html" "Mozilla/5.0 (Windows NT 10.0; Win64; x64) AppleWebKit/537.36 (KHTML, like Gecko) Chrome/89.0.4389.90 Safari/537.36"
192.168.37.74 - - [24/May/2021:12:18:57 +0800] "GET /linkmanSys/linkMan?method=findAll HTTP/1.1" 200 76 "http://192.168.37.90/linkmanSys/list.html" "Mozilla/5.0 (Windows NT 10.0; Win64; x64) AppleWebKit/537.36 (KHTML, like Gecko) Chrome/90.0.4430.212 Safari/537.36"
192.168.37.38 - - [24/May/2021:12:18:57 +0800] "GET /linkmanSys/list.html HTTP/1.1" 304 0 "http://192.168.37.90/linkmanSys/" "Mozilla/5.0 (Windows NT 10.0; Win64; x64) AppleWebKit/537.36 (KHTML, like Gecko) Chrome/89.0.4389.90 Safari/537.36"
192.168.37.62 - - [24/May/2021:12:18:57 +0800] "GET /linkmanSys/list.html HTTP/1.1" 200 3742 "http://192.168.37.90/linkmanSys/add.html" "Mozilla/5.0 (Macintosh; Intel Mac OS X 10_15_6) AppleWebKit/605.1.15 (KHTML, like Gecko) Version/14.0.3 Safari/605.1.15"
192.168.37.62 - - [24/May/2021:12:18:57 +0800] "GET /linkmanSys/linkMan?method=findAll HTTP/1.1" 200 76 "http://192.168.37.90/linkmanSys/list.html" "Mozilla/5.0 (Macintosh; Intel Mac OS X 10_15_6) AppleWebKit/605.1.15 (KHTML, like Gecko) Version/14.0.3 Safari/605.1.15"
192.168.37.38 - - [24/May/2021:12:18:57 +0800] "GET /linkmanSys/linkMan?method=findAll HTTP/1.1" 200 76 "http://192.168.37.90/linkmanSys/list.html" "Mozilla/5.0 (Windows NT 10.0; Win64; x64) AppleWebKit/537.36 (KHTML, like Gecko) Chrome/89.0.4389.90 Safari/537.36"
192.168.37.38 - - [24/May/2021:12:18:57 +0800] "GET /favicon.ico HTTP/1.1" 200 21630 "http://192.168.37.90/linkmanSys/list.html" "Mozilla/5.0 (Windows NT 10.0; Win64; x64) AppleWebKit/537.36 (KHTML, like Gecko) Chrome/89.0.4389.90 Safari/537.36"
192.168.37.37 - - [24/May/2021:12:18:57 +0800] "GET /linkmanSys/list.html HTTP/1.1" 200 3742 "-" "Mozilla/5.0 (Windows NT 10.0; Win64; x64) AppleWebKit/537.36 (KHTML, like Gecko) Chrome/89.0.4389.114 Safari/537.36"
192.168.37.37 - - [24/May/2021:12:18:57 +0800] "GET /linkmanSys/js/axios-0.18.0.js HTTP/1.1" 200 12948 "http://192.168.37.90/linkmanSys/list.html" "Mozilla/5.0 (Windows NT 10.0; Win64; x64) AppleWebKit/537.36 (KHTML, like Gecko) Chrome/89.0.4389.114 Safari/537.36"
192.168.37.37 - - [24/May/2021:12:18:57 +0800] "GET /linkmanSys/js/bootstrap.min.js HTTP/1.1" 200 37045 "http://192.168.37.90/linkmanSys/list.html" "Mozilla/5.0 (Windows NT 10.0; Win64; x64) AppleWebKit/537.36 (KHTML, like Gecko) Chrome/89.0.4389.114 Safari/537.36"
192.168.37.37 - - [24/May/2021:12:18:57 +0800] "GET /linkmanSys/css/bootstrap.min.css HTTP/1.1" 200 121200 "http://192.168.37.90/linkmanSys/list.html" "Mozilla/5.0 (Windows NT 10.0; Win64; x64) AppleWebKit/537.36 (KHTML, like Gecko) Chrome/89.0.4389.114 Safari/537.36"
192.168.37.37 - - [24/May/2021:12:18:57 +0800] "GET /linkmanSys/js/jquery-2.1.0.min.js HTTP/1.1" 200 83617 "http://192.168.37.90/linkmanSys/list.html" "Mozilla/5.0 (Windows NT 10.0; Win64; x64) AppleWebKit/537.36 (KHTML, like Gecko) Chrome/89.0.4389.114 Safari/537.36"
192.168.37.37 - - [24/May/2021:12:18:57 +0800] "GET /linkmanSys/js/vuejs-2.5.16.js HTTP/1.1" 200 300248 "http://192.168.37.90/linkmanSys/list.html" "Mozilla/5.0 (Windows NT 10.0; Win64; x64) AppleWebKit/537.36 (KHTML, like Gecko) Chrome/89.0.4389.114 Safari/537.36"
192.168.37.35 - - [24/May/2021:12:18:57 +0800] "GET /linkmanSys/list.html HTTP/1.1" 304 0 "-" "Mozilla/5.0 (Windows NT 10.0; Win64; x64) AppleWebKit/537.36 (KHTML, like Gecko) Chrome/90.0.4430.93 Safari/537.36"
192.168.37.37 - - [24/May/2021:12:18:57 +0800] "GET /linkmanSys/linkMan?method=findAll HTTP/1.1" 200 76 "http://192.168.37.90/linkmanSys/list.html" "Mozilla/5.0 (Windows NT 10.0; Win64; x64) AppleWebKit/537.36 (KHTML, like Gecko) Chrome/89.0.4389.114 Safari/537.36"
192.168.37.37 - - [24/May/2021:12:18:57 +0800] "GET /favicon.ico HTTP/1.1" 200 21630 "http://192.168.37.90/linkmanSys/list.html" "Mozilla/5.0 (Windows NT 10.0; Win64; x64) AppleWebKit/537.36 (KHTML, like Gecko) Chrome/89.0.4389.114 Safari/537.36"
192.168.37.35 - - [24/May/2021:12:18:57 +0800] "GET /linkmanSys/linkMan?method=findAll HTTP/1.1" 200 76 "http://192.168.37.90/linkmanSys/list.html" "Mozilla/5.0 (Windows NT 10.0; Win64; x64) AppleWebKit/537.36 (KHTML, like Gecko) Chrome/90.0.4430.93 Safari/537.36"
192.168.37.35 - - [24/May/2021:12:18:57 +0800] "GET /favicon.ico HTTP/1.1" 200 21630 "http://192.168.37.90/linkmanSys/list.html" "Mozilla/5.0 (Windows NT 10.0; Win64; x64) AppleWebKit/537.36 (KHTML, like Gecko) Chrome/90.0.4430.93 Safari/537.36"
192.168.37.29 - - [24/May/2021:12:18:58 +0800] "POST /linkmanSys/linkMan?method=add HTTP/1.1" 200 61 "http://192.168.37.90/linkmanSys/add.html" "Mozilla/5.0 (Windows NT 10.0; Win64; x64) AppleWebKit/537.36 (KHTML, like Gecko) Chrome/90.0.4430.212 Safari/537.36"
192.168.37.29 - - [24/May/2021:12:18:58 +0800] "GET /linkmanSys/linkMan?method=findAll HTTP/1.1" 200 199 "http://192.168.37.90/linkmanSys/list.html" "Mozilla/5.0 (Windows NT 10.0; Win64; x64) AppleWebKit/537.36 (KHTML, like Gecko) Chrome/90.0.4430.212 Safari/537.36"
192.168.37.58 - - [24/May/2021:12:18:58 +0800] "GET /linkmanSys/linkMan?method=findAll HTTP/1.1" 200 199 "http://192.168.37.90/linkmanSys/list.html" "Mozilla/5.0 (Windows NT 10.0; WOW64) AppleWebKit/537.36 (KHTML, like Gecko) Chrome/90.0.4430.72 Safari/537.36"
192.168.37.84 - - [24/May/2021:12:18:58 +0800] "GET /linkmanSys/list.html HTTP/1.1" 304 0 "http://192.168.37.90/linkmanSys/add.html" "Mozilla/5.0 (Windows NT 10.0; WOW64) AppleWebKit/537.36 (KHTML, like Gecko) Chrome/89.0.4389.114 Safari/537.36"
192.168.37.84 - - [24/May/2021:12:18:58 +0800] "GET /linkmanSys/linkMan?method=findAll HTTP/1.1" 200 199 "http://192.168.37.90/linkmanSys/list.html" "Mozilla/5.0 (Windows NT 10.0; WOW64) AppleWebKit/537.36 (KHTML, like Gecko) Chrome/89.0.4389.114 Safari/537.36"
192.168.37.84 - - [24/May/2021:12:18:58 +0800] "GET /favicon.ico HTTP/1.1" 200 21630 "http://192.168.37.90/linkmanSys/list.html" "Mozilla/5.0 (Windows NT 10.0; WOW64) AppleWebKit/537.36 (KHTML, like Gecko) Chrome/89.0.4389.114 Safari/537.36"
192.168.37.50 - - [24/May/2021:12:18:58 +0800] "GET /linkmanSys/list.html HTTP/1.1" 304 0 "http://192.168.37.90/linkmanSys/" "Mozilla/5.0 (Windows NT 10.0; Win64; x64) AppleWebKit/537.36 (KHTML, like Gecko) Chrome/90.0.4430.212 Safari/537.36"
192.168.37.50 - - [24/May/2021:12:18:58 +0800] "GET /linkmanSys/linkMan?method=findAll HTTP/1.1" 200 199 "http://192.168.37.90/linkmanSys/list.html" "Mozilla/5.0 (Windows NT 10.0; Win64; x64) AppleWebKit/537.36 (KHTML, like Gecko) Chrome/90.0.4430.212 Safari/537.36"
192.168.37.50 - - [24/May/2021:12:18:58 +0800] "GET /favicon.ico HTTP/1.1" 200 21630 "http://192.168.37.90/linkmanSys/list.html" "Mozilla/5.0 (Windows NT 10.0; Win64; x64) AppleWebKit/537.36 (KHTML, like Gecko) Chrome/90.0.4430.212 Safari/537.36"
192.168.37.91 - - [24/May/2021:12:18:59 +0800] "GET /linkmanSys/list.html HTTP/1.1" 304 0 "http://192.168.37.90/linkmanSys/list.html" "Mozilla/5.0 (Windows NT 10.0; WOW64) AppleWebKit/537.36 (KHTML, like Gecko) Chrome/90.0.4430.93 Safari/537.36"
192.168.37.91 - - [24/May/2021:12:18:59 +0800] "GET /linkmanSys/linkMan?method=findAll HTTP/1.1" 200 199 "http://192.168.37.90/linkmanSys/list.html" "Mozilla/5.0 (Windows NT 10.0; WOW64) AppleWebKit/537.36 (KHTML, like Gecko) Chrome/90.0.4430.93 Safari/537.36"
192.168.37.91 - - [24/May/2021:12:18:59 +0800] "GET /favicon.ico HTTP/1.1" 200 21630 "http://192.168.37.90/linkmanSys/list.html" "Mozilla/5.0 (Windows NT 10.0; WOW64) AppleWebKit/537.36 (KHTML, like Gecko) Chrome/90.0.4430.93 Safari/537.36"
192.168.37.91 - - [24/May/2021:12:18:59 +0800] "GET /linkmanSys/list.html HTTP/1.1" 304 0 "http://192.168.37.90/linkmanSys/list.html" "Mozilla/5.0 (Windows NT 10.0; WOW64) AppleWebKit/537.36 (KHTML, like Gecko) Chrome/90.0.4430.93 Safari/537.36"
192.168.37.91 - - [24/May/2021:12:18:59 +0800] "GET /linkmanSys/linkMan?method=findAll HTTP/1.1" 200 199 "http://192.168.37.90/linkmanSys/list.html" "Mozilla/5.0 (Windows NT 10.0; WOW64) AppleWebKit/537.36 (KHTML, like Gecko) Chrome/90.0.4430.93 Safari/537.36"
192.168.37.91 - - [24/May/2021:12:18:59 +0800] "GET /favicon.ico HTTP/1.1" 200 21630 "http://192.168.37.90/linkmanSys/list.html" "Mozilla/5.0 (Windows NT 10.0; WOW64) AppleWebKit/537.36 (KHTML, like Gecko) Chrome/90.0.4430.93 Safari/537.36"
192.168.37.29 - - [24/May/2021:12:18:59 +0800] "GET /linkmanSys/list.html HTTP/1.1" 304 0 "http://192.168.37.90/linkmanSys/add.html" "Mozilla/5.0 (Windows NT 10.0; Win64; x64) AppleWebKit/537.36 (KHTML, like Gecko) Chrome/90.0.4430.212 Safari/537.36"
192.168.37.29 - - [24/May/2021:12:18:59 +0800] "GET /linkmanSys/linkMan?method=findAll HTTP/1.1" 200 199 "http://192.168.37.90/linkmanSys/list.html" "Mozilla/5.0 (Windows NT 10.0; Win64; x64) AppleWebKit/537.36 (KHTML, like Gecko) Chrome/90.0.4430.212 Safari/537.36"
192.168.37.29 - - [24/May/2021:12:18:59 +0800] "GET /favicon.ico HTTP/1.1" 200 21630 "http://192.168.37.90/linkmanSys/list.html" "Mozilla/5.0 (Windows NT 10.0; Win64; x64) AppleWebKit/537.36 (KHTML, like Gecko) Chrome/90.0.4430.212 Safari/537.36"
192.168.37.29 - - [24/May/2021:12:18:59 +0800] "GET /linkmanSys/list.html HTTP/1.1" 304 0 "http://192.168.37.90/linkmanSys/add.html" "Mozilla/5.0 (Windows NT 10.0; Win64; x64) AppleWebKit/537.36 (KHTML, like Gecko) Chrome/90.0.4430.212 Safari/537.36"
192.168.37.29 - - [24/May/2021:12:18:59 +0800] "GET /linkmanSys/linkMan?method=findAll HTTP/1.1" 200 199 "http://192.168.37.90/linkmanSys/list.html" "Mozilla/5.0 (Windows NT 10.0; Win64; x64) AppleWebKit/537.36 (KHTML, like Gecko) Chrome/90.0.4430.212 Safari/537.36"
192.168.37.29 - - [24/May/2021:12:18:59 +0800] "GET /favicon.ico HTTP/1.1" 200 21630 "http://192.168.37.90/linkmanSys/list.html" "Mozilla/5.0 (Windows NT 10.0; Win64; x64) AppleWebKit/537.36 (KHTML, like Gecko) Chrome/90.0.4430.212 Safari/537.36"
192.168.37.84 - - [24/May/2021:12:18:59 +0800] "GET /linkmanSys/list.html HTTP/1.1" 304 0 "http://192.168.37.90/linkmanSys/add.html" "Mozilla/5.0 (Windows NT 10.0; WOW64) AppleWebKit/537.36 (KHTML, like Gecko) Chrome/89.0.4389.114 Safari/537.36"
192.168.37.74 - - [24/May/2021:12:18:59 +0800] "GET /linkmanSys/linkMan?method=findAll HTTP/1.1" 200 199 "http://192.168.37.90/linkmanSys/list.html" "Mozilla/5.0 (Windows NT 10.0; Win64; x64) AppleWebKit/537.36 (KHTML, like Gecko) Chrome/90.0.4430.212 Safari/537.36"
192.168.37.84 - - [24/May/2021:12:18:59 +0800] "GET /linkmanSys/linkMan?method=findAll HTTP/1.1" 200 199 "http://192.168.37.90/linkmanSys/list.html" "Mozilla/5.0 (Windows NT 10.0; WOW64) AppleWebKit/537.36 (KHTML, like Gecko) Chrome/89.0.4389.114 Safari/537.36"
192.168.37.84 - - [24/May/2021:12:18:59 +0800] "GET /favicon.ico HTTP/1.1" 200 21630 "http://192.168.37.90/linkmanSys/list.html" "Mozilla/5.0 (Windows NT 10.0; WOW64) AppleWebKit/537.36 (KHTML, like Gecko) Chrome/89.0.4389.114 Safari/537.36"
192.168.37.29 - - [24/May/2021:12:18:59 +0800] "GET /linkmanSys/list.html HTTP/1.1" 304 0 "http://192.168.37.90/linkmanSys/add.html" "Mozilla/5.0 (Windows NT 10.0; Win64; x64) AppleWebKit/537.36 (KHTML, like Gecko) Chrome/90.0.4430.212 Safari/537.36"
192.168.37.29 - - [24/May/2021:12:18:59 +0800] "GET /linkmanSys/linkMan?method=findAll HTTP/1.1" 200 199 "http://192.168.37.90/linkmanSys/list.html" "Mozilla/5.0 (Windows NT 10.0; Win64; x64) AppleWebKit/537.36 (KHTML, like Gecko) Chrome/90.0.4430.212 Safari/537.36"
192.168.37.29 - - [24/May/2021:12:18:59 +0800] "GET /favicon.ico HTTP/1.1" 200 21630 "http://192.168.37.90/linkmanSys/list.html" "Mozilla/5.0 (Windows NT 10.0; Win64; x64) AppleWebKit/537.36 (KHTML, like Gecko) Chrome/90.0.4430.212 Safari/537.36"
192.168.37.29 - - [24/May/2021:12:19:00 +0800] "GET /linkmanSys/list.html HTTP/1.1" 304 0 "http://192.168.37.90/linkmanSys/add.html" "Mozilla/5.0 (Windows NT 10.0; Win64; x64) AppleWebKit/537.36 (KHTML, like Gecko) Chrome/90.0.4430.212 Safari/537.36"
192.168.37.29 - - [24/May/2021:12:19:00 +0800] "GET /linkmanSys/linkMan?method=findAll HTTP/1.1" 200 199 "http://192.168.37.90/linkmanSys/list.html" "Mozilla/5.0 (Windows NT 10.0; Win64; x64) AppleWebKit/537.36 (KHTML, like Gecko) Chrome/90.0.4430.212 Safari/537.36"
192.168.37.29 - - [24/May/2021:12:19:00 +0800] "GET /favicon.ico HTTP/1.1" 200 21630 "http://192.168.37.90/linkmanSys/list.html" "Mozilla/5.0 (Windows NT 10.0; Win64; x64) AppleWebKit/537.36 (KHTML, like Gecko) Chrome/90.0.4430.212 Safari/537.36"
192.168.37.50 - - [24/May/2021:12:19:00 +0800] "GET /linkmanSys/list.html HTTP/1.1" 304 0 "http://192.168.37.90/linkmanSys/" "Mozilla/5.0 (Windows NT 10.0; Win64; x64) AppleWebKit/537.36 (KHTML, like Gecko) Chrome/90.0.4430.212 Safari/537.36"
192.168.37.50 - - [24/May/2021:12:19:00 +0800] "GET /linkmanSys/linkMan?method=findAll HTTP/1.1" 200 199 "http://192.168.37.90/linkmanSys/list.html" "Mozilla/5.0 (Windows NT 10.0; Win64; x64) AppleWebKit/537.36 (KHTML, like Gecko) Chrome/90.0.4430.212 Safari/537.36"
192.168.37.50 - - [24/May/2021:12:19:00 +0800] "GET /favicon.ico HTTP/1.1" 200 21630 "http://192.168.37.90/linkmanSys/list.html" "Mozilla/5.0 (Windows NT 10.0; Win64; x64) AppleWebKit/537.36 (KHTML, like Gecko) Chrome/90.0.4430.212 Safari/537.36"
192.168.37.29 - - [24/May/2021:12:19:00 +0800] "GET /linkmanSys/list.html HTTP/1.1" 304 0 "http://192.168.37.90/linkmanSys/add.html" "Mozilla/5.0 (Windows NT 10.0; Win64; x64) AppleWebKit/537.36 (KHTML, like Gecko) Chrome/90.0.4430.212 Safari/537.36"
192.168.37.29 - - [24/May/2021:12:19:00 +0800] "GET /linkmanSys/linkMan?method=findAll HTTP/1.1" 200 199 "http://192.168.37.90/linkmanSys/list.html" "Mozilla/5.0 (Windows NT 10.0; Win64; x64) AppleWebKit/537.36 (KHTML, like Gecko) Chrome/90.0.4430.212 Safari/537.36"
192.168.37.29 - - [24/May/2021:12:19:00 +0800] "GET /favicon.ico HTTP/1.1" 200 21630 "http://192.168.37.90/linkmanSys/list.html" "Mozilla/5.0 (Windows NT 10.0; Win64; x64) AppleWebKit/537.36 (KHTML, like Gecko) Chrome/90.0.4430.212 Safari/537.36"
192.168.37.29 - - [24/May/2021:12:19:00 +0800] "GET /linkmanSys/list.html HTTP/1.1" 304 0 "http://192.168.37.90/linkmanSys/add.html" "Mozilla/5.0 (Windows NT 10.0; Win64; x64) AppleWebKit/537.36 (KHTML, like Gecko) Chrome/90.0.4430.212 Safari/537.36"
192.168.37.29 - - [24/May/2021:12:19:00 +0800] "GET /linkmanSys/linkMan?method=findAll HTTP/1.1" 200 199 "http://192.168.37.90/linkmanSys/list.html" "Mozilla/5.0 (Windows NT 10.0; Win64; x64) AppleWebKit/537.36 (KHTML, like Gecko) Chrome/90.0.4430.212 Safari/537.36"
192.168.37.29 - - [24/May/2021:12:19:00 +0800] "GET /favicon.ico HTTP/1.1" 200 21630 "http://192.168.37.90/linkmanSys/list.html" "Mozilla/5.0 (Windows NT 10.0; Win64; x64) AppleWebKit/537.36 (KHTML, like Gecko) Chrome/90.0.4430.212 Safari/537.36"
192.168.37.84 - - [24/May/2021:12:19:00 +0800] "GET /linkmanSys/list.html HTTP/1.1" 304 0 "http://192.168.37.90/linkmanSys/add.html" "Mozilla/5.0 (Windows NT 10.0; WOW64) AppleWebKit/537.36 (KHTML, like Gecko) Chrome/89.0.4389.114 Safari/537.36"
192.168.37.84 - - [24/May/2021:12:19:00 +0800] "GET /linkmanSys/linkMan?method=findAll HTTP/1.1" 200 199 "http://192.168.37.90/linkmanSys/list.html" "Mozilla/5.0 (Windows NT 10.0; WOW64) AppleWebKit/537.36 (KHTML, like Gecko) Chrome/89.0.4389.114 Safari/537.36"
192.168.37.84 - - [24/May/2021:12:19:00 +0800] "GET /favicon.ico HTTP/1.1" 200 21630 "http://192.168.37.90/linkmanSys/list.html" "Mozilla/5.0 (Windows NT 10.0; WOW64) AppleWebKit/537.36 (KHTML, like Gecko) Chrome/89.0.4389.114 Safari/537.36"
192.168.37.29 - - [24/May/2021:12:19:00 +0800] "GET /linkmanSys/list.html HTTP/1.1" 304 0 "http://192.168.37.90/linkmanSys/add.html" "Mozilla/5.0 (Windows NT 10.0; Win64; x64) AppleWebKit/537.36 (KHTML, like Gecko) Chrome/90.0.4430.212 Safari/537.36"
192.168.37.29 - - [24/May/2021:12:19:00 +0800] "GET /linkmanSys/linkMan?method=findAll HTTP/1.1" 200 199 "http://192.168.37.90/linkmanSys/list.html" "Mozilla/5.0 (Windows NT 10.0; Win64; x64) AppleWebKit/537.36 (KHTML, like Gecko) Chrome/90.0.4430.212 Safari/537.36"
192.168.37.29 - - [24/May/2021:12:19:00 +0800] "GET /favicon.ico HTTP/1.1" 200 21630 "http://192.168.37.90/linkmanSys/list.html" "Mozilla/5.0 (Windows NT 10.0; Win64; x64) AppleWebKit/537.36 (KHTML, like Gecko) Chrome/90.0.4430.212 Safari/537.36"
192.168.37.29 - - [24/May/2021:12:19:00 +0800] "GET /linkmanSys/list.html HTTP/1.1" 304 0 "http://192.168.37.90/linkmanSys/add.html" "Mozilla/5.0 (Windows NT 10.0; Win64; x64) AppleWebKit/537.36 (KHTML, like Gecko) Chrome/90.0.4430.212 Safari/537.36"
192.168.37.29 - - [24/May/2021:12:19:00 +0800] "GET /linkmanSys/linkMan?method=findAll HTTP/1.1" 200 199 "http://192.168.37.90/linkmanSys/list.html" "Mozilla/5.0 (Windows NT 10.0; Win64; x64) AppleWebKit/537.36 (KHTML, like Gecko) Chrome/90.0.4430.212 Safari/537.36"
192.168.37.29 - - [24/May/2021:12:19:00 +0800] "GET /favicon.ico HTTP/1.1" 200 21630 "http://192.168.37.90/linkmanSys/list.html" "Mozilla/5.0 (Windows NT 10.0; Win64; x64) AppleWebKit/537.36 (KHTML, like Gecko) Chrome/90.0.4430.212 Safari/537.36"
192.168.37.70 - - [24/May/2021:12:19:01 +0800] "GET /linkmanSys/list.html H