192.168.37.67 - - [24/May/2021:12:17:44 +0800] "GET /linkmanSys/js/jquery-2.1.0.min.js HTTP/1.1" 200 83617 "http://192.168.37.90/linkmanSys/list.html" "Mozilla/5.0 (Windows NT 10.0; Win64; x64) AppleWebKit/537.36 (KHTML, like Gecko) Chrome/90.0.4430.212 Safari/537.36 Edg/90.0.818.66"
192.168.37.67 - - [24/May/2021:12:17:44 +0800] "GET /linkmanSys/js/axios-0.18.0.js HTTP/1.1" 200 12948 "http://192.168.37.90/linkmanSys/list.html" "Mozilla/5.0 (Windows NT 10.0; Win64; x64) AppleWebKit/537.36 (KHTML, like Gecko) Chrome/90.0.4430.212 Safari/537.36 Edg/90.0.818.66"
192.168.37.67 - - [24/May/2021:12:17:44 +0800] "GET /linkmanSys/js/bootstrap.min.js HTTP/1.1" 200 37045 "http://192.168.37.90/linkmanSys/list.html" "Mozilla/5.0 (Windows NT 10.0; Win64; x64) AppleWebKit/537.36 (KHTML, like Gecko) Chrome/90.0.4430.212 Safari/537.36 Edg/90.0.818.66"
192.168.37.35 - - [24/May/2021:12:17:44 +0800] "GET /linkmanSys/list.html HTTP/1.1" 200 3742 "-" "Mozilla/5.0 (Windows NT 10.0; Win64; x64) AppleWebKit/537.36 (KHTML, like Gecko) Chrome/90.0.4430.93 Safari/537.36"
192.168.37.67 - - [24/May/2021:12:17:44 +0800] "GET /linkmanSys/js/vuejs-2.5.16.js HTTP/1.1" 200 300248 "http://192.168.37.90/linkmanSys/list.html" "Mozilla/5.0 (Windows NT 10.0; Win64; x64) AppleWebKit/537.36 (KHTML, like Gecko) Chrome/90.0.4430.212 Safari/537.36 Edg/90.0.818.66"
192.168.37.35 - - [24/May/2021:12:17:44 +0800] "GET /linkmanSys/css/bootstrap.min.css HTTP/1.1" 200 121200 "http://192.168.37.90/linkmanSys/list.html" "Mozilla/5.0 (Windows NT 10.0; Win64; x64) AppleWebKit/537.36 (KHTML, like Gecko) Chrome/90.0.4430.93 Safari/537.36"
192.168.37.35 - - [24/May/2021:12:17:44 +0800] "GET /linkmanSys/js/jquery-2.1.0.min.js HTTP/1.1" 200 83617 "http://192.168.37.90/linkmanSys/list.html" "Mozilla/5.0 (Windows NT 10.0; Win64; x64) AppleWebKit/537.36 (KHTML, like Gecko) Chrome/90.0.4430.93 Safari/537.36"
192.168.37.35 - - [24/May/2021:12:17:44 +0800] "GET /linkmanSys/js/bootstrap.min.js HTTP/1.1" 200 37045 "http://192.168.37.90/linkmanSys/list.html" "Mozilla/5.0 (Windows NT 10.0; Win64; x64) AppleWebKit/537.36 (KHTML, like Gecko) Chrome/90.0.4430.93 Safari/537.36"
192.168.37.35 - - [24/May/2021:12:17:44 +0800] "GET /linkmanSys/js/axios-0.18.0.js HTTP/1.1" 200 12948 "http://192.168.37.90/linkmanSys/list.html" "Mozilla/5.0 (Windows NT 10.0; Win64; x64) AppleWebKit/537.36 (KHTML, like Gecko) Chrome/90.0.4430.93 Safari/537.36"
192.168.37.35 - - [24/May/2021:12:17:44 +0800] "GET /linkmanSys/js/vuejs-2.5.16.js HTTP/1.1" 200 300248 "http://192.168.37.90/linkmanSys/list.html" "Mozilla/5.0 (Windows NT 10.0; Win64; x64) AppleWebKit/537.36 (KHTML, like Gecko) Chrome/90.0.4430.93 Safari/537.36"
192.168.37.67 - - [24/May/2021:12:17:44 +0800] "GET /linkmanSys/linkMan?method=findAll HTTP/1.1" 200 946 "http://192.168.37.90/linkmanSys/list.html" "Mozilla/5.0 (Windows NT 10.0; Win64; x64) AppleWebKit/537.36 (KHTML, like Gecko) Chrome/90.0.4430.212 Safari/537.36 Edg/90.0.818.66"
192.168.37.35 - - [24/May/2021:12:17:44 +0800] "GET /linkmanSys/linkMan?method=findAll HTTP/1.1" 200 946 "http://192.168.37.90/linkmanSys/list.html" "Mozilla/5.0 (Windows NT 10.0; Win64; x64) AppleWebKit/537.36 (KHTML, like Gecko) Chrome/90.0.4430.93 Safari/537.36"
192.168.37.35 - - [24/May/2021:12:17:44 +0800] "GET /favicon.ico HTTP/1.1" 200 21630 "http://192.168.37.90/linkmanSys/list.html" "Mozilla/5.0 (Windows NT 10.0; Win64; x64) AppleWebKit/537.36 (KHTML, like Gecko) Chrome/90.0.4430.93 Safari/537.36"
192.168.37.30 - - [24/May/2021:12:17:44 +0800] "GET /linkmanSys/linkMan?method=findAll HTTP/1.1" 200 946 "http://192.168.37.90/linkmanSys/list.html" "Mozilla/5.0 (Windows NT 10.0; WOW64) AppleWebKit/537.36 (KHTML, like Gecko) Chrome/72.0.3626.81 Safari/537.36 SE 2.X MetaSr 1.0"
192.168.37.53 - - [24/May/2021:12:17:44 +0800] "GET /linkmanSys/list.html HTTP/1.1" 304 0 "-" "Mozilla/5.0 (Windows NT 10.0; Win64; x64) AppleWebKit/537.36 (KHTML, like Gecko) Chrome/90.0.4430.212 Safari/537.36"
192.168.37.53 - - [24/May/2021:12:17:44 +0800] "GET /linkmanSys/linkMan?method=findAll HTTP/1.1" 200 946 "http://192.168.37.90/linkmanSys/list.html" "Mozilla/5.0 (Windows NT 10.0; Win64; x64) AppleWebKit/537.36 (KHTML, like Gecko) Chrome/90.0.4430.212 Safari/537.36"
192.168.37.53 - - [24/May/2021:12:17:44 +0800] "GET /favicon.ico HTTP/1.1" 200 21630 "http://192.168.37.90/linkmanSys/list.html" "Mozilla/5.0 (Windows NT 10.0; Win64; x64) AppleWebKit/537.36 (KHTML, like Gecko) Chrome/90.0.4430.212 Safari/537.36"
192.168.37.33 - - [24/May/2021:12:17:44 +0800] "GET /linkmanSys/list.html HTTP/1.1" 200 3742 "http://192.168.37.90/linkmanSys/" "Mozilla/5.0 (Windows NT 10.0; Win64; x64) AppleWebKit/537.36 (KHTML, like Gecko) Chrome/90.0.4430.212 Safari/537.36"
192.168.37.33 - - [24/May/2021:12:17:44 +0800] "GET /linkmanSys/js/axios-0.18.0.js HTTP/1.1" 200 12948 "http://192.168.37.90/linkmanSys/list.html" "Mozilla/5.0 (Windows NT 10.0; Win64; x64) AppleWebKit/537.36 (KHTML, like Gecko) Chrome/90.0.4430.212 Safari/537.36"
192.168.37.33 - - [24/May/2021:12:17:44 +0800] "GET /linkmanSys/js/bootstrap.min.js HTTP/1.1" 200 37045 "http://192.168.37.90/linkmanSys/list.html" "Mozilla/5.0 (Windows NT 10.0; Win64; x64) AppleWebKit/537.36 (KHTML, like Gecko) Chrome/90.0.4430.212 Safari/537.36"
192.168.37.33 - - [24/May/2021:12:17:44 +0800] "GET /linkmanSys/js/jquery-2.1.0.min.js HTTP/1.1" 200 83617 "http://192.168.37.90/linkmanSys/list.html" "Mozilla/5.0 (Windows NT 10.0; Win64; x64) AppleWebKit/537.36 (KHTML, like Gecko) Chrome/90.0.4430.212 Safari/537.36"
192.168.37.33 - - [24/May/2021:12:17:44 +0800] "GET /linkmanSys/css/bootstrap.min.css HTTP/1.1" 200 121200 "http://192.168.37.90/linkmanSys/list.html" "Mozilla/5.0 (Windows NT 10.0; Win64; x64) AppleWebKit/537.36 (KHTML, like Gecko) Chrome/90.0.4430.212 Safari/537.36"
192.168.37.33 - - [24/May/2021:12:17:44 +0800] "GET /linkmanSys/js/vuejs-2.5.16.js HTTP/1.1" 200 300248 "http://192.168.37.90/linkmanSys/list.html" "Mozilla/5.0 (Windows NT 10.0; Win64; x64) AppleWebKit/537.36 (KHTML, like Gecko) Chrome/90.0.4430.212 Safari/537.36"
192.168.37.33 - - [24/May/2021:12:17:44 +0800] "GET /linkmanSys/linkMan?method=findAll HTTP/1.1" 200 946 "http://192.168.37.90/linkmanSys/list.html" "Mozilla/5.0 (Windows NT 10.0; Win64; x64) AppleWebKit/537.36 (KHTML, like Gecko) Chrome/90.0.4430.212 Safari/537.36"
192.168.37.69 - - [24/May/2021:12:17:45 +0800] "GET /inkmanSys/list.html HTTP/1.1" 404 723 "-" "Mozilla/5.0 (Windows NT 10.0; Win64; x64) AppleWebKit/537.36 (KHTML, like Gecko) Chrome/90.0.4430.212 Safari/537.36"
192.168.37.69 - - [24/May/2021:12:17:45 +0800] "GET /favicon.ico HTTP/1.1" 200 21630 "http://192.168.37.90/inkmanSys/list.html" "Mozilla/5.0 (Windows NT 10.0; Win64; x64) AppleWebKit/537.36 (KHTML, like Gecko) Chrome/90.0.4430.212 Safari/537.36"
192.168.37.24 - - [24/May/2021:12:17:46 +0800] "GET /linkmanSys/add.html HTTP/1.1" 200 3978 "http://192.168.37.90/linkmanSys/list.html" "Mozilla/5.0 (Windows NT 10.0; Win64; x64) AppleWebKit/537.36 (KHTML, like Gecko) Chrome/90.0.4430.85 Safari/537.36"
192.168.37.30 - - [24/May/2021:12:17:46 +0800] "GET /linkmanSys/add.html HTTP/1.1" 200 3978 "http://192.168.37.90/linkmanSys/list.html" "Mozilla/5.0 (Windows NT 10.0; WOW64) AppleWebKit/537.36 (KHTML, like Gecko) Chrome/72.0.3626.81 Safari/537.36 SE 2.X MetaSr 1.0"
192.168.37.35 - - [24/May/2021:12:17:48 +0800] "GET /linkmanSys/add.html HTTP/1.1" 200 3978 "http://192.168.37.90/linkmanSys/list.html" "Mozilla/5.0 (Windows NT 10.0; Win64; x64) AppleWebKit/537.36 (KHTML, like Gecko) Chrome/90.0.4430.93 Safari/537.36"
192.168.37.45 - - [24/May/2021:12:17:48 +0800] "GET /linkmanSys/add.html HTTP/1.1" 200 3978 "http://192.168.37.90/linkmanSys/list.html" "Mozilla/5.0 (Windows NT 10.0; Win64; x64) AppleWebKit/537.36 (KHTML, like Gecko) Chrome/90.0.4430.212 Safari/537.36"
192.168.37.32 - - [24/May/2021:12:17:49 +0800] "GET /linkmanSys/list.html HTTP/1.1" 200 3742 "-" "Mozilla/5.0 (Windows NT 10.0; Win64; x64) AppleWebKit/537.36 (KHTML, like Gecko) Chrome/89.0.4389.82 Safari/537.36"
192.168.37.32 - - [24/May/2021:12:17:49 +0800] "GET /linkmanSys/js/axios-0.18.0.js HTTP/1.1" 200 12948 "http://192.168.37.90/linkmanSys/list.html" "Mozilla/5.0 (Windows NT 10.0; Win64; x64) AppleWebKit/537.36 (KHTML, like Gecko) Chrome/89.0.4389.82 Safari/537.36"
192.168.37.32 - - [24/May/2021:12:17:49 +0800] "GET /linkmanSys/js/bootstrap.min.js HTTP/1.1" 200 37045 "http://192.168.37.90/linkmanSys/list.html" "Mozilla/5.0 (Windows NT 10.0; Win64; x64) AppleWebKit/537.36 (KHTML, like Gecko) Chrome/89.0.4389.82 Safari/537.36"
192.168.37.32 - - [24/May/2021:12:17:49 +0800] "GET /linkmanSys/js/jquery-2.1.0.min.js HTTP/1.1" 200 83617 "http://192.168.37.90/linkmanSys/list.html" "Mozilla/5.0 (Windows NT 10.0; Win64; x64) AppleWebKit/537.36 (KHTML, like Gecko) Chrome/89.0.4389.82 Safari/537.36"
192.168.37.32 - - [24/May/2021:12:17:49 +0800] "GET /linkmanSys/css/bootstrap.min.css HTTP/1.1" 200 121200 "http://192.168.37.90/linkmanSys/list.html" "Mozilla/5.0 (Windows NT 10.0; Win64; x64) AppleWebKit/537.36 (KHTML, like Gecko) Chrome/89.0.4389.82 Safari/537.36"
192.168.37.32 - - [24/May/2021:12:17:50 +0800] "GET /linkmanSys/js/vuejs-2.5.16.js HTTP/1.1" 200 300248 "http://192.168.37.90/linkmanSys/list.html" "Mozilla/5.0 (Windows NT 10.0; Win64; x64) AppleWebKit/537.36 (KHTML, like Gecko) Chrome/89.0.4389.82 Safari/537.36"
192.168.37.67 - - [24/May/2021:12:17:50 +0800] "GET /linkmanSys/add.html HTTP/1.1" 200 3978 "http://192.168.37.90/linkmanSys/list.html" "Mozilla/5.0 (Windows NT 10.0; Win64; x64) AppleWebKit/537.36 (KHTML, like Gecko) Chrome/90.0.4430.212 Safari/537.36 Edg/90.0.818.66"
192.168.37.32 - - [24/May/2021:12:17:50 +0800] "GET /linkmanSys/linkMan?method=findAll HTTP/1.1" 200 946 "http://192.168.37.90/linkmanSys/list.html" "Mozilla/5.0 (Windows NT 10.0; Win64; x64) AppleWebKit/537.36 (KHTML, like Gecko) Chrome/89.0.4389.82 Safari/537.36"
192.168.37.32 - - [24/May/2021:12:17:50 +0800] "GET /favicon.ico HTTP/1.1" 200 21630 "http://192.168.37.90/linkmanSys/list.html" "Mozilla/5.0 (Windows NT 10.0; Win64; x64) AppleWebKit/537.36 (KHTML, like Gecko) Chrome/89.0.4389.82 Safari/537.36"
192.168.37.38 - - [24/May/2021:12:17:50 +0800] "GET / HTTP/1.1" 200 11156 "-" "Mozilla/5.0 (Windows NT 10.0; Win64; x64) AppleWebKit/537.36 (KHTML, like Gecko) Chrome/89.0.4389.90 Safari/537.36"
192.168.37.51 - - [24/May/2021:12:17:51 +0800] "POST /linkmanSys/linkMan?method=add HTTP/1.1" 200 61 "http://192.168.37.90/linkmanSys/add.html" "Mozilla/5.0 (Windows NT 10.0; Win64; x64) AppleWebKit/537.36 (KHTML, like Gecko) Chrome/90.0.4430.212 Safari/537.36"
192.168.37.51 - - [24/May/2021:12:17:51 +0800] "GET /linkmanSys/linkMan?method=findAll HTTP/1.1" 200 1051 "http://192.168.37.90/linkmanSys/list.html" "Mozilla/5.0 (Windows NT 10.0; Win64; x64) AppleWebKit/537.36 (KHTML, like Gecko) Chrome/90.0.4430.212 Safari/537.36"
192.168.37.78 - - [24/May/2021:12:17:53 +0800] "GET /linkmanSys HTTP/1.1" 302 5 "-" "Mozilla/5.0 (Macintosh; Intel Mac OS X 10.15; rv:88.0) Gecko/20100101 Firefox/88.0"
192.168.37.78 - - [24/May/2021:12:17:53 +0800] "GET /linkmanSys/ HTTP/1.1" 200 250 "-" "Mozilla/5.0 (Macintosh; Intel Mac OS X 10.15; rv:88.0) Gecko/20100101 Firefox/88.0"
192.168.37.29 - - [24/May/2021:12:17:53 +0800] "GET /linkmanSys HTTP/1.1" 302 5 "-" "Mozilla/5.0 (Windows NT 10.0; Win64; x64) AppleWebKit/537.36 (KHTML, like Gecko) Chrome/90.0.4430.212 Safari/537.36"
192.168.37.29 - - [24/May/2021:12:17:53 +0800] "GET /linkmanSys/ HTTP/1.1" 200 250 "-" "Mozilla/5.0 (Windows NT 10.0; Win64; x64) AppleWebKit/537.36 (KHTML, like Gecko) Chrome/90.0.4430.212 Safari/537.36"
192.168.37.29 - - [24/May/2021:12:17:53 +0800] "GET /favicon.ico HTTP/1.1" 200 21630 "http://192.168.37.90/linkmanSys/" "Mozilla/5.0 (Windows NT 10.0; Win64; x64) AppleWebKit/537.36 (KHTML, like Gecko) Chrome/90.0.4430.212 Safari/537.36"
192.168.37.78 - - [24/May/2021:12:17:53 +0800] "GET /favicon.ico HTTP/1.1" 200 21630 "http://192.168.37.90/linkmanSys/" "Mozilla/5.0 (Macintosh; Intel Mac OS X 10.15; rv:88.0) Gecko/20100101 Firefox/88.0"
192.168.37.33 - - [24/May/2021:12:17:54 +0800] "GET /linkmanSys/add.html HTTP/1.1" 200 3978 "http://192.168.37.90/linkmanSys/list.html" "Mozilla/5.0 (Windows NT 10.0; Win64; x64) AppleWebKit/537.36 (KHTML, like Gecko) Chrome/90.0.4430.212 Safari/537.36"
192.168.37.78 - - [24/May/2021:12:17:54 +0800] "GET /linkmanSys/list.html HTTP/1.1" 200 3742 "http://192.168.37.90/linkmanSys/" "Mozilla/5.0 (Macintosh; Intel Mac OS X 10.15; rv:88.0) Gecko/20100101 Firefox/88.0"
192.168.37.78 - - [24/May/2021:12:17:54 +0800] "GET /linkmanSys/js/axios-0.18.0.js HTTP/1.1" 200 12948 "http://192.168.37.90/linkmanSys/list.html" "Mozilla/5.0 (Macintosh; Intel Mac OS X 10.15; rv:88.0) Gecko/20100101 Firefox/88.0"
192.168.37.78 - - [24/May/2021:12:17:54 +0800] "GET /linkmanSys/js/bootstrap.min.js HTTP/1.1" 200 37045 "http://192.168.37.90/linkmanSys/list.html" "Mozilla/5.0 (Macintosh; Intel Mac OS X 10.15; rv:88.0) Gecko/20100101 Firefox/88.0"
192.168.37.78 - - [24/May/2021:12:17:54 +0800] "GET /linkmanSys/css/bootstrap.min.css HTTP/1.1" 200 121200 "http://192.168.37.90/linkmanSys/list.html" "Mozilla/5.0 (Macintosh; Intel Mac OS X 10.15; rv:88.0) Gecko/20100101 Firefox/88.0"
192.168.37.78 - - [24/May/2021:12:17:54 +0800] "GET /linkmanSys/js/jquery-2.1.0.min.js HTTP/1.1" 200 83617 "http://192.168.37.90/linkmanSys/list.html" "Mozilla/5.0 (Macintosh; Intel Mac OS X 10.15; rv:88.0) Gecko/20100101 Firefox/88.0"
192.168.37.78 - - [24/May/2021:12:17:54 +0800] "GET /linkmanSys/js/vuejs-2.5.16.js HTTP/1.1" 200 300248 "http://192.168.37.90/linkmanSys/list.html" "Mozilla/5.0 (Macintosh; Intel Mac OS X 10.15; rv:88.0) Gecko/20100101 Firefox/88.0"
192.168.37.78 - - [24/May/2021:12:17:55 +0800] "GET /linkmanSys/linkMan?method=findAll HTTP/1.1" 200 1051 "http://192.168.37.90/linkmanSys/list.html" "Mozilla/5.0 (Macintosh; Intel Mac OS X 10.15; rv:88.0) Gecko/20100101 Firefox/88.0"
192.168.37.29 - - [24/May/2021:12:17:56 +0800] "GET /linkmanSys/list.html HTTP/1.1" 200 3742 "http://192.168.37.90/linkmanSys/" "Mozilla/5.0 (Windows NT 10.0; Win64; x64) AppleWebKit/537.36 (KHTML, like Gecko) Chrome/90.0.4430.212 Safari/537.36"
192.168.37.29 - - [24/May/2021:12:17:56 +0800] "GET /linkmanSys/js/axios-0.18.0.js HTTP/1.1" 200 12948 "http://192.168.37.90/linkmanSys/list.html" "Mozilla/5.0 (Windows NT 10.0; Win64; x64) AppleWebKit/537.36 (KHTML, like Gecko) Chrome/90.0.4430.212 Safari/537.36"
192.168.37.29 - - [24/May/2021:12:17:56 +0800] "GET /linkmanSys/js/bootstrap.min.js HTTP/1.1" 200 37045 "http://192.168.37.90/linkmanSys/list.html" "Mozilla/5.0 (Windows NT 10.0; Win64; x64) AppleWebKit/537.36 (KHTML, like Gecko) Chrome/90.0.4430.212 Safari/537.36"
192.168.37.29 - - [24/May/2021:12:17:56 +0800] "GET /linkmanSys/css/bootstrap.min.css HTTP/1.1" 200 121200 "http://192.168.37.90/linkmanSys/list.html" "Mozilla/5.0 (Windows NT 10.0; Win64; x64) AppleWebKit/537.36 (KHTML, like Gecko) Chrome/90.0.4430.212 Safari/537.36"
192.168.37.29 - - [24/May/2021:12:17:56 +0800] "GET /linkmanSys/js/jquery-2.1.0.min.js HTTP/1.1" 200 83617 "http://192.168.37.90/linkmanSys/list.html" "Mozilla/5.0 (Windows NT 10.0; Win64; x64) AppleWebKit/537.36 (KHTML, like Gecko) Chrome/90.0.4430.212 Safari/537.36"
192.168.37.29 - - [24/May/2021:12:17:56 +0800] "GET /linkmanSys/js/vuejs-2.5.16.js HTTP/1.1" 200 300248 "http://192.168.37.90/linkmanSys/list.html" "Mozilla/5.0 (Windows NT 10.0; Win64; x64) AppleWebKit/537.36 (KHTML, like Gecko) Chrome/90.0.4430.212 Safari/537.36"
192.168.37.86 - - [24/May/2021:12:17:56 +0800] "GET /linkmanSys/ HTTP/1.1" 200 250 "-" "Mozilla/5.0 (Windows NT 10.0; Win64; x64) AppleWebKit/537.36 (KHTML, like Gecko) Chrome/90.0.4430.212 Safari/537.36 Edg/90.0.818.66"
192.168.37.29 - - [24/May/2021:12:17:56 +0800] "GET /linkmanSys/linkMan?method=findAll HTTP/1.1" 200 1051 "http://192.168.37.90/linkmanSys/list.html" "Mozilla/5.0 (Windows NT 10.0; Win64; x64) AppleWebKit/537.36 (KHTML, like Gecko) Chrome/90.0.4430.212 Safari/537.36"
192.168.37.86 - - [24/May/2021:12:17:56 +0800] "GET /favicon.ico HTTP/1.1" 200 21630 "http://192.168.37.90/linkmanSys/" "Mozilla/5.0 (Windows NT 10.0; Win64; x64) AppleWebKit/537.36 (KHTML, like Gecko) Chrome/90.0.4430.212 Safari/537.36 Edg/90.0.818.66"
192.168.37.77 - - [24/May/2021:12:17:56 +0800] "GET /linkmanSys/add.html HTTP/1.1" 200 3978 "http://192.168.37.90/linkmanSys/list.html" "Mozilla/5.0 (Windows NT 10.0; Win64; x64) AppleWebKit/537.36 (KHTML, like Gecko) Chrome/90.0.4430.212 Safari/537.36 Edg/90.0.818.66"
192.168.37.88 - - [24/May/2021:12:17:58 +0800] "GET /linkmanSys/list.html HTTP/1.1" 200 3742 "-" "Mozilla/5.0 (Windows NT 10.0; Win64; x64) AppleWebKit/537.36 (KHTML, like Gecko) Chrome/89.0.4389.90 Safari/537.36"
192.168.37.88 - - [24/May/2021:12:17:58 +0800] "GET /linkmanSys/js/axios-0.18.0.js HTTP/1.1" 200 12948 "http://192.168.37.90/linkmanSys/list.html" "Mozilla/5.0 (Windows NT 10.0; Win64; x64) AppleWebKit/537.36 (KHTML, like Gecko) Chrome/89.0.4389.90 Safari/537.36"
192.168.37.88 - - [24/May/2021:12:17:58 +0800] "GET /linkmanSys/js/bootstrap.min.js HTTP/1.1" 200 37045 "http://192.168.37.90/linkmanSys/list.html" "Mozilla/5.0 (Windows NT 10.0; Win64; x64) AppleWebKit/537.36 (KHTML, like Gecko) Chrome/89.0.4389.90 Safari/537.36"
192.168.37.88 - - [24/May/2021:12:17:58 +0800] "GET /linkmanSys/css/bootstrap.min.css HTTP/1.1" 200 121200 "http://192.168.37.90/linkmanSys/list.html" "Mozilla/5.0 (Windows NT 10.0; Win64; x64) AppleWebKit/537.36 (KHTML, like Gecko) Chrome/89.0.4389.90 Safari/537.36"
192.168.37.88 - - [24/May/2021:12:17:58 +0800] "GET /linkmanSys/js/jquery-2.1.0.min.js HTTP/1.1" 200 83617 "http://192.168.37.90/linkmanSys/list.html" "Mozilla/5.0 (Windows NT 10.0; Win64; x64) AppleWebKit/537.36 (KHTML, like Gecko) Chrome/89.0.4389.90 Safari/537.36"
192.168.37.88 - - [24/May/2021:12:17:58 +0800] "GET /linkmanSys/js/vuejs-2.5.16.js HTTP/1.1" 200 300248 "http://192.168.37.90/linkmanSys/list.html" "Mozilla/5.0 (Windows NT 10.0; Win64; x64) AppleWebKit/537.36 (KHTML, like Gecko) Chrome/89.0.4389.90 Safari/537.36"
192.168.37.88 - - [24/May/2021:12:17:58 +0800] "GET /linkmanSys/linkMan?method=findAll HTTP/1.1" 200 1051 "http://192.168.37.90/linkmanSys/list.html" "Mozilla/5.0 (Windows NT 10.0; Win64; x64) AppleWebKit/537.36 (KHTML, like Gecko) Chrome/89.0.4389.90 Safari/537.36"
192.168.37.88 - - [24/May/2021:12:17:58 +0800] "GET /favicon.ico HTTP/1.1" 200 21630 "http://192.168.37.90/linkmanSys/list.html" "Mozilla/5.0 (Windows NT 10.0; Win64; x64) AppleWebKit/537.36 (KHTML, like Gecko) Chrome/89.0.4389.90 Safari/537.36"
192.168.37.80 - - [24/May/2021:12:17:58 +0800] "GET /linkmanSys HTTP/1.1" 302 5 "-" "Mozilla/5.0 (Windows NT 10.0; WOW64) AppleWebKit/537.36 (KHTML, like Gecko) Chrome/90.0.4430.93 Safari/537.36"
192.168.37.80 - - [24/May/2021:12:17:58 +0800] "GET /linkmanSys/ HTTP/1.1" 200 250 "-" "Mozilla/5.0 (Windows NT 10.0; WOW64) AppleWebKit/537.36 (KHTML, like Gecko) Chrome/90.0.4430.93 Safari/537.36"
192.168.37.80 - - [24/May/2021:12:17:59 +0800] "GET /favicon.ico HTTP/1.1" 200 21630 "http://192.168.37.90/linkmanSys/" "Mozilla/5.0 (Windows NT 10.0; WOW64) AppleWebKit/537.36 (KHTML, like Gecko) Chrome/90.0.4430.93 Safari/537.36"
192.168.37.86 - - [24/May/2021:12:17:59 +0800] "GET /linkmanSys/list.html HTTP/1.1" 200 3742 "http://192.168.37.90/linkmanSys/" "Mozilla/5.0 (Windows NT 10.0; Win64; x64) AppleWebKit/537.36 (KHTML, like Gecko) Chrome/90.0.4430.212 Safari/537.36 Edg/90.0.818.66"
192.168.37.86 - - [24/May/2021:12:17:59 +0800] "GET /linkmanSys/js/axios-0.18.0.js HTTP/1.1" 200 12948 "http://192.168.37.90/linkmanSys/list.html" "Mozilla/5.0 (Windows NT 10.0; Win64; x64) AppleWebKit/537.36 (KHTML, like Gecko) Chrome/90.0.4430.212 Safari/537.36 Edg/90.0.818.66"
192.168.37.86 - - [24/May/2021:12:17:59 +0800] "GET /linkmanSys/js/bootstrap.min.js HTTP/1.1" 200 37045 "http://192.168.37.90/linkmanSys/list.html" "Mozilla/5.0 (Windows NT 10.0; Win64; x64) AppleWebKit/537.36 (KHTML, like Gecko) Chrome/90.0.4430.212 Safari/537.36 Edg/90.0.818.66"
192.168.37.86 - - [24/May/2021:12:17:59 +0800] "GET /linkmanSys/js/jquery-2.1.0.min.js HTTP/1.1" 200 83617 "http://192.168.37.90/linkmanSys/list.html" "Mozilla/5.0 (Windows NT 10.0; Win64; x64) AppleWebKit/537.36 (KHTML, like Gecko) Chrome/90.0.4430.212 Safari/537.36 Edg/90.0.818.66"
192.168.37.86 - - [24/May/2021:12:17:59 +0800] "GET /linkmanSys/css/bootstrap.min.css HTTP/1.1" 200 121200 "http://192.168.37.90/linkmanSys/list.html" "Mozilla/5.0 (Windows NT 10.0; Win64; x64) AppleWebKit/537.36 (KHTML, like Gecko) Chrome/90.0.4430.212 Safari/537.36 Edg/90.0.818.66"
192.168.37.86 - - [24/May/2021:12:17:59 +0800] "GET /linkmanSys/js/vuejs-2.5.16.js HTTP/1.1" 200 300248 "http://192.168.37.90/linkmanSys/list.html" "Mozilla/5.0 (Windows NT 10.0; Win64; x64) AppleWebKit/537.36 (KHTML, like Gecko) Chrome/90.0.4430.212 Safari/537.36 Edg/90.0.818.66"
192.168.37.86 - - [24/May/2021:12:17:59 +0800] "GET /linkmanSys/linkMan?method=findAll HTTP/1.1" 200 1051 "http://192.168.37.90/linkmanSys/list.html" "Mozilla/5.0 (Windows NT 10.0; Win64; x64) AppleWebKit/537.36 (KHTML, like Gecko) Chrome/90.0.4430.212 Safari/537.36 Edg/90.0.818.66"
192.168.37.24 - - [24/May/2021:12:17:59 +0800] "GET /linkmanSys/linkMan?method=delete&id=167 HTTP/1.1" 200 49 "http://192.168.37.90/linkmanSys/list.html" "Mozilla/5.0 (Windows NT 10.0; Win64; x64) AppleWebKit/537.36 (KHTML, like Gecko) Chrome/90.0.4430.85 Safari/537.36"
192.168.37.24 - - [24/May/2021:12:17:59 +0800] "GET /linkmanSys/linkMan?method=findAll HTTP/1.1" 200 937 "http://192.168.37.90/linkmanSys/list.html" "Mozilla/5.0 (Windows NT 10.0; Win64; x64) AppleWebKit/537.36 (KHTML, like Gecko) Chrome/90.0.4430.85 Safari/537.36"
192.168.37.93 - - [24/May/2021:12:18:00 +0800] "GET /linkmanSys/list.html HTTP/1.1" 200 3742 "-" "Mozilla/5.0 (Windows NT 10.0; Win64; x64) AppleWebKit/537.36 (KHTML, like Gecko) Chrome/75.0.3770.100 Safari/537.36"
192.168.37.93 - - [24/May/2021:12:18:00 +0800] "GET /linkmanSys/js/axios-0.18.0.js HTTP/1.1" 200 12948 "http://192.168.37.90/linkmanSys/list.html" "Mozilla/5.0 (Windows NT 10.0; Win64; x64) AppleWebKit/537.36 (KHTML, like Gecko) Chrome/75.0.3770.100 Safari/537.36"
192.168.37.93 - - [24/May/2021:12:18:00 +0800] "GET /linkmanSys/js/bootstrap.min.js HTTP/1.1" 200 37045 "http://192.168.37.90/linkmanSys/list.html" "Mozilla/5.0 (Windows NT 10.0; Win64; x64) AppleWebKit/537.36 (KHTML, like Gecko) Chrome/75.0.3770.100 Safari/537.36"
192.168.37.93 - - [24/May/2021:12:18:00 +0800] "GET /linkmanSys/js/jquery-2.1.0.min.js HTTP/1.1" 200 83617 "http://192.168.37.90/linkmanSys/list.html" "Mozilla/5.0 (Windows NT 10.0; Win64; x64) AppleWebKit/537.36 (KHTML, like Gecko) Chrome/75.0.3770.100 Safari/537.36"
192.168.37.93 - - [24/May/2021:12:18:00 +0800] "GET /linkmanSys/css/bootstrap.min.css HTTP/1.1" 200 121200 "http://192.168.37.90/linkmanSys/list.html" "Mozilla/5.0 (Windows NT 10.0; Win64; x64) AppleWebKit/537.36 (KHTML, like Gecko) Chrome/75.0.3770.100 Safari/537.36"
192.168.37.93 - - [24/May/2021:12:18:00 +0800] "GET /linkmanSys/js/vuejs-2.5.16.js HTTP/1.1" 200 300248 "http://192.168.37.90/linkmanSys/list.html" "Mozilla/5.0 (Windows NT 10.0; Win64; x64) AppleWebKit/537.36 (KHTML, like Gecko) Chrome/75.0.3770.100 Safari/537.36"
192.168.37.93 - - [24/May/2021:12:18:00 +0800] "GET /linkmanSys/linkMan?method=findAll HTTP/1.1" 200 937 "http://192.168.37.90/linkmanSys/list.html" "Mozilla/5.0 (Windows NT 10.0; Win64; x64) AppleWebKit/537.36 (KHTML, like Gecko) Chrome/75.0.3770.100 Safari/537.36"
192.168.37.62 - - [24/May/2021:12:18:00 +0800] "GET /linkmanSys HTTP/1.1" 302 5 "-" "Mozilla/5.0 (Macintosh; Intel Mac OS X 10_15_6) AppleWebKit/605.1.15 (KHTML, like Gecko) Version/14.0.3 Safari/605.1.15"
192.168.37.62 - - [24/May/2021:12:18:00 +0800] "GET /linkmanSys/ HTTP/1.1" 200 250 "-" "Mozilla/5.0 (Macintosh; Intel Mac OS X 10_15_6) AppleWebKit/605.1.15 (KHTML, like Gecko) Version/14.0.3 Safari/605.1.15"
192.168.37.62 - - [24/May/2021:12:18:00 +0800] "GET /favicon.ico HTTP/1.1" 200 21630 "http://192.168.37.90/linkmanSys/" "Mozilla/5.0 (Macintosh; Intel Mac OS X 10_15_6) AppleWebKit/605.1.15 (KHTML, like Gecko) Version/14.0.3 Safari/605.1.15"
192.168.37.29 - - [24/May/2021:12:18:00 +0800] "GET /linkmanSys/linkMan?method=delete&id=168 HTTP/1.1" 200 49 "http://192.168.37.90/linkmanSys/list.html" "Mozilla/5.0 (Windows NT 10.0; Win64; x64) AppleWebKit/537.36 (KHTML, like Gecko) Chrome/90.0.4430.212 Safari/537.36"
192.168.37.29 - - [24/May/2021:12:18:00 +0800] "GET /linkmanSys/linkMan?method=findAll HTTP/1.1" 200 832 "http://192.168.37.90/linkmanSys/list.html" "Mozilla/5.0 (Windows NT 10.0; Win64; x64) AppleWebKit/537.36 (KHTML, like Gecko) Chrome/90.0.4430.212 Safari/537.36"
192.168.37.74 - - [24/May/2021:12:18:00 +0800] "GET /linkmanSys HTTP/1.1" 302 5 "-" "Mozilla/5.0 (Windows NT 10.0; Win64; x64) AppleWebKit/537.36 (KHTML, like Gecko) Chrome/90.0.4430.212 Safari/537.36"
192.168.37.74 - - [24/May/2021:12:18:01 +0800] "GET /linkmanSys/ HTTP/1.1" 200 250 "-" "Mozilla/5.0 (Windows NT 10.0; Win64; x64) AppleWebKit/537.36 (KHTML, like Gecko) Chrome/90.0.4430.212 Safari/537.36"
192.168.37.32 - - [24/May/2021:12:18:01 +0800] "GET /linkmanSys/add.html HTTP/1.1" 200 3978 "http://192.168.37.90/linkmanSys/list.html" "Mozilla/5.0 (Windows NT 10.0; Win64; x64) AppleWebKit/537.36 (KHTML, like Gecko) Chrome/89.0.4389.82 Safari/537.36"
192.168.37.36 - - [24/May/2021:12:18:01 +0800] "GET /linkmanSys HTTP/1.1" 302 5 "-" "Mozilla/5.0 (Windows NT 10.0; Win64; x64) AppleWebKit/537.36 (KHTML, like Gecko) Chrome/90.0.4430.212 Safari/537.36"
192.168.37.36 - - [24/May/2021:12:18:01 +0800] "GET /linkmanSys/ HTTP/1.1" 200 250 "-" "Mozilla/5.0 (Windows NT 10.0; Win64; x64) AppleWebKit/537.36 (KHTML, like Gecko) Chrome/90.0.4430.212 Safari/537.36"
192.168.37.74 - - [24/May/2021:12:18:01 +0800] "GET /favicon.ico HTTP/1.1" 200 21630 "http://192.168.37.90/linkmanSys/" "Mozilla/5.0 (Windows NT 10.0; Win64; x64) AppleWebKit/537.36 (KHTML, like Gecko) Chrome/90.0.4430.212 Safari/537.36"
192.168.37.36 - - [24/May/2021:12:18:01 +0800] "GET /favicon.ico HTTP/1.1" 200 21630 "http://192.168.37.90/linkmanSys/" "Mozilla/5.0 (Windows NT 10.0; Win64; x64) AppleWebKit/537.36 (KHTML, like Gecko) Chrome/90.0.4430.212 Safari/537.36"
192.168.37.29 - - [24/May/2021:12:18:02 +0800] "GET /linkmanSys/list.html HTTP/1.1" 304 0 "http://192.168.37.90/linkmanSys/list.html" "Mozilla/5.0 (Windows NT 10.0; Win64; x64) AppleWebKit/537.36 (KHTML, like Gecko) Chrome/90.0.4430.212 Safari/537.36"
192.168.37.29 - - [24/May/2021:12:18:02 +0800] "GET /linkmanSys/linkMan?method=findAll HTTP/1.1" 200 832 "http://192.168.37.90/linkmanSys/list.html" "Mozilla/5.0 (Windows NT 10.0; Win64; x64) AppleWebKit/537.36 (KHTML, like Gecko) Chrome/90.0.4430.212 Safari/537.36"
192.168.37.29 - - [24/May/2021:12:18:02 +0800] "GET /favicon.ico HTTP/1.1" 200 21630 "http://192.168.37.90/linkmanSys/list.html" "Mozilla/5.0 (Windows NT 10.0; Win64; x64) AppleWebKit/537.36 (KHTML, like Gecko) Chrome/90.0.4430.212 Safari/537.36"
192.168.37.44 - - [24/May/2021:12:18:02 +0800] "GET /linkmanSys/list.html HTTP/1.1" 200 3742 "-" "Mozilla/5.0 (Windows NT 10.0; Win64; x64) AppleWebKit/537.36 (KHTML, like Gecko) Chrome/90.0.4430.212 Safari/537.36"
192.168.37.44 - - [24/May/2021:12:18:02 +0800] "GET /linkmanSys/js/axios-0.18.0.js HTTP/1.1" 200 12948 "http://192.168.37.90/linkmanSys/list.html" "Mozilla/5.0 (Windows NT 10.0; Win64; x64) AppleWebKit/537.36 (KHTML, like Gecko) Chrome/90.0.4430.212 Safari/537.36"
192.168.37.44 - - [24/May/2021:12:18:02 +0800] "GET /linkmanSys/js/bootstrap.min.js HTTP/1.1" 200 37045 "http://192.168.37.90/linkmanSys/list.html" "Mozilla/5.0 (Windows NT 10.0; Win64; x64) AppleWebKit/537.36 (KHTML, like Gecko) Chrome/90.0.4430.212 Safari/537.36"
192.168.37.44 - - [24/May/2021:12:18:02 +0800] "GET /linkmanSys/css/bootstrap.min.css HTTP/1.1" 200 121200 "http://192.168.37.90/linkmanSys/list.html" "Mozilla/5.0 (Windows NT 10.0; Win64; x64) AppleWebKit/537.36 (KHTML, like Gecko) Chrome/90.0.4430.212 Safari/537.36"
192.168.37.44 - - [24/May/2021:12:18:02 +0800] "GET /linkmanSys/js/jquery-2.1.0.min.js HTTP/1.1" 200 83617 "http://192.168.37.90/linkmanSys/list.html" "Mozilla/5.0 (Windows NT 10.0; Win64; x64) AppleWebKit/537.36 (KHTML, like Gecko) Chrome/90.0.4430.212 Safari/537.36"
192.168.37.44 - - [24/May/2021:12:18:02 +0800] "GET /linkmanSys/js/vuejs-2.5.16.js HTTP/1.1" 200 300248 "http://192.168.37.90/linkmanSys/list.html" "Mozilla/5.0 (Windows NT 10.0; Win64; x64) AppleWebKit/537.36 (KHTML, like Gecko) Chrome/90.0.4430.212 Safari/537.36"
192.168.37.44 - - [24/May/2021:12:18:02 +0800] "GET /linkmanSys/linkMan?method=findAll HTTP/1.1" 200 832 "http://192.168.37.90/linkmanSys/list.html" "Mozilla/5.0 (Windows NT 10.0; Win64; x64) AppleWebKit/537.36 (KHTML, like Gecko) Chrome/90.0.4430.212 Safari/537.36"
192.168.37.44 - - [24/May/2021:12:18:02 +0800] "GET /favicon.ico HTTP/1.1" 200 21630 "http://192.168.37.90/linkmanSys/list.html" "Mozilla/5.0 (Windows NT 10.0; Win64; x64) AppleWebKit/537.36 (KHTML, like Gecko) Chrome/90.0.4430.212 Safari/537.36"
192.168.37.33 - - [24/May/2021:12:18:02 +0800] "GET /linkmanSys/list.html HTTP/1.1" 304 0 "http://192.168.37.90/linkmanSys/" "Mozilla/5.0 (Windows NT 10.0; Win64; x64) AppleWebKit/537.36 (KHTML, like Gecko) Chrome/90.0.4430.212 Safari/537.36"
192.168.37.33 - - [24/May/2021:12:18:02 +0800] "GET /linkmanSys/linkMan?method=findAll HTTP/1.1" 200 832 "http://192.168.37.90/linkmanSys/list.html" "Mozilla/5.0 (Windows NT 10.0; Win64; x64) AppleWebKit/537.36 (KHTML, like Gecko) Chrome/90.0.4430.212 Safari/537.36"
192.168.37.33 - - [24/May/2021:12:18:02 +0800] "GET /favicon.ico HTTP/1.1" 200 21630 "http://192.168.37.90/linkmanSys/list.html" "Mozilla/5.0 (Windows NT 10.0; Win64; x64) AppleWebKit/537.36 (KHTML, like Gecko) Chrome/90.0.4430.212 Safari/537.36"
192.168.37.93 - - [24/May/2021:12:18:03 +0800] "GET /linkmanSys/add.html HTTP/1.1" 200 3978 "http://192.168.37.90/linkmanSys/list.html" "Mozilla/5.0 (Windows NT 10.0; Win64; x64) AppleWebKit/537.36 (KHTML, like Gecko) Chrome/75.0.3770.100 Safari/537.36"
192.168.37.45 - - [24/May/2021:12:18:03 +0800] "POST /linkmanSys/linkMan?method=add HTTP/1.1" 200 61 "http://192.168.37.90/linkmanSys/add.html" "Mozilla/5.0 (Windows NT 10.0; Win64; x64) AppleWebKit/537.36 (KHTML, like Gecko) Chrome/90.0.4430.212 Safari/537.36"
192.168.37.215 - - [24/May/2021:12:18:03 +0800] "GET /linkmanSys HTTP/1.1" 302 5 "-" "Mozilla/5.0 (Windows NT 10.0; Win64; x64) AppleWebKit/537.36 (KHTML, like Gecko) Chrome/90.0.4430.212 Safari/537.36"
192.168.37.215 - - [24/May/2021:12:18:03 +0800] "GET /linkmanSys/ HTTP/1.1" 200 250 "-" "Mozilla/5.0 (Windows NT 10.0; Win64; x64) AppleWebKit/537.36 (KHTML, like Gecko) Chrome/90.0.4430.212 Safari/537.36"
192.168.37.29 - - [24/May/2021:12:18:03 +0800] "GET /linkmanSys/list.html HTTP/1.1" 304 0 "http://192.168.37.90/linkmanSys/list.html" "Mozilla/5.0 (Windows NT 10.0; Win64; x64) AppleWebKit/537.36 (KHTML, like Gecko) Chrome/90.0.4430.212 Safari/537.36"
192.168.37.29 - - [24/May/2021:12:18:03 +0800] "GET /linkmanSys/linkMan?method=findAll HTTP/1.1" 200 944 "http://192.168.37.90/linkmanSys/list.html" "Mozilla/5.0 (Windows NT 10.0; Win64; x64) AppleWebKit/537.36 (KHTML, like Gecko) Chrome/90.0.4430.212 Safari/537.36"
192.168.37.29 - - [24/May/2021:12:18:03 +0800] "GET /favicon.ico HTTP/1.1" 200 21630 "http://192.168.37.90/linkmanSys/list.html" "Mozilla/5.0 (Windows NT 10.0; Win64; x64) AppleWebKit/537.36 (KHTML, like Gecko) Chrome/90.0.4430.212 Safari/537.36"
192.168.37.215 - - [24/May/2021:12:18:03 +0800] "GET /favicon.ico HTTP/1.1" 200 21630 "http://192.168.37.90/linkmanSys/" "Mozilla/5.0 (Windows NT 10.0; Win64; x64) AppleWebKit/537.36 (KHTML, like Gecko) Chrome/90.0.4430.212 Safari/537.36"
192.168.37.86 - - [24/May/2021:12:18:03 +0800] "GET /linkmanSys/add.html HTTP/1.1" 200 3978 "http://192.168.37.90/linkmanSys/list.html" "Mozilla/5.0 (Windows NT 10.0; Win64; x64) AppleWebKit/537.36 (KHTML, like Gecko) Chrome/90.0.4430.212 Safari/537.36 Edg/90.0.818.66"
192.168.37.74 - - [24/May/2021:12:18:03 +0800] "GET /linkmanSys/list.html HTTP/1.1" 200 3742 "http://192.168.37.90/linkmanSys/" "Mozilla/5.0 (Windows NT 10.0; Win64; x64) AppleWebKit/537.36 (KHTML, like Gecko) Chrome/90.0.4430.212 Safari/537.36"
192.168.37.74 - - [24/May/2021:12:18:03 +0800] "GET /linkmanSys/js/jquery-2.1.0.min.js HTTP/1.1" 200 83617 "http://192.168.37.90/linkmanSys/list.html" "Mozilla/5.0 (Windows NT 10.0; Win64; x64) AppleWebKit/537.36 (KHTML, like Gecko) Chrome/90.0.4430.212 Safari/537.36"
192.168.37.74 - - [24/May/2021:12:18:03 +0800] "GET /linkmanSys/css/bootstrap.min.css HTTP/1.1" 200 121200 "http://192.168.37.90/linkmanSys/list.html" "Mozilla/5.0 (Windows NT 10.0; Win64; x64) AppleWebKit/537.36 (KHTML, like Gecko) Chrome/90.0.4430.212 Safari/537.36"
192.168.37.74 - - [24/May/2021:12:18:03 +0800] "GET /linkmanSys/js/axios-0.18.0.js HTTP/1.1" 200 12948 "http://192.168.37.90/linkmanSys/list.html" "Mozilla/5.0 (Windows NT 10.0; Win64; x64) AppleWebKit/537.36 (KHTML, like Gecko) Chrome/90.0.4430.212 Safari/537.36"
192.168.37.74 - - [24/May/2021:12:18:03 +0800] "GET /linkmanSys/js/bootstrap.min.js HTTP/1.1" 200 37045 "http://192.168.37.90/linkmanSys/list.html" "Mozilla/5.0 (Windows NT 10.0; Win64; x64) AppleWebKit/537.36 (KHTML, like Gecko) Chrome/90.0.4430.212 Safari/537.36"
192.168.37.74 - - [24/May/2021:12:18:03 +0800] "GET /linkmanSys/js/vuejs-2.5.16.js HTTP/1.1" 200 300248 "http://192.168.37.90/linkmanSys/list.html" "Mozilla/5.0 (Windows NT 10.0; Win64; x64) AppleWebKit/537.36 (KHTML, like Gecko) Chrome/90.0.4430.212 Safari/537.36"
192.168.37.45 - - [24/May/2021:12:18:03 +0800] "GET /linkmanSys/linkMan?method=findAll HTTP/1.1" 200 944 "http://192.168.37.90/linkmanSys/list.html" "Mozilla/5.0 (Windows NT 10.0; Win64; x64) AppleWebKit/537.36 (KHTML, like Gecko) Chrome/90.0.4430.212 Safari/537.36"
192.168.37.69 - - [24/May/2021:12:18:03 +0800] "GET /inkmanSys/list.html HTTP/1.1" 404 723 "-" "Mozilla/5.0 (Windows NT 10.0; Win64; x64) AppleWebKit/537.36 (KHTML, like Gecko) Chrome/90.0.4430.212 Safari/537.36"
192.168.37.69 - - [24/May/2021:12:18:03 +0800] "GET /favicon.ico HTTP/1.1" 200 21630 "http://192.168.37.90/inkmanSys/list.html" "Mozilla/5.0 (Windows NT 10.0; Win64; x64) AppleWebKit/537.36 (KHTML, like Gecko) Chrome/90.0.4430.212 Safari/537.36"
192.168.37.74 - - [24/May/2021:12:18:03 +0800] "GET /linkmanSys/linkMan?method=findAll HTTP/1.1" 200 944 "http://192.168.37.90/linkmanSys/list.html" "Mozilla/5.0 (Windows NT 10.0; Win64; x64) AppleWebKit/537.36 (KHTML, like Gecko) Chrome/90.0.4430.212 Safari/537.36"
192.168.37.78 - - [24/May/2021:12:18:03 +0800] "GET /linkmanSys/add.html HTTP/1.1" 200 3978 "http://192.168.37.90/linkmanSys/list.html" "Mozilla/5.0 (Macintosh; Intel Mac OS X 10.15; rv:88.0) Gecko/20100101 Firefox/88.0"
192.168.37.29 - - [24/May/2021:12:18:03 +0800] "GET /linkmanSys/list.html HTTP/1.1" 304 0 "http://192.168.37.90/linkmanSys/list.html" "Mozilla/5.0 (Windows NT 10.0; Win64; x64) AppleWebKit/537.36 (KHTML, like Gecko) Chrome/90.0.4430.212 Safari/537.36"
192.168.37.29 - - [24/May/2021:12:18:04 +0800] "GET /linkmanSys/linkMan?method=findAll HTTP/1.1" 200 944 "http://192.168.37.90/linkmanSys/list.html" "Mozilla/5.0 (Windows NT 10.0; Win64; x64) AppleWebKit/537.36 (KHTML, like Gecko) Chrome/90.0.4430.212 Safari/537.36"
192.168.37.29 - - [24/May/2021:12:18:04 +0800] "GET /favicon.ico HTTP/1.1" 200 21630 "http://192.168.37.90/linkmanSys/list.html" "Mozilla/5.0 (Windows NT 10.0; Win64; x64) AppleWebKit/537.36 (KHTML, like Gecko) Chrome/90.0.4430.212 Safari/537.36"
192.168.37.24 - - [24/May/2021:12:18:04 +0800] "GET /linkmanSys/linkMan?method=delete&id=168 HTTP/1.1" 200 49 "http://192.168.37.90/linkmanSys/list.html" "Mozilla/5.0 (Windows NT 10.0; Win64; x64) AppleWebKit/537.36 (KHTML, like Gecko) Chrome/90.0.4430.85 Safari/537.36"
192.168.37.24 - - [24/May/2021:12:18:04 +0800] "GET /linkmanSys/linkMan?method=findAll HTTP/1.1" 200 944 "http://192.168.37.90/linkmanSys/list.html" "Mozilla/5.0 (Windows NT 10.0; Win64; x64) AppleWebKit/537.36 (KHTML, like Gecko) Chrome/90.0.4430.85 Safari/537.36"
192.168.37.29 - - [24/May/2021:12:18:04 +0800] "GET /linkmanSys/list.html HTTP/1.1" 304 0 "http://192.168.37.90/linkmanSys/list.html" "Mozilla/5.0 (Windows NT 10.0; Win64; x64) AppleWebKit/537.36 (KHTML, like Gecko) Chrome/90.0.4430.212 Safari/537.36"
192.168.37.29 - - [24/May/2021:12:18:04 +0800] "GET /linkmanSys/linkMan?method=findAll HTTP/1.1" 200 944 "http://192.168.37.90/linkmanSys/list.html" "Mozilla/5.0 (Windows NT 10.0; Win64; x64) AppleWebKit/537.36 (KHTML, like Gecko) Chrome/90.0.4430.212 Safari/537.36"
192.168.37.29 - - [24/May/2021:12:18:04 +0800] "GET /favicon.ico HTTP/1.1" 200 21630 "http://192.168.37.90/linkmanSys/list.html" "Mozilla/5.0 (Windows NT 10.0; Win64; x64) AppleWebKit/537.36 (KHTML, like Gecko) Chrome/90.0.4430.212 Safari/537.36"
192.168.37.29 - - [24/May/2021:12:18:04 +0800] "GET /linkmanSys/list.html HTTP/1.1" 304 0 "http://192.168.37.90/linkmanSys/list.html" "Mozilla/5.0 (Windows NT 10.0; Win64; x64) AppleWebKit/537.36 (KHTML, like Gecko) Chrome/90.0.4430.212 Safari/537.36"
192.168.37.29 - - [24/May/2021:12:18:04 +0800] "GET /linkmanSys/linkMan?method=findAll HTTP/1.1" 200 944 "http://192.168.37.90/linkmanSys/list.html" "Mozilla/5.0 (Windows NT 10.0; Win64; x64) AppleWebKit/537.36 (KHTML, like Gecko) Chrome/90.0.4430.212 Safari/537.36"
192.168.37.80 - - [24/May/2021:12:18:04 +0800] "GET /linkmanSys/list.html HTTP/1.1" 200 3742 "http://192.168.37.90/linkmanSys/" "Mozilla/5.0 (Windows NT 10.0; WOW64) AppleWebKit/537.36 (KHTML, like Gecko) Chrome/90.0.4430.93 Safari/537.36"
192.168.37.29 - - [24/May/2021:12:18:04 +0800] "GET /favicon.ico HTTP/1.1" 200 21630 "http://192.168.37.90/linkmanSys/list.html" "Mozilla/5.0 (Windows NT 10.0; Win64; x64) AppleWebKit/537.36 (KHTML, like Gecko) Chrome/90.0.4430.212 Safari/537.36"
192.168.37.80 - - [24/May/2021:12:18:04 +0800] "GET /linkmanSys/js/axios-0.18.0.js HTTP/1.1" 200 12948 "http://192.168.37.90/linkmanSys/list.html" "Mozilla/5.0 (Windows NT 10.0; WOW64) AppleWebKit/537.36 (KHTML, like Gecko) Chrome/90.0.4430.93 Safari/537.36"
192.168.37.80 - - [24/May/2021:12:18:04 +0800] "GET /linkmanSys/js/bootstrap.min.js HTTP/1.1" 200 37045 "http://192.168.37.90/linkmanSys/list.html" "Mozilla/5.0 (Windows NT 10.0; WOW64) AppleWebKit/537.36 (KHTML, like Gecko) Chrome/90.0.4430.93 Safari/537.36"
192.168.37.80 - - [24/May/2021:12:18:04 +0800] "GET /linkmanSys/js/jquery-2.1.0.min.js HTTP/1.1" 200 83617 "http://192.168.37.90/linkmanSys/list.html" "Mozilla/5.0 (Windows NT 10.0; WOW64) AppleWebKit/537.36 (KHTML, like Gecko) Chrome/90.0.4430.93 Safari/537.36"
192.168.37.80 - - [24/May/2021:12:18:04 +0800] "GET /linkmanSys/css/bootstrap.min.css HTTP/1.1" 200 121200 "http://192.168.37.90/linkmanSys/list.html" "Mozilla/5.0 (Windows NT 10.0; WOW64) AppleWebKit/537.36 (KHTML, like Gecko) Chrome/90.0.4430.93 Safari/537.36"
192.168.37.73 - - [24/May/2021:12:18:04 +0800] "GET /linkmanSys/ HTTP/1.1" 200 250 "-" "Mozilla/5.0 (Windows NT 10.0; Win64; x64) AppleWebKit/537.36 (KHTML, like Gecko) Chrome/90.0.4430.212 Safari/537.36 Edg/90.0.818.66"
192.168.37.80 - - [24/May/2021:12:18:04 +0800] "GET /linkmanSys/js/vuejs-2.5.16.js HTTP/1.1" 200 300248 "http://192.168.37.90/linkmanSys/list.html" "Mozilla/5.0 (Windows NT 10.0; WOW64) AppleWebKit/537.36 (KHTML, like Gecko) Chrome/90.0.4430.93 Safari/537.36"
192.168.37.73 - - [24/May/2021:12:18:04 +0800] "GET /favicon.ico HTTP/1.1" 200 21630 "http://192.168.37.90/linkmanSys/" "Mozilla/5.0 (Windows NT 10.0; Win64; x64) AppleWebKit/537.36 (KHTML, like Gecko) Chrome/90.0.4430.212 Safari/537.36 Edg/90.0.818.66"
192.168.37.80 - - [24/May/2021:12:18:04 +0800] "GET /linkmanSys/linkMan?method=findAll HTTP/1.1" 200 944 "http://192.168.37.90/linkmanSys/list.html" "Mozilla/5.0 (Windows NT 10.0; WOW64) AppleWebKit/537.36 (KHTML, like Gecko) Chrome/90.0.4430.93 Safari/537.36"
192.168.37.44 - - [24/May/2021:12:18:05 +0800] "GET /linkmanSys/add.html HTTP/1.1" 200 3978 "http://192.168.37.90/linkmanSys/list.html" "Mozilla/5.0 (Windows NT 10.0; Win64; x64) AppleWebKit/537.36 (KHTML, like Gecko) Chrome/90.0.4430.212 Safari/537.36"
192.168.37.38 - - [24/May/2021:12:18:05 +0800] "GET / HTTP/1.1" 200 11156 "-" "Mozilla/5.0 (Windows NT 10.0; Win64; x64) AppleWebKit/537.36 (KHTML, like Gecko) Chrome/89.0.4389.90 Safari/537.36"
192.168.37.38 - - [24/May/2021:12:18:05 +0800] "GET /favicon.ico HTTP/1.1" 200 21630 "http://192.168.37.90/" "Mozilla/5.0 (Windows NT 10.0; Win64; x64) AppleWebKit/537.36 (KHTML, like Gecko) Chrome/89.0.4389.90 Safari/537.36"
192.168.37.69 - - [24/May/2021:12:18:06 +0800] "GET /inkmanSys/list.html HTTP/1.1" 404 723 "-" "Mozilla/5.0 (Windows NT 10.0; Win64; x64) AppleWebKit/537.36 (KHTML, like Gecko) Chrome/90.0.4430.212 Safari/537.36"
192.168.37.69 - - [24/May/2021:12:18:06 +0800] "GET /favicon.ico HTTP/1.1" 200 21630 "http://192.168.37.90/inkmanSys/list.html" "Mozilla/5.0 (Windows NT 10.0; Win64; x64) AppleWebKit/537.36 (KHTML, like Gecko) Chrome/90.0.4430.212 Safari/537.36"
192.168.37.29 - - [24/May/2021:12:18:06 +0800] "GET /linkmanSys/linkMan?method=delete&id=169 HTTP/1.1" 200 49 "http://192.168.37.90/linkmanSys/list.html" "Mozilla/5.0 (Windows NT 10.0; Win64; x64) AppleWebKit/537.36 (KHTML, like Gecko) Chrome/90.0.4430.212 Safari/537.36"
192.168.37.215 - - [24/May/2021:12:18:06 +0800] "GET /linkmanSys/list.html HTTP/1.1" 200 3742 "http://192.168.37.90/linkmanSys/" "Mozilla/5.0 (Windows NT 10.0; Win64; x64) AppleWebKit/537.36 (KHTML, like Gecko) Chrome/90.0.4430.212 Safari/537.36"
192.168.37.215 - - [24/May/2021:12:18:06 +0800] "GET /linkmanSys/js/axios-0.18.0.js HTTP/1.1" 200 12948 "http://192.168.37.90/linkmanSys/list.html" "Mozilla/5.0 (Windows NT 10.0; Win64; x64) AppleWebKit/537.36 (KHTML, like Gecko) Chrome/90.0.4430.212 Safari/537.36"
192.168.37.215 - - [24/May/2021:12:18:06 +0800] "GET /linkmanSys/js/bootstrap.min.js HTTP/1.1" 200 37045 "http://192.168.37.90/linkmanSys/list.html" "Mozilla/5.0 (Windows NT 10.0; Win64; x64) AppleWebKit/537.36 (KHTML, like Gecko) Chrome/90.0.4430.212 Safari/537.36"
192.168.37.215 - - [24/May/2021:12:18:06 +0800] "GET /linkmanSys/js/jquery-2.1.0.min.js HTTP/1.1" 200 83617 "http://192.168.37.90/linkmanSys/list.html" "Mozilla/5.0 (Windows NT 10.0; Win64; x64) AppleWebKit/537.36 (KHTML, like Gecko) Chrome/90.0.4430.212 Safari/537.36"
192.168.37.29 - - [24/May/2021:12:18:06 +0800] "GET /linkmanSys/linkMan?method=findAll HTTP/1.1" 200 832 "http://192.168.37.90/linkmanSys/list.html" "Mozilla/5.0 (Windows NT 10.0; Win64; x64) AppleWebKit/537.36 (KHTML, like Gecko) Chrome/90.0.4430.212 Safari/537.36"
192.168.37.215 - - [24/May/2021:12:18:06 +0800] "GET /linkmanSys/css/bootstrap.min.css HTTP/1.1" 200 121200 "http://192.168.37.90/linkmanSys/list.html" "Mozilla/5.0 (Windows NT 10.0; Win64; x64) AppleWebKit/537.36 (KHTML, like Gecko) Chrome/90.0.4430.212 Safari/537.36"
192.168.37.215 - - [24/May/2021:12:18:06 +0800] "GET /linkmanSys/js/vuejs-2.5.16.js HTTP/1.1" 200 300248 "http://192.168.37.90/linkmanSys/list.html" "Mozilla/5.0 (Windows NT 10.0; Win64; x64) AppleWebKit/537.36 (KHTML, like Gecko) Chrome/90.0.4430.212 Safari/537.36"
192.168.37.215 - - [24/May/2021:12:18:06 +0800] "GET /linkmanSys/linkMan?method=findAll HTTP/1.1" 200 832 "http://192.168.37.90/linkmanSys/list.html" "Mozilla/5.0 (Windows NT 10.0; Win64; x64) AppleWebKit/537.36 (KHTML, like Gecko) Chrome/90.0.4430.212 Safari/537.36"
192.168.37.51 - - [24/May/2021:12:18:06 +0800] "POST /linkmanSys/linkMan?method=add HTTP/1.1" 200 61 "http://192.168.37.90/linkmanSys/add.html" "Mozilla/5.0 (Windows NT 10.0; Win64; x64) AppleWebKit/537.36 (KHTML, like Gecko) Chrome/90.0.4430.212 Safari/537.36"
192.168.37.51 - - [24/May/2021:12:18:06 +0800] "GET /linkmanSys/linkMan?method=findAll HTTP/1.1" 200 939 "http://192.168.37.90/linkmanSys/list.html" "Mozilla/5.0 (Windows NT 10.0; Win64; x64) AppleWebKit/537.36 (KHTML, like Gecko) Chrome/90.0.4430.212 Safari/537.36"
192.168.37.29 - - [24/May/2021:12:18:06 +0800] "GET /linkmanSys/list.html HTTP/1.1" 304 0 "http://192.168.37.90/linkmanSys/list.html" "Mozilla/5.0 (Windows NT 10.0; Win64; x64) AppleWebKit/537.36 (KHTML, like Gecko) Chrome/90.0.4430.212 Safari/537.36"
192.168.37.29 - - [24/May/2021:12:18:06 +0800] "GET /linkmanSys/linkMan?method=findAll HTTP/1.1" 200 939 "http://192.168.37.90/linkmanSys/list.html" "Mozilla/5.0 (Windows NT 10.0; Win64; x64) AppleWebKit/537.36 (KHTML, like Gecko) Chrome/90.0.4430.212 Safari/537.36"
192.168.37.29 - - [24/May/2021:12:18:06 +0800] "GET /favicon.ico HTTP/1.1" 200 21630 "http://192.168.37.90/linkmanSys/list.html" "Mozilla/5.0 (Windows NT 10.0; Win64; x64) AppleWebKit/537.36 (KHTML, like Gecko) Chrome/90.0.4430.212 Safari/537.36"
192.168.37.29 - - [24/May/2021:12:18:07 +0800] "GET /linkmanSys/list.html HTTP/1.1" 304 0 "http://192.168.37.90/linkmanSys/list.html" "Mozilla/5.0 (Windows NT 10.0; Win64; x64) AppleWebKit/537.36 (KHTML, like Gecko) Chrome/90.0.4430.212 Safari/537.36"
192.168.37.29 - - [24/May/2021:12:18:07 +0800] "GET /linkmanSys/linkMan?method=findAll HTTP/1.1" 200 939 "http://192.168.37.90/linkmanSys/list.html" "Mozilla/5.0 (Windows NT 10.0; Win64; x64) AppleWebKit/537.36 (KHTML, like Gecko) Chrome/90.0.4430.212 Safari/537.36"
192.168.37.29 - - [24/May/2021:12:18:07 +0800] "GET /favicon.ico HTTP/1.1" 200 21630 "http://192.168.37.90/linkmanSys/list.html" "Mozilla/5.0 (Windows NT 10.0; Win64; x64) AppleWebKit/537.36 (KHTML, like Gecko) Chrome/90.0.4430.212 Safari/537.36"
192.168.37.53 - - [24/May/2021:12:18:07 +0800] "GET /linkmanSys/list.html HTTP/1.1" 304 0 "-" "Mozilla/5.0 (Windows NT 10.0; Win64; x64) AppleWebKit/537.36 (KHTML, like Gecko) Chrome/90.0.4430.212 Safari/537.36"
192.168.37.53 - - [24/May/2021:12:18:07 +0800] "GET /linkmanSys/linkMan?method=findAll HTTP/1.1" 200 939 "http://192.168.37.90/linkmanSys/list.html" "Mozilla/5.0 (Windows NT 10.0; Win64; x64) AppleWebKit/537.36 (KHTML, like Gecko) Chrome/90.0.4430.212 Safari/537.36"
192.168.37.53 - - [24/May/2021:12:18:07 +0800] "GET /favicon.ico HTTP/1.1" 200 21630 "http://192.168.37.90/linkmanSys/list.html" "Mozilla/5.0 (Windows NT 10.0; Win64; x64) AppleWebKit/537.36 (KHTML, like Gecko) Chrome/90.0.4430.212 Safari/537.36"
192.168.37.74 - - [24/May/2021:12:18:07 +0800] "GET /linkmanSys/add.html HTTP/1.1" 200 3978 "http://192.168.37.90/linkmanSys/list.html" "Mozilla/5.0 (Windows NT 10.0; Win64; x64) AppleWebKit/537.36 (KHTML, like Gecko) Chrome/90.0.4430.212 Safari/537.36"
192.168.37.91 - - [24/May/2021:12:18:08 +0800] "GET /linkmanSys HTTP/1.1" 302 5 "-" "Mozilla/5.0 (Windows NT 10.0; WOW64) AppleWebKit/537.36 (KHTML, like Gecko) Chrome/90.0.4430.93 Safari/537.36"
192.168.37.24 - - [24/May/2021:12:18:08 +0800] "GET /linkmanSys/linkMan?method=delete&id=169 HTTP/1.1" 200 49 "http://192.168.37.90/linkmanSys/list.html" "Mozilla/5.0 (Windows NT 10.0; Win64; x64) AppleWebKit/537.36 (KHTML, like Gecko) Chrome/90.0.4430.85 Safari/537.36"
192.168.37.91 - - [24/May/2021:12:18:08 +0800] "GET /linkmanSys/ HTTP/1.1" 200 250 "-" "Mozilla/5.0 (Windows NT 10.0; WOW64) AppleWebKit/537.36 (KHTML, like Gecko) Chrome/90.0.4430.93 Safari/537.36"
192.168.37.91 - - [24/May/2021:12:18:08 +0800] "GET /favicon.ico HTTP/1.1" 200 21630 "http://192.168.37.90/linkmanSys/" "Mozilla/5.0 (Windows NT 10.0; WOW64) AppleWebKit/537.36 (KHTML, like Gecko) Chrome/90.0.4430.93 Safari/537.36"
192.168.37.24 - - [24/May/2021:12:18:08 +0800] "GET /linkmanSys/linkMan?method=findAll HTTP/1.1" 200 939 "http://192.168.37.90/linkmanSys/list.html" "Mozilla/5.0 (Windows NT 10.0; Win64; x64) AppleWebKit/537.36 (KHTML, like Gecko) Chrome/90.0.4430.85 Safari/537.36"
192.168.37.43 - - [24/May/2021:12:18:08 +0800] "GET /linkmanSys HTTP/1.1" 302 5 "-" "Mozilla/5.0 (Windows NT 10.0; Win64; x64) AppleWebKit/537.36 (KHTML, like Gecko) Chrome/90.0.4430.93 Safari/537.36"
192.168.37.43 - - [24/May/2021:12:18:08 +0800] "GET /linkmanSys/ HTTP/1.1" 200 250 "-" "Mozilla/5.0 (Windows NT 10.0; Win64; x64) AppleWebKit/537.36 (KHTML, like Gecko) Chrome/90.0.4430.93 Safari/537.36"
192.168.37.43 - - [24/May/2021:12:18:08 +0800] "GET /favicon.ico HTTP/1.1" 200 21630 "http://192.168.37.90/linkmanSys/" "Mozilla/5.0 (Windows NT 10.0; Win64; x64) AppleWebKit/537.36 (KHTML, like Gecko) Chrome/90.0.4430.93 Safari/537.36"
192.168.37.36 - - [24/May/2021:12:18:08 +0800] "GET /linkmanSys/list.html HTTP/1.1" 200 3742 "http://192.168.37.90/linkmanSys/" "Mozilla/5.0 (Windows NT 10.0; Win64; x64) AppleWebKit/537.36 (KHTML, like Gecko) Chrome/90.0.4430.212 Safari/537.36"
192.168.37.73 - - [24/May/2021:12:18:08 +0800] "GET /linkmanSys/list.html HTTP/1.1" 200 3742 "http://192.168.37.90/linkmanSys/" "Mozilla/5.0 (Windows NT 10.0; Win64; x64) AppleWebKit/537.36 (KHTML, like Gecko) Chrome/90.0.4430.212 Safari/537.36 Edg/90.0.818.66"
192.168.37.80 - - [24/May/2021:12:18:08 +0800] "GET /linkmanSys/update.html?id=169 HTTP/1.1" 200 2622 "http://192.168.37.90/linkmanSys/list.html" "Mozilla/5.0 (Windows NT 10.0; WOW64) AppleWebKit/537.36 (KHTML, like Gecko) Chrome/90.0.4430.93 Safari/537.36"
192.168.37.73 - - [24/May/2021:12:18:08 +0800] "GET /linkmanSys/js/axios-0.18.0.js HTTP/1.1" 200 12948 "http://192.168.37.90/linkmanSys/list.html" "Mozilla/5.0 (Windows NT 10.0; Win64; x64) AppleWebKit/537.36 (KHTML, like Gecko) Chrome/90.0.4430.212 Safari/537.36 Edg/90.0.818.66"
192.168.37.73 - - [24/May/2021:12:18:08 +0800] "GET /linkmanSys/js/bootstrap.min.js HTTP/1.1" 200 37045 "http://192.168.37.90/linkmanSys/list.html" "Mozilla/5.0 (Windows NT 10.0; Win64; x64) AppleWebKit/537.36 (KHTML, like Gecko) Chrome/90.0.4430.212 Safari/537.36 Edg/90.0.818.66"
192.168.37.73 - - [24/May/2021:12:18:08 +0800] "GET /linkmanSys/js/jquery-2.1.0.min.js HTTP/1.1" 200 83617 "http://192.168.37.90/linkmanSys/list.html" "Mozilla/5.0 (Windows NT 10.0; Win64; x64) AppleWebKit/537.36 (KHTML, like Gecko) Chrome/90.0.4430.212 Safari/537.36 Edg/90.0.818.66"
