192.168.37.88 - - [24/May/2021:12:18:39 +0800] "GET /linkmanSys/linkMan?method=findAll HTTP/1.1" 200 303 "http://192.168.37.90/linkmanSys/list.html" "Mozilla/5.0 (Windows NT 10.0; Win64; x64) AppleWebKit/537.36 (KHTML, like Gecko) Chrome/89.0.4389.90 Safari/537.36"
192.168.37.88 - - [24/May/2021:12:18:39 +0800] "GET /favicon.ico HTTP/1.1" 200 21630 "http://192.168.37.90/linkmanSys/list.html" "Mozilla/5.0 (Windows NT 10.0; Win64; x64) AppleWebKit/537.36 (KHTML, like Gecko) Chrome/89.0.4389.90 Safari/537.36"
192.168.37.93 - - [24/May/2021:12:18:39 +0800] "GET /linkmanSys/linkMan?method=findAll HTTP/1.1" 200 303 "http://192.168.37.90/linkmanSys/list.html" "Mozilla/5.0 (Windows NT 10.0; Win64; x64) AppleWebKit/537.36 (KHTML, like Gecko) Chrome/75.0.3770.100 Safari/537.36"
192.168.37.51 - - [24/May/2021:12:18:39 +0800] "GET /linkmanSys/list.html HTTP/1.1" 304 0 "http://192.168.37.90/linkmanSys/add.html" "Mozilla/5.0 (Windows NT 10.0; Win64; x64) AppleWebKit/537.36 (KHTML, like Gecko) Chrome/90.0.4430.212 Safari/537.36"
192.168.37.29 - - [24/May/2021:12:18:39 +0800] "GET /linkmanSys/list.html HTTP/1.1" 304 0 "http://192.168.37.90/linkmanSys/list.html" "Mozilla/5.0 (Windows NT 10.0; Win64; x64) AppleWebKit/537.36 (KHTML, like Gecko) Chrome/90.0.4430.212 Safari/537.36"
192.168.37.93 - - [24/May/2021:12:18:39 +0800] "GET /favicon.ico HTTP/1.1" 200 21630 "http://192.168.37.90/linkmanSys/list.html" "Mozilla/5.0 (Windows NT 10.0; Win64; x64) AppleWebKit/537.36 (KHTML, like Gecko) Chrome/75.0.3770.100 Safari/537.36"
192.168.37.29 - - [24/May/2021:12:18:39 +0800] "GET /favicon.ico HTTP/1.1" 200 21630 "http://192.168.37.90/linkmanSys/list.html" "Mozilla/5.0 (Windows NT 10.0; Win64; x64) AppleWebKit/537.36 (KHTML, like Gecko) Chrome/90.0.4430.212 Safari/537.36"
192.168.37.29 - - [24/May/2021:12:18:39 +0800] "GET /linkmanSys/linkMan?method=findAll HTTP/1.1" 200 303 "http://192.168.37.90/linkmanSys/list.html" "Mozilla/5.0 (Windows NT 10.0; Win64; x64) AppleWebKit/537.36 (KHTML, like Gecko) Chrome/90.0.4430.212 Safari/537.36"
192.168.37.51 - - [24/May/2021:12:18:39 +0800] "GET /linkmanSys/linkMan?method=findAll HTTP/1.1" 200 303 "http://192.168.37.90/linkmanSys/list.html" "Mozilla/5.0 (Windows NT 10.0; Win64; x64) AppleWebKit/537.36 (KHTML, like Gecko) Chrome/90.0.4430.212 Safari/537.36"
192.168.37.51 - - [24/May/2021:12:18:39 +0800] "GET /favicon.ico HTTP/1.1" 200 21630 "http://192.168.37.90/linkmanSys/list.html" "Mozilla/5.0 (Windows NT 10.0; Win64; x64) AppleWebKit/537.36 (KHTML, like Gecko) Chrome/90.0.4430.212 Safari/537.36"
192.168.37.30 - - [24/May/2021:12:18:39 +0800] "GET /linkmanSys/list.html HTTP/1.1" 304 0 "http://192.168.37.90/linkmanSys/add.html" "Mozilla/5.0 (Windows NT 10.0; WOW64) AppleWebKit/537.36 (KHTML, like Gecko) Chrome/72.0.3626.81 Safari/537.36 SE 2.X MetaSr 1.0"
192.168.37.93 - - [24/May/2021:12:18:39 +0800] "GET /linkmanSys/list.html HTTP/1.1" 304 0 "http://192.168.37.90/linkmanSys/list.html" "Mozilla/5.0 (Windows NT 10.0; Win64; x64) AppleWebKit/537.36 (KHTML, like Gecko) Chrome/75.0.3770.100 Safari/537.36"
192.168.37.84 - - [24/May/2021:12:18:39 +0800] "GET /linkmanSys/linkMan?method=findAll HTTP/1.1" 200 303 "http://192.168.37.90/linkmanSys/list.html" "Mozilla/5.0 (Windows NT 10.0; WOW64) AppleWebKit/537.36 (KHTML, like Gecko) Chrome/89.0.4389.114 Safari/537.36"
192.168.37.73 - - [24/May/2021:12:18:39 +0800] "GET /linkmanSys/list.html HTTP/1.1" 304 0 "http://192.168.37.90/linkmanSys/" "Mozilla/5.0 (Windows NT 10.0; Win64; x64) AppleWebKit/537.36 (KHTML, like Gecko) Chrome/90.0.4430.212 Safari/537.36 Edg/90.0.818.66"
192.168.37.93 - - [24/May/2021:12:18:39 +0800] "GET /linkmanSys/linkMan?method=findAll HTTP/1.1" 200 303 "http://192.168.37.90/linkmanSys/list.html" "Mozilla/5.0 (Windows NT 10.0; Win64; x64) AppleWebKit/537.36 (KHTML, like Gecko) Chrome/75.0.3770.100 Safari/537.36"
192.168.37.30 - - [24/May/2021:12:18:39 +0800] "GET /linkmanSys/linkMan?method=findAll HTTP/1.1" 200 303 "http://192.168.37.90/linkmanSys/list.html" "Mozilla/5.0 (Windows NT 10.0; WOW64) AppleWebKit/537.36 (KHTML, like Gecko) Chrome/72.0.3626.81 Safari/537.36 SE 2.X MetaSr 1.0"
192.168.37.51 - - [24/May/2021:12:18:39 +0800] "GET /linkmanSys/list.html HTTP/1.1" 304 0 "http://192.168.37.90/linkmanSys/add.html" "Mozilla/5.0 (Windows NT 10.0; Win64; x64) AppleWebKit/537.36 (KHTML, like Gecko) Chrome/90.0.4430.212 Safari/537.36"
192.168.37.93 - - [24/May/2021:12:18:39 +0800] "GET /favicon.ico HTTP/1.1" 200 21630 "http://192.168.37.90/linkmanSys/list.html" "Mozilla/5.0 (Windows NT 10.0; Win64; x64) AppleWebKit/537.36 (KHTML, like Gecko) Chrome/75.0.3770.100 Safari/537.36"
192.168.37.70 - - [24/May/2021:12:18:39 +0800] "GET /linkmanSys/list.html HTTP/1.1" 304 0 "http://192.168.37.90/linkmanSys/" "Mozilla/5.0 (Windows NT 10.0; Win64; x64) AppleWebKit/537.36 (KHTML, like Gecko) Chrome/89.0.4389.114 Safari/537.36"
192.168.37.73 - - [24/May/2021:12:18:39 +0800] "GET /linkmanSys/linkMan?method=findAll HTTP/1.1" 200 303 "http://192.168.37.90/linkmanSys/list.html" "Mozilla/5.0 (Windows NT 10.0; Win64; x64) AppleWebKit/537.36 (KHTML, like Gecko) Chrome/90.0.4430.212 Safari/537.36 Edg/90.0.818.66"
192.168.37.51 - - [24/May/2021:12:18:39 +0800] "GET /favicon.ico HTTP/1.1" 200 21630 "http://192.168.37.90/linkmanSys/list.html" "Mozilla/5.0 (Windows NT 10.0; Win64; x64) AppleWebKit/537.36 (KHTML, like Gecko) Chrome/90.0.4430.212 Safari/537.36"
192.168.37.73 - - [24/May/2021:12:18:39 +0800] "GET /favicon.ico HTTP/1.1" 200 21630 "http://192.168.37.90/linkmanSys/list.html" "Mozilla/5.0 (Windows NT 10.0; Win64; x64) AppleWebKit/537.36 (KHTML, like Gecko) Chrome/90.0.4430.212 Safari/537.36 Edg/90.0.818.66"
192.168.37.51 - - [24/May/2021:12:18:39 +0800] "GET /linkmanSys/linkMan?method=findAll HTTP/1.1" 200 303 "http://192.168.37.90/linkmanSys/list.html" "Mozilla/5.0 (Windows NT 10.0; Win64; x64) AppleWebKit/537.36 (KHTML, like Gecko) Chrome/90.0.4430.212 Safari/537.36"
192.168.37.70 - - [24/May/2021:12:18:39 +0800] "GET /linkmanSys/linkMan?method=findAll HTTP/1.1" 200 303 "http://192.168.37.90/linkmanSys/list.html" "Mozilla/5.0 (Windows NT 10.0; Win64; x64) AppleWebKit/537.36 (KHTML, like Gecko) Chrome/89.0.4389.114 Safari/537.36"
192.168.37.70 - - [24/May/2021:12:18:39 +0800] "GET /favicon.ico HTTP/1.1" 200 21630 "http://192.168.37.90/linkmanSys/list.html" "Mozilla/5.0 (Windows NT 10.0; Win64; x64) AppleWebKit/537.36 (KHTML, like Gecko) Chrome/89.0.4389.114 Safari/537.36"
192.168.37.29 - - [24/May/2021:12:18:39 +0800] "GET /linkmanSys/list.html HTTP/1.1" 304 0 "http://192.168.37.90/linkmanSys/list.html" "Mozilla/5.0 (Windows NT 10.0; Win64; x64) AppleWebKit/537.36 (KHTML, like Gecko) Chrome/90.0.4430.212 Safari/537.36"
192.168.37.29 - - [24/May/2021:12:18:39 +0800] "GET /favicon.ico HTTP/1.1" 200 21630 "http://192.168.37.90/linkmanSys/list.html" "Mozilla/5.0 (Windows NT 10.0; Win64; x64) AppleWebKit/537.36 (KHTML, like Gecko) Chrome/90.0.4430.212 Safari/537.36"
192.168.37.29 - - [24/May/2021:12:18:39 +0800] "GET /linkmanSys/linkMan?method=findAll HTTP/1.1" 200 303 "http://192.168.37.90/linkmanSys/list.html" "Mozilla/5.0 (Windows NT 10.0; Win64; x64) AppleWebKit/537.36 (KHTML, like Gecko) Chrome/90.0.4430.212 Safari/537.36"
192.168.37.30 - - [24/May/2021:12:18:39 +0800] "GET /linkmanSys/list.html HTTP/1.1" 304 0 "http://192.168.37.90/linkmanSys/add.html" "Mozilla/5.0 (Windows NT 10.0; WOW64) AppleWebKit/537.36 (KHTML, like Gecko) Chrome/72.0.3626.81 Safari/537.36 SE 2.X MetaSr 1.0"
192.168.37.93 - - [24/May/2021:12:18:39 +0800] "GET /linkmanSys/list.html HTTP/1.1" 304 0 "http://192.168.37.90/linkmanSys/list.html" "Mozilla/5.0 (Windows NT 10.0; Win64; x64) AppleWebKit/537.36 (KHTML, like Gecko) Chrome/75.0.3770.100 Safari/537.36"
192.168.37.62 - - [24/May/2021:12:18:39 +0800] "POST /linkmanSys/linkMan?method=add HTTP/1.1" 200 61 "http://192.168.37.90/linkmanSys/add.html" "Mozilla/5.0 (Macintosh; Intel Mac OS X 10_15_6) AppleWebKit/605.1.15 (KHTML, like Gecko) Version/14.0.3 Safari/605.1.15"
192.168.37.62 - - [24/May/2021:12:18:39 +0800] "GET /linkmanSys/linkMan?method=findAll HTTP/1.1" 200 406 "http://192.168.37.90/linkmanSys/list.html" "Mozilla/5.0 (Macintosh; Intel Mac OS X 10_15_6) AppleWebKit/605.1.15 (KHTML, like Gecko) Version/14.0.3 Safari/605.1.15"
192.168.37.93 - - [24/May/2021:12:18:39 +0800] "GET /linkmanSys/linkMan?method=findAll HTTP/1.1" 200 406 "http://192.168.37.90/linkmanSys/list.html" "Mozilla/5.0 (Windows NT 10.0; Win64; x64) AppleWebKit/537.36 (KHTML, like Gecko) Chrome/75.0.3770.100 Safari/537.36"
192.168.37.30 - - [24/May/2021:12:18:39 +0800] "GET /linkmanSys/linkMan?method=findAll HTTP/1.1" 200 406 "http://192.168.37.90/linkmanSys/list.html" "Mozilla/5.0 (Windows NT 10.0; WOW64) AppleWebKit/537.36 (KHTML, like Gecko) Chrome/72.0.3626.81 Safari/537.36 SE 2.X MetaSr 1.0"
192.168.37.51 - - [24/May/2021:12:18:39 +0800] "GET /linkmanSys/list.html HTTP/1.1" 304 0 "http://192.168.37.90/linkmanSys/add.html" "Mozilla/5.0 (Windows NT 10.0; Win64; x64) AppleWebKit/537.36 (KHTML, like Gecko) Chrome/90.0.4430.212 Safari/537.36"
192.168.37.93 - - [24/May/2021:12:18:39 +0800] "GET /favicon.ico HTTP/1.1" 200 21630 "http://192.168.37.90/linkmanSys/list.html" "Mozilla/5.0 (Windows NT 10.0; Win64; x64) AppleWebKit/537.36 (KHTML, like Gecko) Chrome/75.0.3770.100 Safari/537.36"
192.168.37.51 - - [24/May/2021:12:18:39 +0800] "GET /favicon.ico HTTP/1.1" 200 21630 "http://192.168.37.90/linkmanSys/list.html" "Mozilla/5.0 (Windows NT 10.0; Win64; x64) AppleWebKit/537.36 (KHTML, like Gecko) Chrome/90.0.4430.212 Safari/537.36"
192.168.37.51 - - [24/May/2021:12:18:39 +0800] "GET /linkmanSys/linkMan?method=findAll HTTP/1.1" 200 406 "http://192.168.37.90/linkmanSys/list.html" "Mozilla/5.0 (Windows NT 10.0; Win64; x64) AppleWebKit/537.36 (KHTML, like Gecko) Chrome/90.0.4430.212 Safari/537.36"
192.168.37.83 - - [24/May/2021:12:18:39 +0800] "GET /linkmanSys/list.html HTTP/1.1" 200 3742 "http://192.168.37.90/linkmanSys/" "Mozilla/5.0 (Windows NT 10.0; WOW64) AppleWebKit/537.36 (KHTML, like Gecko) Chrome/90.0.4430.93 Safari/537.36"
192.168.37.93 - - [24/May/2021:12:18:39 +0800] "GET /linkmanSys/list.html HTTP/1.1" 304 0 "http://192.168.37.90/linkmanSys/list.html" "Mozilla/5.0 (Windows NT 10.0; Win64; x64) AppleWebKit/537.36 (KHTML, like Gecko) Chrome/75.0.3770.100 Safari/537.36"
192.168.37.29 - - [24/May/2021:12:18:39 +0800] "GET /linkmanSys/list.html HTTP/1.1" 304 0 "http://192.168.37.90/linkmanSys/list.html" "Mozilla/5.0 (Windows NT 10.0; Win64; x64) AppleWebKit/537.36 (KHTML, like Gecko) Chrome/90.0.4430.212 Safari/537.36"
192.168.37.83 - - [24/May/2021:12:18:39 +0800] "GET /linkmanSys/js/axios-0.18.0.js HTTP/1.1" 200 12948 "http://192.168.37.90/linkmanSys/list.html" "Mozilla/5.0 (Windows NT 10.0; WOW64) AppleWebKit/537.36 (KHTML, like Gecko) Chrome/90.0.4430.93 Safari/537.36"
192.168.37.83 - - [24/May/2021:12:18:39 +0800] "GET /linkmanSys/js/bootstrap.min.js HTTP/1.1" 200 37045 "http://192.168.37.90/linkmanSys/list.html" "Mozilla/5.0 (Windows NT 10.0; WOW64) AppleWebKit/537.36 (KHTML, like Gecko) Chrome/90.0.4430.93 Safari/537.36"
192.168.37.83 - - [24/May/2021:12:18:39 +0800] "GET /linkmanSys/css/bootstrap.min.css HTTP/1.1" 200 121200 "http://192.168.37.90/linkmanSys/list.html" "Mozilla/5.0 (Windows NT 10.0; WOW64) AppleWebKit/537.36 (KHTML, like Gecko) Chrome/90.0.4430.93 Safari/537.36"
192.168.37.83 - - [24/May/2021:12:18:39 +0800] "GET /linkmanSys/js/jquery-2.1.0.min.js HTTP/1.1" 200 83617 "http://192.168.37.90/linkmanSys/list.html" "Mozilla/5.0 (Windows NT 10.0; WOW64) AppleWebKit/537.36 (KHTML, like Gecko) Chrome/90.0.4430.93 Safari/537.36"
192.168.37.29 - - [24/May/2021:12:18:39 +0800] "GET /linkmanSys/linkMan?method=findAll HTTP/1.1" 200 406 "http://192.168.37.90/linkmanSys/list.html" "Mozilla/5.0 (Windows NT 10.0; Win64; x64) AppleWebKit/537.36 (KHTML, like Gecko) Chrome/90.0.4430.212 Safari/537.36"
192.168.37.29 - - [24/May/2021:12:18:39 +0800] "GET /favicon.ico HTTP/1.1" 200 21630 "http://192.168.37.90/linkmanSys/list.html" "Mozilla/5.0 (Windows NT 10.0; Win64; x64) AppleWebKit/537.36 (KHTML, like Gecko) Chrome/90.0.4430.212 Safari/537.36"
192.168.37.73 - - [24/May/2021:12:18:39 +0800] "GET /linkmanSys/list.html HTTP/1.1" 304 0 "http://192.168.37.90/linkmanSys/" "Mozilla/5.0 (Windows NT 10.0; Win64; x64) AppleWebKit/537.36 (KHTML, like Gecko) Chrome/90.0.4430.212 Safari/537.36 Edg/90.0.818.66"
192.168.37.45 - - [24/May/2021:12:18:39 +0800] "GET /linkmanSys/list.html HTTP/1.1" 304 0 "http://192.168.37.90/linkmanSys/add.html" "Mozilla/5.0 (Windows NT 10.0; Win64; x64) AppleWebKit/537.36 (KHTML, like Gecko) Chrome/90.0.4430.212 Safari/537.36"
192.168.37.83 - - [24/May/2021:12:18:39 +0800] "GET /linkmanSys/js/vuejs-2.5.16.js HTTP/1.1" 200 300248 "http://192.168.37.90/linkmanSys/list.html" "Mozilla/5.0 (Windows NT 10.0; WOW64) AppleWebKit/537.36 (KHTML, like Gecko) Chrome/90.0.4430.93 Safari/537.36"
192.168.37.93 - - [24/May/2021:12:18:39 +0800] "GET /linkmanSys/linkMan?method=findAll HTTP/1.1" 200 406 "http://192.168.37.90/linkmanSys/list.html" "Mozilla/5.0 (Windows NT 10.0; Win64; x64) AppleWebKit/537.36 (KHTML, like Gecko) Chrome/75.0.3770.100 Safari/537.36"
192.168.37.93 - - [24/May/2021:12:18:39 +0800] "GET /favicon.ico HTTP/1.1" 200 21630 "http://192.168.37.90/linkmanSys/list.html" "Mozilla/5.0 (Windows NT 10.0; Win64; x64) AppleWebKit/537.36 (KHTML, like Gecko) Chrome/75.0.3770.100 Safari/537.36"
192.168.37.73 - - [24/May/2021:12:18:39 +0800] "GET /linkmanSys/linkMan?method=findAll HTTP/1.1" 200 406 "http://192.168.37.90/linkmanSys/list.html" "Mozilla/5.0 (Windows NT 10.0; Win64; x64) AppleWebKit/537.36 (KHTML, like Gecko) Chrome/90.0.4430.212 Safari/537.36 Edg/90.0.818.66"
192.168.37.30 - - [24/May/2021:12:18:39 +0800] "GET /linkmanSys/list.html HTTP/1.1" 304 0 "http://192.168.37.90/linkmanSys/add.html" "Mozilla/5.0 (Windows NT 10.0; WOW64) AppleWebKit/537.36 (KHTML, like Gecko) Chrome/72.0.3626.81 Safari/537.36 SE 2.X MetaSr 1.0"
192.168.37.88 - - [24/May/2021:12:18:39 +0800] "GET /linkmanSys/list.html HTTP/1.1" 304 0 "-" "Mozilla/5.0 (Windows NT 10.0; Win64; x64) AppleWebKit/537.36 (KHTML, like Gecko) Chrome/89.0.4389.90 Safari/537.36"
192.168.37.73 - - [24/May/2021:12:18:39 +0800] "GET /favicon.ico HTTP/1.1" 200 21630 "http://192.168.37.90/linkmanSys/list.html" "Mozilla/5.0 (Windows NT 10.0; Win64; x64) AppleWebKit/537.36 (KHTML, like Gecko) Chrome/90.0.4430.212 Safari/537.36 Edg/90.0.818.66"
192.168.37.83 - - [24/May/2021:12:18:39 +0800] "GET /linkmanSys/linkMan?method=findAll HTTP/1.1" 200 406 "http://192.168.37.90/linkmanSys/list.html" "Mozilla/5.0 (Windows NT 10.0; WOW64) AppleWebKit/537.36 (KHTML, like Gecko) Chrome/90.0.4430.93 Safari/537.36"
192.168.37.88 - - [24/May/2021:12:18:39 +0800] "GET /linkmanSys/linkMan?method=findAll HTTP/1.1" 200 406 "http://192.168.37.90/linkmanSys/list.html" "Mozilla/5.0 (Windows NT 10.0; Win64; x64) AppleWebKit/537.36 (KHTML, like Gecko) Chrome/89.0.4389.90 Safari/537.36"
192.168.37.88 - - [24/May/2021:12:18:39 +0800] "GET /favicon.ico HTTP/1.1" 200 21630 "http://192.168.37.90/linkmanSys/list.html" "Mozilla/5.0 (Windows NT 10.0; Win64; x64) AppleWebKit/537.36 (KHTML, like Gecko) Chrome/89.0.4389.90 Safari/537.36"
192.168.37.30 - - [24/May/2021:12:18:39 +0800] "GET /linkmanSys/linkMan?method=findAll HTTP/1.1" 200 406 "http://192.168.37.90/linkmanSys/list.html" "Mozilla/5.0 (Windows NT 10.0; WOW64) AppleWebKit/537.36 (KHTML, like Gecko) Chrome/72.0.3626.81 Safari/537.36 SE 2.X MetaSr 1.0"
192.168.37.93 - - [24/May/2021:12:18:39 +0800] "GET /linkmanSys/list.html HTTP/1.1" 304 0 "http://192.168.37.90/linkmanSys/list.html" "Mozilla/5.0 (Windows NT 10.0; Win64; x64) AppleWebKit/537.36 (KHTML, like Gecko) Chrome/75.0.3770.100 Safari/537.36"
192.168.37.45 - - [24/May/2021:12:18:39 +0800] "GET /favicon.ico HTTP/1.1" 200 21630 "http://192.168.37.90/linkmanSys/list.html" "Mozilla/5.0 (Windows NT 10.0; Win64; x64) AppleWebKit/537.36 (KHTML, like Gecko) Chrome/90.0.4430.212 Safari/537.36"
192.168.37.45 - - [24/May/2021:12:18:39 +0800] "GET /linkmanSys/linkMan?method=findAll HTTP/1.1" 200 406 "http://192.168.37.90/linkmanSys/list.html" "Mozilla/5.0 (Windows NT 10.0; Win64; x64) AppleWebKit/537.36 (KHTML, like Gecko) Chrome/90.0.4430.212 Safari/537.36"
192.168.37.29 - - [24/May/2021:12:18:39 +0800] "GET /linkmanSys/list.html HTTP/1.1" 304 0 "http://192.168.37.90/linkmanSys/list.html" "Mozilla/5.0 (Windows NT 10.0; Win64; x64) AppleWebKit/537.36 (KHTML, like Gecko) Chrome/90.0.4430.212 Safari/537.36"
192.168.37.29 - - [24/May/2021:12:18:39 +0800] "GET /linkmanSys/linkMan?method=findAll HTTP/1.1" 200 406 "http://192.168.37.90/linkmanSys/list.html" "Mozilla/5.0 (Windows NT 10.0; Win64; x64) AppleWebKit/537.36 (KHTML, like Gecko) Chrome/90.0.4430.212 Safari/537.36"
192.168.37.93 - - [24/May/2021:12:18:39 +0800] "GET /linkmanSys/linkMan?method=findAll HTTP/1.1" 200 406 "http://192.168.37.90/linkmanSys/list.html" "Mozilla/5.0 (Windows NT 10.0; Win64; x64) AppleWebKit/537.36 (KHTML, like Gecko) Chrome/75.0.3770.100 Safari/537.36"
192.168.37.29 - - [24/May/2021:12:18:39 +0800] "GET /favicon.ico HTTP/1.1" 200 21630 "http://192.168.37.90/linkmanSys/list.html" "Mozilla/5.0 (Windows NT 10.0; Win64; x64) AppleWebKit/537.36 (KHTML, like Gecko) Chrome/90.0.4430.212 Safari/537.36"
192.168.37.91 - - [24/May/2021:12:18:39 +0800] "GET /linkmanSys/linkMan?method=delete&id=181 HTTP/1.1" 200 49 "http://192.168.37.90/linkmanSys/list.html" "Mozilla/5.0 (Windows NT 10.0; WOW64) AppleWebKit/537.36 (KHTML, like Gecko) Chrome/90.0.4430.93 Safari/537.36"
192.168.37.93 - - [24/May/2021:12:18:39 +0800] "GET /favicon.ico HTTP/1.1" 200 21630 "http://192.168.37.90/linkmanSys/list.html" "Mozilla/5.0 (Windows NT 10.0; Win64; x64) AppleWebKit/537.36 (KHTML, like Gecko) Chrome/75.0.3770.100 Safari/537.36"
192.168.37.91 - - [24/May/2021:12:18:39 +0800] "GET /linkmanSys/linkMan?method=findAll HTTP/1.1" 200 284 "http://192.168.37.90/linkmanSys/list.html" "Mozilla/5.0 (Windows NT 10.0; WOW64) AppleWebKit/537.36 (KHTML, like Gecko) Chrome/90.0.4430.93 Safari/537.36"
192.168.37.30 - - [24/May/2021:12:18:39 +0800] "GET /linkmanSys/list.html HTTP/1.1" 304 0 "http://192.168.37.90/linkmanSys/add.html" "Mozilla/5.0 (Windows NT 10.0; WOW64) AppleWebKit/537.36 (KHTML, like Gecko) Chrome/72.0.3626.81 Safari/537.36 SE 2.X MetaSr 1.0"
192.168.37.93 - - [24/May/2021:12:18:39 +0800] "GET /linkmanSys/list.html HTTP/1.1" 304 0 "http://192.168.37.90/linkmanSys/list.html" "Mozilla/5.0 (Windows NT 10.0; Win64; x64) AppleWebKit/537.36 (KHTML, like Gecko) Chrome/75.0.3770.100 Safari/537.36"
192.168.37.30 - - [24/May/2021:12:18:39 +0800] "GET /linkmanSys/linkMan?method=findAll HTTP/1.1" 200 284 "http://192.168.37.90/linkmanSys/list.html" "Mozilla/5.0 (Windows NT 10.0; WOW64) AppleWebKit/537.36 (KHTML, like Gecko) Chrome/72.0.3626.81 Safari/537.36 SE 2.X MetaSr 1.0"
192.168.37.73 - - [24/May/2021:12:18:39 +0800] "GET /linkmanSys/list.html HTTP/1.1" 304 0 "http://192.168.37.90/linkmanSys/" "Mozilla/5.0 (Windows NT 10.0; Win64; x64) AppleWebKit/537.36 (KHTML, like Gecko) Chrome/90.0.4430.212 Safari/537.36 Edg/90.0.818.66"
192.168.37.93 - - [24/May/2021:12:18:39 +0800] "GET /linkmanSys/linkMan?method=findAll HTTP/1.1" 200 284 "http://192.168.37.90/linkmanSys/list.html" "Mozilla/5.0 (Windows NT 10.0; Win64; x64) AppleWebKit/537.36 (KHTML, like Gecko) Chrome/75.0.3770.100 Safari/537.36"
192.168.37.93 - - [24/May/2021:12:18:39 +0800] "GET /favicon.ico HTTP/1.1" 200 21630 "http://192.168.37.90/linkmanSys/list.html" "Mozilla/5.0 (Windows NT 10.0; Win64; x64) AppleWebKit/537.36 (KHTML, like Gecko) Chrome/75.0.3770.100 Safari/537.36"
192.168.37.51 - - [24/May/2021:12:18:39 +0800] "GET /linkmanSys/list.html HTTP/1.1" 304 0 "http://192.168.37.90/linkmanSys/add.html" "Mozilla/5.0 (Windows NT 10.0; Win64; x64) AppleWebKit/537.36 (KHTML, like Gecko) Chrome/90.0.4430.212 Safari/537.36"
192.168.37.73 - - [24/May/2021:12:18:39 +0800] "GET /linkmanSys/linkMan?method=findAll HTTP/1.1" 200 284 "http://192.168.37.90/linkmanSys/list.html" "Mozilla/5.0 (Windows NT 10.0; Win64; x64) AppleWebKit/537.36 (KHTML, like Gecko) Chrome/90.0.4430.212 Safari/537.36 Edg/90.0.818.66"
192.168.37.73 - - [24/May/2021:12:18:40 +0800] "GET /favicon.ico HTTP/1.1" 200 21630 "http://192.168.37.90/linkmanSys/list.html" "Mozilla/5.0 (Windows NT 10.0; Win64; x64) AppleWebKit/537.36 (KHTML, like Gecko) Chrome/90.0.4430.212 Safari/537.36 Edg/90.0.818.66"
192.168.37.51 - - [24/May/2021:12:18:40 +0800] "GET /linkmanSys/linkMan?method=findAll HTTP/1.1" 200 284 "http://192.168.37.90/linkmanSys/list.html" "Mozilla/5.0 (Windows NT 10.0; Win64; x64) AppleWebKit/537.36 (KHTML, like Gecko) Chrome/90.0.4430.212 Safari/537.36"
192.168.37.51 - - [24/May/2021:12:18:40 +0800] "GET /favicon.ico HTTP/1.1" 200 21630 "http://192.168.37.90/linkmanSys/list.html" "Mozilla/5.0 (Windows NT 10.0; Win64; x64) AppleWebKit/537.36 (KHTML, like Gecko) Chrome/90.0.4430.212 Safari/537.36"
192.168.37.29 - - [24/May/2021:12:18:40 +0800] "GET /linkmanSys/list.html HTTP/1.1" 304 0 "http://192.168.37.90/linkmanSys/list.html" "Mozilla/5.0 (Windows NT 10.0; Win64; x64) AppleWebKit/537.36 (KHTML, like Gecko) Chrome/90.0.4430.212 Safari/537.36"
192.168.37.36 - - [24/May/2021:12:18:40 +0800] "GET /linkmanSys/list.html HTTP/1.1" 304 0 "http://192.168.37.90/linkmanSys/add.html" "Mozilla/5.0 (Windows NT 10.0; Win64; x64) AppleWebKit/537.36 (KHTML, like Gecko) Chrome/90.0.4430.212 Safari/537.36"
192.168.37.70 - - [24/May/2021:12:18:40 +0800] "GET /linkmanSys/list.html HTTP/1.1" 304 0 "http://192.168.37.90/linkmanSys/" "Mozilla/5.0 (Windows NT 10.0; Win64; x64) AppleWebKit/537.36 (KHTML, like Gecko) Chrome/89.0.4389.114 Safari/537.36"
192.168.37.29 - - [24/May/2021:12:18:40 +0800] "GET /linkmanSys/linkMan?method=findAll HTTP/1.1" 200 284 "http://192.168.37.90/linkmanSys/list.html" "Mozilla/5.0 (Windows NT 10.0; Win64; x64) AppleWebKit/537.36 (KHTML, like Gecko) Chrome/90.0.4430.212 Safari/537.36"
192.168.37.93 - - [24/May/2021:12:18:40 +0800] "GET /linkmanSys/list.html HTTP/1.1" 304 0 "http://192.168.37.90/linkmanSys/list.html" "Mozilla/5.0 (Windows NT 10.0; Win64; x64) AppleWebKit/537.36 (KHTML, like Gecko) Chrome/75.0.3770.100 Safari/537.36"
192.168.37.29 - - [24/May/2021:12:18:40 +0800] "GET /favicon.ico HTTP/1.1" 200 21630 "http://192.168.37.90/linkmanSys/list.html" "Mozilla/5.0 (Windows NT 10.0; Win64; x64) AppleWebKit/537.36 (KHTML, like Gecko) Chrome/90.0.4430.212 Safari/537.36"
192.168.37.70 - - [24/May/2021:12:18:40 +0800] "GET /linkmanSys/linkMan?method=findAll HTTP/1.1" 200 284 "http://192.168.37.90/linkmanSys/list.html" "Mozilla/5.0 (Windows NT 10.0; Win64; x64) AppleWebKit/537.36 (KHTML, like Gecko) Chrome/89.0.4389.114 Safari/537.36"
192.168.37.70 - - [24/May/2021:12:18:40 +0800] "GET /favicon.ico HTTP/1.1" 200 21630 "http://192.168.37.90/linkmanSys/list.html" "Mozilla/5.0 (Windows NT 10.0; Win64; x64) AppleWebKit/537.36 (KHTML, like Gecko) Chrome/89.0.4389.114 Safari/537.36"
192.168.37.36 - - [24/May/2021:12:18:40 +0800] "GET /favicon.ico HTTP/1.1" 200 21630 "http://192.168.37.90/linkmanSys/list.html" "Mozilla/5.0 (Windows NT 10.0; Win64; x64) AppleWebKit/537.36 (KHTML, like Gecko) Chrome/90.0.4430.212 Safari/537.36"
192.168.37.36 - - [24/May/2021:12:18:40 +0800] "GET /linkmanSys/linkMan?method=findAll HTTP/1.1" 200 284 "http://192.168.37.90/linkmanSys/list.html" "Mozilla/5.0 (Windows NT 10.0; Win64; x64) AppleWebKit/537.36 (KHTML, like Gecko) Chrome/90.0.4430.212 Safari/537.36"
192.168.37.30 - - [24/May/2021:12:18:40 +0800] "GET /linkmanSys/list.html HTTP/1.1" 304 0 "http://192.168.37.90/linkmanSys/add.html" "Mozilla/5.0 (Windows NT 10.0; WOW64) AppleWebKit/537.36 (KHTML, like Gecko) Chrome/72.0.3626.81 Safari/537.36 SE 2.X MetaSr 1.0"
192.168.37.93 - - [24/May/2021:12:18:40 +0800] "GET /linkmanSys/linkMan?method=findAll HTTP/1.1" 200 284 "http://192.168.37.90/linkmanSys/list.html" "Mozilla/5.0 (Windows NT 10.0; Win64; x64) AppleWebKit/537.36 (KHTML, like Gecko) Chrome/75.0.3770.100 Safari/537.36"
192.168.37.93 - - [24/May/2021:12:18:40 +0800] "GET /favicon.ico HTTP/1.1" 200 21630 "http://192.168.37.90/linkmanSys/list.html" "Mozilla/5.0 (Windows NT 10.0; Win64; x64) AppleWebKit/537.36 (KHTML, like Gecko) Chrome/75.0.3770.100 Safari/537.36"
192.168.37.30 - - [24/May/2021:12:18:40 +0800] "GET /linkmanSys/linkMan?method=findAll HTTP/1.1" 200 284 "http://192.168.37.90/linkmanSys/list.html" "Mozilla/5.0 (Windows NT 10.0; WOW64) AppleWebKit/537.36 (KHTML, like Gecko) Chrome/72.0.3626.81 Safari/537.36 SE 2.X MetaSr 1.0"
192.168.37.93 - - [24/May/2021:12:18:40 +0800] "GET /linkmanSys/list.html HTTP/1.1" 304 0 "http://192.168.37.90/linkmanSys/list.html" "Mozilla/5.0 (Windows NT 10.0; Win64; x64) AppleWebKit/537.36 (KHTML, like Gecko) Chrome/75.0.3770.100 Safari/537.36"
192.168.37.29 - - [24/May/2021:12:18:40 +0800] "GET /linkmanSys/list.html HTTP/1.1" 304 0 "http://192.168.37.90/linkmanSys/list.html" "Mozilla/5.0 (Windows NT 10.0; Win64; x64) AppleWebKit/537.36 (KHTML, like Gecko) Chrome/90.0.4430.212 Safari/537.36"
192.168.37.93 - - [24/May/2021:12:18:40 +0800] "GET /linkmanSys/linkMan?method=findAll HTTP/1.1" 200 284 "http://192.168.37.90/linkmanSys/list.html" "Mozilla/5.0 (Windows NT 10.0; Win64; x64) AppleWebKit/537.36 (KHTML, like Gecko) Chrome/75.0.3770.100 Safari/537.36"
192.168.37.29 - - [24/May/2021:12:18:40 +0800] "GET /linkmanSys/linkMan?method=findAll HTTP/1.1" 200 284 "http://192.168.37.90/linkmanSys/list.html" "Mozilla/5.0 (Windows NT 10.0; Win64; x64) AppleWebKit/537.36 (KHTML, like Gecko) Chrome/90.0.4430.212 Safari/537.36"
192.168.37.29 - - [24/May/2021:12:18:40 +0800] "GET /favicon.ico HTTP/1.1" 200 21630 "http://192.168.37.90/linkmanSys/list.html" "Mozilla/5.0 (Windows NT 10.0; Win64; x64) AppleWebKit/537.36 (KHTML, like Gecko) Chrome/90.0.4430.212 Safari/537.36"
192.168.37.93 - - [24/May/2021:12:18:40 +0800] "GET /favicon.ico HTTP/1.1" 200 21630 "http://192.168.37.90/linkmanSys/list.html" "Mozilla/5.0 (Windows NT 10.0; Win64; x64) AppleWebKit/537.36 (KHTML, like Gecko) Chrome/75.0.3770.100 Safari/537.36"
192.168.37.51 - - [24/May/2021:12:18:40 +0800] "GET /linkmanSys/list.html HTTP/1.1" 304 0 "http://192.168.37.90/linkmanSys/add.html" "Mozilla/5.0 (Windows NT 10.0; Win64; x64) AppleWebKit/537.36 (KHTML, like Gecko) Chrome/90.0.4430.212 Safari/537.36"
192.168.37.51 - - [24/May/2021:12:18:40 +0800] "GET /linkmanSys/linkMan?method=findAll HTTP/1.1" 200 284 "http://192.168.37.90/linkmanSys/list.html" "Mozilla/5.0 (Windows NT 10.0; Win64; x64) AppleWebKit/537.36 (KHTML, like Gecko) Chrome/90.0.4430.212 Safari/537.36"
192.168.37.93 - - [24/May/2021:12:18:40 +0800] "GET /linkmanSys/list.html HTTP/1.1" 304 0 "http://192.168.37.90/linkmanSys/list.html" "Mozilla/5.0 (Windows NT 10.0; Win64; x64) AppleWebKit/537.36 (KHTML, like Gecko) Chrome/75.0.3770.100 Safari/537.36"
192.168.37.51 - - [24/May/2021:12:18:40 +0800] "GET /favicon.ico HTTP/1.1" 200 21630 "http://192.168.37.90/linkmanSys/list.html" "Mozilla/5.0 (Windows NT 10.0; Win64; x64) AppleWebKit/537.36 (KHTML, like Gecko) Chrome/90.0.4430.212 Safari/537.36"
192.168.37.93 - - [24/May/2021:12:18:40 +0800] "GET /linkmanSys/linkMan?method=findAll HTTP/1.1" 200 284 "http://192.168.37.90/linkmanSys/list.html" "Mozilla/5.0 (Windows NT 10.0; Win64; x64) AppleWebKit/537.36 (KHTML, like Gecko) Chrome/75.0.3770.100 Safari/537.36"
192.168.37.29 - - [24/May/2021:12:18:40 +0800] "GET /linkmanSys/list.html HTTP/1.1" 304 0 "http://192.168.37.90/linkmanSys/list.html" "Mozilla/5.0 (Windows NT 10.0; Win64; x64) AppleWebKit/537.36 (KHTML, like Gecko) Chrome/90.0.4430.212 Safari/537.36"
192.168.37.93 - - [24/May/2021:12:18:40 +0800] "GET /favicon.ico HTTP/1.1" 200 21630 "http://192.168.37.90/linkmanSys/list.html" "Mozilla/5.0 (Windows NT 10.0; Win64; x64) AppleWebKit/537.36 (KHTML, like Gecko) Chrome/75.0.3770.100 Safari/537.36"
192.168.37.29 - - [24/May/2021:12:18:40 +0800] "GET /favicon.ico HTTP/1.1" 200 21630 "http://192.168.37.90/linkmanSys/list.html" "Mozilla/5.0 (Windows NT 10.0; Win64; x64) AppleWebKit/537.36 (KHTML, like Gecko) Chrome/90.0.4430.212 Safari/537.36"
192.168.37.73 - - [24/May/2021:12:18:40 +0800] "GET /linkmanSys/list.html HTTP/1.1" 304 0 "http://192.168.37.90/linkmanSys/" "Mozilla/5.0 (Windows NT 10.0; Win64; x64) AppleWebKit/537.36 (KHTML, like Gecko) Chrome/90.0.4430.212 Safari/537.36 Edg/90.0.818.66"
192.168.37.29 - - [24/May/2021:12:18:40 +0800] "GET /linkmanSys/linkMan?method=findAll HTTP/1.1" 200 284 "http://192.168.37.90/linkmanSys/list.html" "Mozilla/5.0 (Windows NT 10.0; Win64; x64) AppleWebKit/537.36 (KHTML, like Gecko) Chrome/90.0.4430.212 Safari/537.36"
192.168.37.73 - - [24/May/2021:12:18:40 +0800] "GET /linkmanSys/linkMan?method=findAll HTTP/1.1" 200 284 "http://192.168.37.90/linkmanSys/list.html" "Mozilla/5.0 (Windows NT 10.0; Win64; x64) AppleWebKit/537.36 (KHTML, like Gecko) Chrome/90.0.4430.212 Safari/537.36 Edg/90.0.818.66"
192.168.37.73 - - [24/May/2021:12:18:40 +0800] "GET /favicon.ico HTTP/1.1" 200 21630 "http://192.168.37.90/linkmanSys/list.html" "Mozilla/5.0 (Windows NT 10.0; Win64; x64) AppleWebKit/537.36 (KHTML, like Gecko) Chrome/90.0.4430.212 Safari/537.36 Edg/90.0.818.66"
192.168.37.33 - - [24/May/2021:12:18:40 +0800] "GET /linkmanSys/list.html HTTP/1.1" 304 0 "http://192.168.37.90/linkmanSys/list.html" "Mozilla/5.0 (Windows NT 10.0; Win64; x64) AppleWebKit/537.36 (KHTML, like Gecko) Chrome/90.0.4430.212 Safari/537.36"
192.168.37.51 - - [24/May/2021:12:18:40 +0800] "GET /linkmanSys/list.html HTTP/1.1" 304 0 "http://192.168.37.90/linkmanSys/add.html" "Mozilla/5.0 (Windows NT 10.0; Win64; x64) AppleWebKit/537.36 (KHTML, like Gecko) Chrome/90.0.4430.212 Safari/537.36"
192.168.37.93 - - [24/May/2021:12:18:40 +0800] "GET /linkmanSys/list.html HTTP/1.1" 304 0 "http://192.168.37.90/linkmanSys/list.html" "Mozilla/5.0 (Windows NT 10.0; Win64; x64) AppleWebKit/537.36 (KHTML, like Gecko) Chrome/75.0.3770.100 Safari/537.36"
192.168.37.51 - - [24/May/2021:12:18:40 +0800] "GET /linkmanSys/linkMan?method=findAll HTTP/1.1" 200 284 "http://192.168.37.90/linkmanSys/list.html" "Mozilla/5.0 (Windows NT 10.0; Win64; x64) AppleWebKit/537.36 (KHTML, like Gecko) Chrome/90.0.4430.212 Safari/537.36"
192.168.37.51 - - [24/May/2021:12:18:40 +0800] "GET /favicon.ico HTTP/1.1" 200 21630 "http://192.168.37.90/linkmanSys/list.html" "Mozilla/5.0 (Windows NT 10.0; Win64; x64) AppleWebKit/537.36 (KHTML, like Gecko) Chrome/90.0.4430.212 Safari/537.36"
192.168.37.33 - - [24/May/2021:12:18:40 +0800] "GET /linkmanSys/linkMan?method=findAll HTTP/1.1" 200 284 "http://192.168.37.90/linkmanSys/list.html" "Mozilla/5.0 (Windows NT 10.0; Win64; x64) AppleWebKit/537.36 (KHTML, like Gecko) Chrome/90.0.4430.212 Safari/537.36"
192.168.37.33 - - [24/May/2021:12:18:40 +0800] "GET /favicon.ico HTTP/1.1" 200 21630 "http://192.168.37.90/linkmanSys/list.html" "Mozilla/5.0 (Windows NT 10.0; Win64; x64) AppleWebKit/537.36 (KHTML, like Gecko) Chrome/90.0.4430.212 Safari/537.36"
192.168.37.93 - - [24/May/2021:12:18:40 +0800] "GET /linkmanSys/linkMan?method=findAll HTTP/1.1" 200 284 "http://192.168.37.90/linkmanSys/list.html" "Mozilla/5.0 (Windows NT 10.0; Win64; x64) AppleWebKit/537.36 (KHTML, like Gecko) Chrome/75.0.3770.100 Safari/537.36"
192.168.37.93 - - [24/May/2021:12:18:40 +0800] "GET /favicon.ico HTTP/1.1" 200 21630 "http://192.168.37.90/linkmanSys/list.html" "Mozilla/5.0 (Windows NT 10.0; Win64; x64) AppleWebKit/537.36 (KHTML, like Gecko) Chrome/75.0.3770.100 Safari/537.36"
192.168.37.29 - - [24/May/2021:12:18:40 +0800] "GET /linkmanSys/list.html HTTP/1.1" 304 0 "http://192.168.37.90/linkmanSys/list.html" "Mozilla/5.0 (Windows NT 10.0; Win64; x64) AppleWebKit/537.36 (KHTML, like Gecko) Chrome/90.0.4430.212 Safari/537.36"
192.168.37.29 - - [24/May/2021:12:18:40 +0800] "GET /linkmanSys/linkMan?method=findAll HTTP/1.1" 200 284 "http://192.168.37.90/linkmanSys/list.html" "Mozilla/5.0 (Windows NT 10.0; Win64; x64) AppleWebKit/537.36 (KHTML, like Gecko) Chrome/90.0.4430.212 Safari/537.36"
192.168.37.29 - - [24/May/2021:12:18:40 +0800] "GET /favicon.ico HTTP/1.1" 200 21630 "http://192.168.37.90/linkmanSys/list.html" "Mozilla/5.0 (Windows NT 10.0; Win64; x64) AppleWebKit/537.36 (KHTML, like Gecko) Chrome/90.0.4430.212 Safari/537.36"
192.168.37.93 - - [24/May/2021:12:18:40 +0800] "GET /linkmanSys/list.html HTTP/1.1" 304 0 "http://192.168.37.90/linkmanSys/list.html" "Mozilla/5.0 (Windows NT 10.0; Win64; x64) AppleWebKit/537.36 (KHTML, like Gecko) Chrome/75.0.3770.100 Safari/537.36"
192.168.37.93 - - [24/May/2021:12:18:40 +0800] "GET /linkmanSys/linkMan?method=findAll HTTP/1.1" 200 284 "http://192.168.37.90/linkmanSys/list.html" "Mozilla/5.0 (Windows NT 10.0; Win64; x64) AppleWebKit/537.36 (KHTML, like Gecko) Chrome/75.0.3770.100 Safari/537.36"
192.168.37.93 - - [24/May/2021:12:18:40 +0800] "GET /favicon.ico HTTP/1.1" 200 21630 "http://192.168.37.90/linkmanSys/list.html" "Mozilla/5.0 (Windows NT 10.0; Win64; x64) AppleWebKit/537.36 (KHTML, like Gecko) Chrome/75.0.3770.100 Safari/537.36"
192.168.37.73 - - [24/May/2021:12:18:40 +0800] "GET /linkmanSys/list.html HTTP/1.1" 304 0 "http://192.168.37.90/linkmanSys/" "Mozilla/5.0 (Windows NT 10.0; Win64; x64) AppleWebKit/537.36 (KHTML, like Gecko) Chrome/90.0.4430.212 Safari/537.36 Edg/90.0.818.66"
192.168.37.70 - - [24/May/2021:12:18:40 +0800] "GET /linkmanSys/list.html HTTP/1.1" 304 0 "http://192.168.37.90/linkmanSys/" "Mozilla/5.0 (Windows NT 10.0; Win64; x64) AppleWebKit/537.36 (KHTML, like Gecko) Chrome/89.0.4389.114 Safari/537.36"
192.168.37.73 - - [24/May/2021:12:18:40 +0800] "GET /linkmanSys/linkMan?method=findAll HTTP/1.1" 200 284 "http://192.168.37.90/linkmanSys/list.html" "Mozilla/5.0 (Windows NT 10.0; Win64; x64) AppleWebKit/537.36 (KHTML, like Gecko) Chrome/90.0.4430.212 Safari/537.36 Edg/90.0.818.66"
192.168.37.51 - - [24/May/2021:12:18:40 +0800] "GET /linkmanSys/list.html HTTP/1.1" 304 0 "http://192.168.37.90/linkmanSys/add.html" "Mozilla/5.0 (Windows NT 10.0; Win64; x64) AppleWebKit/537.36 (KHTML, like Gecko) Chrome/90.0.4430.212 Safari/537.36"
192.168.37.70 - - [24/May/2021:12:18:40 +0800] "GET /linkmanSys/linkMan?method=findAll HTTP/1.1" 200 284 "http://192.168.37.90/linkmanSys/list.html" "Mozilla/5.0 (Windows NT 10.0; Win64; x64) AppleWebKit/537.36 (KHTML, like Gecko) Chrome/89.0.4389.114 Safari/537.36"
192.168.37.70 - - [24/May/2021:12:18:40 +0800] "GET /favicon.ico HTTP/1.1" 200 21630 "http://192.168.37.90/linkmanSys/list.html" "Mozilla/5.0 (Windows NT 10.0; Win64; x64) AppleWebKit/537.36 (KHTML, like Gecko) Chrome/89.0.4389.114 Safari/537.36"
192.168.37.73 - - [24/May/2021:12:18:40 +0800] "GET /favicon.ico HTTP/1.1" 200 21630 "http://192.168.37.90/linkmanSys/list.html" "Mozilla/5.0 (Windows NT 10.0; Win64; x64) AppleWebKit/537.36 (KHTML, like Gecko) Chrome/90.0.4430.212 Safari/537.36 Edg/90.0.818.66"
192.168.37.51 - - [24/May/2021:12:18:40 +0800] "GET /linkmanSys/linkMan?method=findAll HTTP/1.1" 200 284 "http://192.168.37.90/linkmanSys/list.html" "Mozilla/5.0 (Windows NT 10.0; Win64; x64) AppleWebKit/537.36 (KHTML, like Gecko) Chrome/90.0.4430.212 Safari/537.36"
192.168.37.51 - - [24/May/2021:12:18:40 +0800] "GET /favicon.ico HTTP/1.1" 200 21630 "http://192.168.37.90/linkmanSys/list.html" "Mozilla/5.0 (Windows NT 10.0; Win64; x64) AppleWebKit/537.36 (KHTML, like Gecko) Chrome/90.0.4430.212 Safari/537.36"
192.168.37.93 - - [24/May/2021:12:18:40 +0800] "GET /linkmanSys/list.html HTTP/1.1" 304 0 "http://192.168.37.90/linkmanSys/list.html" "Mozilla/5.0 (Windows NT 10.0; Win64; x64) AppleWebKit/537.36 (KHTML, like Gecko) Chrome/75.0.3770.100 Safari/537.36"
192.168.37.29 - - [24/May/2021:12:18:40 +0800] "GET /linkmanSys/list.html HTTP/1.1" 304 0 "http://192.168.37.90/linkmanSys/list.html" "Mozilla/5.0 (Windows NT 10.0; Win64; x64) AppleWebKit/537.36 (KHTML, like Gecko) Chrome/90.0.4430.212 Safari/537.36"
192.168.37.29 - - [24/May/2021:12:18:40 +0800] "GET /linkmanSys/linkMan?method=findAll HTTP/1.1" 200 284 "http://192.168.37.90/linkmanSys/list.html" "Mozilla/5.0 (Windows NT 10.0; Win64; x64) AppleWebKit/537.36 (KHTML, like Gecko) Chrome/90.0.4430.212 Safari/537.36"
192.168.37.29 - - [24/May/2021:12:18:40 +0800] "GET /favicon.ico HTTP/1.1" 200 21630 "http://192.168.37.90/linkmanSys/list.html" "Mozilla/5.0 (Windows NT 10.0; Win64; x64) AppleWebKit/537.36 (KHTML, like Gecko) Chrome/90.0.4430.212 Safari/537.36"
192.168.37.93 - - [24/May/2021:12:18:40 +0800] "GET /linkmanSys/linkMan?method=findAll HTTP/1.1" 200 284 "http://192.168.37.90/linkmanSys/list.html" "Mozilla/5.0 (Windows NT 10.0; Win64; x64) AppleWebKit/537.36 (KHTML, like Gecko) Chrome/75.0.3770.100 Safari/537.36"
192.168.37.93 - - [24/May/2021:12:18:40 +0800] "GET /favicon.ico HTTP/1.1" 200 21630 "http://192.168.37.90/linkmanSys/list.html" "Mozilla/5.0 (Windows NT 10.0; Win64; x64) AppleWebKit/537.36 (KHTML, like Gecko) Chrome/75.0.3770.100 Safari/537.36"
192.168.37.73 - - [24/May/2021:12:18:41 +0800] "GET /linkmanSys/list.html HTTP/1.1" 304 0 "http://192.168.37.90/linkmanSys/" "Mozilla/5.0 (Windows NT 10.0; Win64; x64) AppleWebKit/537.36 (KHTML, like Gecko) Chrome/90.0.4430.212 Safari/537.36 Edg/90.0.818.66"
192.168.37.51 - - [24/May/2021:12:18:41 +0800] "GET /linkmanSys/list.html HTTP/1.1" 304 0 "http://192.168.37.90/linkmanSys/add.html" "Mozilla/5.0 (Windows NT 10.0; Win64; x64) AppleWebKit/537.36 (KHTML, like Gecko) Chrome/90.0.4430.212 Safari/537.36"
192.168.37.93 - - [24/May/2021:12:18:41 +0800] "GET /linkmanSys/list.html HTTP/1.1" 304 0 "http://192.168.37.90/linkmanSys/list.html" "Mozilla/5.0 (Windows NT 10.0; Win64; x64) AppleWebKit/537.36 (KHTML, like Gecko) Chrome/75.0.3770.100 Safari/537.36"
192.168.37.73 - - [24/May/2021:12:18:41 +0800] "GET /linkmanSys/linkMan?method=findAll HTTP/1.1" 200 284 "http://192.168.37.90/linkmanSys/list.html" "Mozilla/5.0 (Windows NT 10.0; Win64; x64) AppleWebKit/537.36 (KHTML, like Gecko) Chrome/90.0.4430.212 Safari/537.36 Edg/90.0.818.66"
192.168.37.51 - - [24/May/2021:12:18:41 +0800] "GET /favicon.ico HTTP/1.1" 200 21630 "http://192.168.37.90/linkmanSys/list.html" "Mozilla/5.0 (Windows NT 10.0; Win64; x64) AppleWebKit/537.36 (KHTML, like Gecko) Chrome/90.0.4430.212 Safari/537.36"
192.168.37.51 - - [24/May/2021:12:18:41 +0800] "GET /linkmanSys/linkMan?method=findAll HTTP/1.1" 200 284 "http://192.168.37.90/linkmanSys/list.html" "Mozilla/5.0 (Windows NT 10.0; Win64; x64) AppleWebKit/537.36 (KHTML, like Gecko) Chrome/90.0.4430.212 Safari/537.36"
192.168.37.73 - - [24/May/2021:12:18:41 +0800] "GET /favicon.ico HTTP/1.1" 200 21630 "http://192.168.37.90/linkmanSys/list.html" "Mozilla/5.0 (Windows NT 10.0; Win64; x64) AppleWebKit/537.36 (KHTML, like Gecko) Chrome/90.0.4430.212 Safari/537.36 Edg/90.0.818.66"
192.168.37.29 - - [24/May/2021:12:18:41 +0800] "GET /linkmanSys/list.html HTTP/1.1" 304 0 "http://192.168.37.90/linkmanSys/list.html" "Mozilla/5.0 (Windows NT 10.0; Win64; x64) AppleWebKit/537.36 (KHTML, like Gecko) Chrome/90.0.4430.212 Safari/537.36"
192.168.37.29 - - [24/May/2021:12:18:41 +0800] "GET /linkmanSys/linkMan?method=findAll HTTP/1.1" 200 284 "http://192.168.37.90/linkmanSys/list.html" "Mozilla/5.0 (Windows NT 10.0; Win64; x64) AppleWebKit/537.36 (KHTML, like Gecko) Chrome/90.0.4430.212 Safari/537.36"
192.168.37.29 - - [24/May/2021:12:18:41 +0800] "GET /favicon.ico HTTP/1.1" 200 21630 "http://192.168.37.90/linkmanSys/list.html" "Mozilla/5.0 (Windows NT 10.0; Win64; x64) AppleWebKit/537.36 (KHTML, like Gecko) Chrome/90.0.4430.212 Safari/537.36"
192.168.37.93 - - [24/May/2021:12:18:41 +0800] "GET /linkmanSys/linkMan?method=findAll HTTP/1.1" 200 284 "http://192.168.37.90/linkmanSys/list.html" "Mozilla/5.0 (Windows NT 10.0; Win64; x64) AppleWebKit/537.36 (KHTML, like Gecko) Chrome/75.0.3770.100 Safari/537.36"
192.168.37.93 - - [24/May/2021:12:18:41 +0800] "GET /favicon.ico HTTP/1.1" 200 21630 "http://192.168.37.90/linkmanSys/list.html" "Mozilla/5.0 (Windows NT 10.0; Win64; x64) AppleWebKit/537.36 (KHTML, like Gecko) Chrome/75.0.3770.100 Safari/537.36"
192.168.37.93 - - [24/May/2021:12:18:41 +0800] "GET /linkmanSys/list.html HTTP/1.1" 304 0 "http://192.168.37.90/linkmanSys/list.html" "Mozilla/5.0 (Windows NT 10.0; Win64; x64) AppleWebKit/537.36 (KHTML, like Gecko) Chrome/75.0.3770.100 Safari/537.36"
192.168.37.51 - - [24/May/2021:12:18:41 +0800] "GET /linkmanSys/list.html HTTP/1.1" 304 0 "http://192.168.37.90/linkmanSys/add.html" "Mozilla/5.0 (Windows NT 10.0; Win64; x64) AppleWebKit/537.36 (KHTML, like Gecko) Chrome/90.0.4430.212 Safari/537.36"
192.168.37.73 - - [24/May/2021:12:18:41 +0800] "GET /linkmanSys/list.html HTTP/1.1" 304 0 "http://192.168.37.90/linkmanSys/" "Mozilla/5.0 (Windows NT 10.0; Win64; x64) AppleWebKit/537.36 (KHTML, like Gecko) Chrome/90.0.4430.212 Safari/537.36 Edg/90.0.818.66"
192.168.37.51 - - [24/May/2021:12:18:41 +0800] "GET /linkmanSys/linkMan?method=findAll HTTP/1.1" 200 284 "http://192.168.37.90/linkmanSys/list.html" "Mozilla/5.0 (Windows NT 10.0; Win64; x64) AppleWebKit/537.36 (KHTML, like Gecko) Chrome/90.0.4430.212 Safari/537.36"
192.168.37.73 - - [24/May/2021:12:18:41 +0800] "GET /linkmanSys/linkMan?method=findAll HTTP/1.1" 200 284 "http://192.168.37.90/linkmanSys/list.html" "Mozilla/5.0 (Windows NT 10.0; Win64; x64) AppleWebKit/537.36 (KHTML, like Gecko) Chrome/90.0.4430.212 Safari/537.36 Edg/90.0.818.66"
192.168.37.93 - - [24/May/2021:12:18:41 +0800] "GET /linkmanSys/linkMan?method=findAll HTTP/1.1" 200 284 "http://192.168.37.90/linkmanSys/list.html" "Mozilla/5.0 (Windows NT 10.0; Win64; x64) AppleWebKit/537.36 (KHTML, like Gecko) Chrome/75.0.3770.100 Safari/537.36"
192.168.37.51 - - [24/May/2021:12:18:41 +0800] "GET /favicon.ico HTTP/1.1" 200 21630 "http://192.168.37.90/linkmanSys/list.html" "Mozilla/5.0 (Windows NT 10.0; Win64; x64) AppleWebKit/537.36 (KHTML, like Gecko) Chrome/90.0.4430.212 Safari/537.36"
192.168.37.73 - - [24/May/2021:12:18:41 +0800] "GET /favicon.ico HTTP/1.1" 200 21630 "http://192.168.37.90/linkmanSys/list.html" "Mozilla/5.0 (Windows NT 10.0; Win64; x64) AppleWebKit/537.36 (KHTML, like Gecko) Chrome/90.0.4430.212 Safari/537.36 Edg/90.0.818.66"
192.168.37.33 - - [24/May/2021:12:18:41 +0800] "GET /linkmanSys/list.html HTTP/1.1" 304 0 "http://192.168.37.90/linkmanSys/list.html" "Mozilla/5.0 (Windows NT 10.0; Win64; x64) AppleWebKit/537.36 (KHTML, like Gecko) Chrome/90.0.4430.212 Safari/537.36"
192.168.37.93 - - [24/May/2021:12:18:41 +0800] "GET /favicon.ico HTTP/1.1" 200 21630 "http://192.168.37.90/linkmanSys/list.html" "Mozilla/5.0 (Windows NT 10.0; Win64; x64) AppleWebKit/537.36 (KHTML, like Gecko) Chrome/75.0.3770.100 Safari/537.36"
192.168.37.29 - - [24/May/2021:12:18:41 +0800] "GET /linkmanSys/list.html HTTP/1.1" 304 0 "http://192.168.37.90/linkmanSys/list.html" "Mozilla/5.0 (Windows NT 10.0; Win64; x64) AppleWebKit/537.36 (KHTML, like Gecko) Chrome/90.0.4430.212 Safari/537.36"
192.168.37.33 - - [24/May/2021:12:18:41 +0800] "GET /linkmanSys/linkMan?method=findAll HTTP/1.1" 200 284 "http://192.168.37.90/linkmanSys/list.html" "Mozilla/5.0 (Windows NT 10.0; Win64; x64) AppleWebKit/537.36 (KHTML, like Gecko) Chrome/90.0.4430.212 Safari/537.36"
192.168.37.33 - - [24/May/2021:12:18:41 +0800] "GET /favicon.ico HTTP/1.1" 200 21630 "http://192.168.37.90/linkmanSys/list.html" "Mozilla/5.0 (Windows NT 10.0; Win64; x64) AppleWebKit/537.36 (KHTML, like Gecko) Chrome/90.0.4430.212 Safari/537.36"
192.168.37.29 - - [24/May/2021:12:18:41 +0800] "GET /linkmanSys/linkMan?method=findAll HTTP/1.1" 200 284 "http://192.168.37.90/linkmanSys/list.html" "Mozilla/5.0 (Windows NT 10.0; Win64; x64) AppleWebKit/537.36 (KHTML, like Gecko) Chrome/90.0.4430.212 Safari/537.36"
192.168.37.29 - - [24/May/2021:12:18:41 +0800] "GET /favicon.ico HTTP/1.1" 200 21630 "http://192.168.37.90/linkmanSys/list.html" "Mozilla/5.0 (Windows NT 10.0; Win64; x64) AppleWebKit/537.36 (KHTML, like Gecko) Chrome/90.0.4430.212 Safari/537.36"
192.168.37.93 - - [24/May/2021:12:18:41 +0800] "GET /linkmanSys/list.html HTTP/1.1" 304 0 "http://192.168.37.90/linkmanSys/list.html" "Mozilla/5.0 (Windows NT 10.0; Win64; x64) AppleWebKit/537.36 (KHTML, like Gecko) Chrome/75.0.3770.100 Safari/537.36"
192.168.37.70 - - [24/May/2021:12:18:41 +0800] "GET /linkmanSys/list.html HTTP/1.1" 304 0 "http://192.168.37.90/linkmanSys/" "Mozilla/5.0 (Windows NT 10.0; Win64; x64) AppleWebKit/537.36 (KHTML, like Gecko) Chrome/89.0.4389.114 Safari/537.36"
192.168.37.70 - - [24/May/2021:12:18:41 +0800] "GET /linkmanSys/linkMan?method=findAll HTTP/1.1" 200 284 "http://192.168.37.90/linkmanSys/list.html" "Mozilla/5.0 (Windows NT 10.0; Win64; x64) AppleWebKit/537.36 (KHTML, like Gecko) Chrome/89.0.4389.114 Safari/537.36"
192.168.37.73 - - [24/May/2021:12:18:41 +0800] "GET /linkmanSys/list.html HTTP/1.1" 304 0 "http://192.168.37.90/linkmanSys/" "Mozilla/5.0 (Windows NT 10.0; Win64; x64) AppleWebKit/537.36 (KHTML, like Gecko) Chrome/90.0.4430.212 Safari/537.36 Edg/90.0.818.66"
192.168.37.51 - - [24/May/2021:12:18:41 +0800] "GET /linkmanSys/list.html HTTP/1.1" 304 0 "http://192.168.37.90/linkmanSys/add.html" "Mozilla/5.0 (Windows NT 10.0; Win64; x64) AppleWebKit/537.36 (KHTML, like Gecko) Chrome/90.0.4430.212 Safari/537.36"
192.168.37.93 - - [24/May/2021:12:18:41 +0800] "GET /linkmanSys/linkMan?method=findAll HTTP/1.1" 200 284 "http://192.168.37.90/linkmanSys/list.html" "Mozilla/5.0 (Windows NT 10.0; Win64; x64) AppleWebKit/537.36 (KHTML, like Gecko) Chrome/75.0.3770.100 Safari/537.36"
192.168.37.70 - - [24/May/2021:12:18:41 +0800] "GET /favicon.ico HTTP/1.1" 200 21630 "http://192.168.37.90/linkmanSys/list.html" "Mozilla/5.0 (Windows NT 10.0; Win64; x64) AppleWebKit/537.36 (KHTML, like Gecko) Chrome/89.0.4389.114 Safari/537.36"
192.168.37.93 - - [24/May/2021:12:18:41 +0800] "GET /favicon.ico HTTP/1.1" 200 21630 "http://192.168.37.90/linkmanSys/list.html" "Mozilla/5.0 (Windows NT 10.0; Win64; x64) AppleWebKit/537.36 (KHTML, like Gecko) Chrome/75.0.3770.100 Safari/537.36"
192.168.37.51 - - [24/May/2021:12:18:41 +0800] "GET /linkmanSys/linkMan?method=findAll HTTP/1.1" 200 284 "http://192.168.37.90/linkmanSys/list.html" "Mozilla/5.0 (Windows NT 10.0; Win64; x64) AppleWebKit/537.36 (KHTML, like Gecko) Chrome/90.0.4430.212 Safari/537.36"
192.168.37.73 - - [24/May/2021:12:18:41 +0800] "GET /linkmanSys/linkMan?method=findAll HTTP/1.1" 200 284 "http://192.168.37.90/linkmanSys/list.html" "Mozilla/5.0 (Windows NT 10.0; Win64; x64) AppleWebKit/537.36 (KHTML, like Gecko) Chrome/90.0.4430.212 Safari/537.36 Edg/90.0.818.66"
192.168.37.73 - - [24/May/2021:12:18:41 +0800] "GET /favicon.ico HTTP/1.1" 200 21630 "http://192.168.37.90/linkmanSys/list.html" "Mozilla/5.0 (Windows NT 10.0; Win64; x64) AppleWebKit/537.36 (KHTML, like Gecko) Chrome/90.0.4430.212 Safari/537.36 Edg/90.0.818.66"
192.168.37.51 - - [24/May/2021:12:18:41 +0800] "GET /favicon.ico HTTP/1.1" 200 21630 "http://192.168.37.90/linkmanSys/list.html" "Mozilla/5.0 (Windows NT 10.0; Win64; x64) AppleWebKit/537.36 (KHTML, like Gecko) Chrome/90.0.4430.212 Safari/537.36"
192.168.37.29 - - [24/May/2021:12:18:41 +0800] "GET /linkmanSys/list.html HTTP/1.1" 304 0 "http://192.168.37.90/linkmanSys/list.html" "Mozilla/5.0 (Windows NT 10.0; Win64; x64) AppleWebKit/537.36 (KHTML, like Gecko) Chrome/90.0.4430.212 Safari/537.36"
192.168.37.29 - - [24/May/2021:12:18:41 +0800] "GET /linkmanSys/linkMan?method=findAll HTTP/1.1" 200 284 "http://192.168.37.90/linkmanSys/list.html" "Mozilla/5.0 (Windows NT 10.0; Win64; x64) AppleWebKit/537.36 (KHTML, like Gecko) Chrome/90.0.4430.212 Safari/537.36"
192.168.37.93 - - [24/May/2021:12:18:41 +0800] "GET /linkmanSys/list.html HTTP/1.1" 304 0 "http://192.168.37.90/linkmanSys/list.html" "Mozilla/5.0 (Windows NT 10.0; Win64; x64) AppleWebKit/537.36 (KHTML, like Gecko) Chrome/75.0.3770.100 Safari/537.36"
192.168.37.234 - - [24/May/2021:12:18:41 +0800] "GET /linkmanSys/list.html HTTP/1.1" 200 3742 "http://192.168.37.90/linkmanSys/" "Mozilla/5.0 (Windows NT 10.0; WOW64) AppleWebKit/537.36 (KHTML, like Gecko) Chrome/80.0.3987.87 Safari/537.36 SE 2.X MetaSr 1.0"
192.168.37.29 - - [24/May/2021:12:18:41 +0800] "GET /favicon.ico HTTP/1.1" 200 21630 "http://192.168.37.90/linkmanSys/list.html" "Mozilla/5.0 (Windows NT 10.0; Win64; x64) AppleWebKit/537.36 (KHTML, like Gecko) Chrome/90.0.4430.212 Safari/537.36"
192.168.37.91 - - [24/May/2021:12:18:41 +0800] "GET /linkmanSys/linkMan?method=delete&id=183 HTTP/1.1" 200 49 "http://192.168.37.90/linkmanSys/list.html" "Mozilla/5.0 (Windows NT 10.0; WOW64) AppleWebKit/537.36 (KHTML, like Gecko) Chrome/90.0.4430.93 Safari/537.36"
192.168.37.234 - - [24/May/2021:12:18:41 +0800] "GET /linkmanSys/js/bootstrap.min.js HTTP/1.1" 200 37045 "http://192.168.37.90/linkmanSys/list.html" "Mozilla/5.0 (Windows NT 10.0; WOW64) AppleWebKit/537.36 (KHTML, like Gecko) Chrome/80.0.3987.87 Safari/537.36 SE 2.X MetaSr 1.0"
192.168.37.234 - - [24/May/2021:12:18:41 +0800] "GET /linkmanSys/css/bootstrap.min.css HTTP/1.1" 200 121200 "http://192.168.37.90/linkmanSys/list.html" "Mozilla/5.0 (Windows NT 10.0; WOW64) AppleWebKit/537.36 (KHTML, like Gecko) Chrome/80.0.3987.87 Safari/537.36 SE 2.X MetaSr 1.0"
192.168.37.234 - - [24/May/2021:12:18:41 +0800] "GET /linkmanSys/js/axios-0.18.0.js HTTP/1.1" 200 12948 "http://192.168.37.90/linkmanSys/list.html" "Mozilla/5.0 (Windows NT 10.0; WOW64) AppleWebKit/537.36 (KHTML, like Gecko) Chrome/80.0.3987.87 Safari/537.36 SE 2.X MetaSr 1.0"
192.168.37.234 - - [24/May/2021:12:18:41 +0800] "GET /linkmanSys/js/jquery-2.1.0.min.js HTTP/1.1" 200 83617 "http://192.168.37.90/linkmanSys/list.html" "Mozilla/5.0 (Windows NT 10.0; WOW64) AppleWebKit/537.36 (KHTML, like Gecko) Chrome/80.0.3987.87 Safari/537.36 SE 2.X MetaSr 1.0"
192.168.37.93 - - [24/May/2021:12:18:41 +0800] "GET /linkmanSys/linkMan?method=findAll HTTP/1.1" 200 180 "http://192.168.37.90/linkmanSys/list.html" "Mozilla/5.0 (Windows NT 10.0; Win64; x64) AppleWebKit/537.36 (KHTML, like Gecko) Chrome/75.0.3770.100 Safari/537.36"
