192.168.37.73 - - [24/May/2021:12:18:08 +0800] "GET /linkmanSys/css/bootstrap.min.css HTTP/1.1" 200 121200 "http://192.168.37.90/linkmanSys/list.html" "Mozilla/5.0 (Windows NT 10.0; Win64; x64) AppleWebKit/537.36 (KHTML, like Gecko) Chrome/90.0.4430.212 Safari/537.36 Edg/90.0.818.66"
192.168.37.73 - - [24/May/2021:12:18:08 +0800] "GET /linkmanSys/js/vuejs-2.5.16.js HTTP/1.1" 200 300248 "http://192.168.37.90/linkmanSys/list.html" "Mozilla/5.0 (Windows NT 10.0; Win64; x64) AppleWebKit/537.36 (KHTML, like Gecko) Chrome/90.0.4430.212 Safari/537.36 Edg/90.0.818.66"
192.168.37.29 - - [24/May/2021:12:18:08 +0800] "GET /linkmanSys/linkMan?method=delete&id=170 HTTP/1.1" 200 49 "http://192.168.37.90/linkmanSys/list.html" "Mozilla/5.0 (Windows NT 10.0; Win64; x64) AppleWebKit/537.36 (KHTML, like Gecko) Chrome/90.0.4430.212 Safari/537.36"
192.168.37.36 - - [24/May/2021:12:18:08 +0800] "GET /linkmanSys/js/jquery-2.1.0.min.js HTTP/1.1" 200 83617 "http://192.168.37.90/linkmanSys/list.html" "Mozilla/5.0 (Windows NT 10.0; Win64; x64) AppleWebKit/537.36 (KHTML, like Gecko) Chrome/90.0.4430.212 Safari/537.36"
192.168.37.36 - - [24/May/2021:12:18:08 +0800] "GET /linkmanSys/css/bootstrap.min.css HTTP/1.1" 200 121200 "http://192.168.37.90/linkmanSys/list.html" "Mozilla/5.0 (Windows NT 10.0; Win64; x64) AppleWebKit/537.36 (KHTML, like Gecko) Chrome/90.0.4430.212 Safari/537.36"
192.168.37.36 - - [24/May/2021:12:18:08 +0800] "GET /linkmanSys/js/axios-0.18.0.js HTTP/1.1" 200 12948 "http://192.168.37.90/linkmanSys/list.html" "Mozilla/5.0 (Windows NT 10.0; Win64; x64) AppleWebKit/537.36 (KHTML, like Gecko) Chrome/90.0.4430.212 Safari/537.36"
192.168.37.36 - - [24/May/2021:12:18:08 +0800] "GET /linkmanSys/js/bootstrap.min.js HTTP/1.1" 200 37045 "http://192.168.37.90/linkmanSys/list.html" "Mozilla/5.0 (Windows NT 10.0; Win64; x64) AppleWebKit/537.36 (KHTML, like Gecko) Chrome/90.0.4430.212 Safari/537.36"
192.168.37.36 - - [24/May/2021:12:18:08 +0800] "GET /linkmanSys/js/vuejs-2.5.16.js HTTP/1.1" 200 300248 "http://192.168.37.90/linkmanSys/list.html" "Mozilla/5.0 (Windows NT 10.0; Win64; x64) AppleWebKit/537.36 (KHTML, like Gecko) Chrome/90.0.4430.212 Safari/537.36"
192.168.37.29 - - [24/May/2021:12:18:09 +0800] "GET /linkmanSys/linkMan?method=findAll HTTP/1.1" 200 832 "http://192.168.37.90/linkmanSys/list.html" "Mozilla/5.0 (Windows NT 10.0; Win64; x64) AppleWebKit/537.36 (KHTML, like Gecko) Chrome/90.0.4430.212 Safari/537.36"
192.168.37.73 - - [24/May/2021:12:18:09 +0800] "GET /linkmanSys/linkMan?method=findAll HTTP/1.1" 200 832 "http://192.168.37.90/linkmanSys/list.html" "Mozilla/5.0 (Windows NT 10.0; Win64; x64) AppleWebKit/537.36 (KHTML, like Gecko) Chrome/90.0.4430.212 Safari/537.36 Edg/90.0.818.66"
192.168.37.29 - - [24/May/2021:12:18:09 +0800] "GET /linkmanSys/list.html HTTP/1.1" 304 0 "http://192.168.37.90/linkmanSys/list.html" "Mozilla/5.0 (Windows NT 10.0; Win64; x64) AppleWebKit/537.36 (KHTML, like Gecko) Chrome/90.0.4430.212 Safari/537.36"
192.168.37.29 - - [24/May/2021:12:18:09 +0800] "GET /linkmanSys/linkMan?method=findAll HTTP/1.1" 200 832 "http://192.168.37.90/linkmanSys/list.html" "Mozilla/5.0 (Windows NT 10.0; Win64; x64) AppleWebKit/537.36 (KHTML, like Gecko) Chrome/90.0.4430.212 Safari/537.36"
192.168.37.29 - - [24/May/2021:12:18:09 +0800] "GET /favicon.ico HTTP/1.1" 200 21630 "http://192.168.37.90/linkmanSys/list.html" "Mozilla/5.0 (Windows NT 10.0; Win64; x64) AppleWebKit/537.36 (KHTML, like Gecko) Chrome/90.0.4430.212 Safari/537.36"
192.168.37.36 - - [24/May/2021:12:18:09 +0800] "GET /linkmanSys/linkMan?method=findAll HTTP/1.1" 200 832 "http://192.168.37.90/linkmanSys/list.html" "Mozilla/5.0 (Windows NT 10.0; Win64; x64) AppleWebKit/537.36 (KHTML, like Gecko) Chrome/90.0.4430.212 Safari/537.36"
192.168.37.30 - - [24/May/2021:12:18:09 +0800] "POST /linkmanSys/linkMan?method=add HTTP/1.1" 200 61 "http://192.168.37.90/linkmanSys/add.html" "Mozilla/5.0 (Windows NT 10.0; WOW64) AppleWebKit/537.36 (KHTML, like Gecko) Chrome/72.0.3626.81 Safari/537.36 SE 2.X MetaSr 1.0"
192.168.37.30 - - [24/May/2021:12:18:09 +0800] "GET /linkmanSys/linkMan?method=findAll HTTP/1.1" 200 938 "http://192.168.37.90/linkmanSys/list.html" "Mozilla/5.0 (Windows NT 10.0; WOW64) AppleWebKit/537.36 (KHTML, like Gecko) Chrome/72.0.3626.81 Safari/537.36 SE 2.X MetaSr 1.0"
192.168.37.29 - - [24/May/2021:12:18:09 +0800] "GET /linkmanSys/list.html HTTP/1.1" 304 0 "http://192.168.37.90/linkmanSys/list.html" "Mozilla/5.0 (Windows NT 10.0; Win64; x64) AppleWebKit/537.36 (KHTML, like Gecko) Chrome/90.0.4430.212 Safari/537.36"
192.168.37.29 - - [24/May/2021:12:18:09 +0800] "GET /linkmanSys/linkMan?method=findAll HTTP/1.1" 200 938 "http://192.168.37.90/linkmanSys/list.html" "Mozilla/5.0 (Windows NT 10.0; Win64; x64) AppleWebKit/537.36 (KHTML, like Gecko) Chrome/90.0.4430.212 Safari/537.36"
192.168.37.29 - - [24/May/2021:12:18:09 +0800] "GET /favicon.ico HTTP/1.1" 200 21630 "http://192.168.37.90/linkmanSys/list.html" "Mozilla/5.0 (Windows NT 10.0; Win64; x64) AppleWebKit/537.36 (KHTML, like Gecko) Chrome/90.0.4430.212 Safari/537.36"
192.168.37.29 - - [24/May/2021:12:18:09 +0800] "GET /linkmanSys/list.html HTTP/1.1" 304 0 "http://192.168.37.90/linkmanSys/list.html" "Mozilla/5.0 (Windows NT 10.0; Win64; x64) AppleWebKit/537.36 (KHTML, like Gecko) Chrome/90.0.4430.212 Safari/537.36"
192.168.37.29 - - [24/May/2021:12:18:10 +0800] "GET /linkmanSys/linkMan?method=findAll HTTP/1.1" 200 938 "http://192.168.37.90/linkmanSys/list.html" "Mozilla/5.0 (Windows NT 10.0; Win64; x64) AppleWebKit/537.36 (KHTML, like Gecko) Chrome/90.0.4430.212 Safari/537.36"
192.168.37.29 - - [24/May/2021:12:18:10 +0800] "GET /favicon.ico HTTP/1.1" 200 21630 "http://192.168.37.90/linkmanSys/list.html" "Mozilla/5.0 (Windows NT 10.0; Win64; x64) AppleWebKit/537.36 (KHTML, like Gecko) Chrome/90.0.4430.212 Safari/537.36"
192.168.37.73 - - [24/May/2021:12:18:10 +0800] "GET /linkmanSys/add.html HTTP/1.1" 200 3978 "http://192.168.37.90/linkmanSys/list.html" "Mozilla/5.0 (Windows NT 10.0; Win64; x64) AppleWebKit/537.36 (KHTML, like Gecko) Chrome/90.0.4430.212 Safari/537.36 Edg/90.0.818.66"
192.168.37.29 - - [24/May/2021:12:18:10 +0800] "GET /linkmanSys/list.html HTTP/1.1" 304 0 "http://192.168.37.90/linkmanSys/list.html" "Mozilla/5.0 (Windows NT 10.0; Win64; x64) AppleWebKit/537.36 (KHTML, like Gecko) Chrome/90.0.4430.212 Safari/537.36"
192.168.37.29 - - [24/May/2021:12:18:10 +0800] "GET /linkmanSys/linkMan?method=findAll HTTP/1.1" 200 938 "http://192.168.37.90/linkmanSys/list.html" "Mozilla/5.0 (Windows NT 10.0; Win64; x64) AppleWebKit/537.36 (KHTML, like Gecko) Chrome/90.0.4430.212 Safari/537.36"
192.168.37.29 - - [24/May/2021:12:18:10 +0800] "GET /favicon.ico HTTP/1.1" 200 21630 "http://192.168.37.90/linkmanSys/list.html" "Mozilla/5.0 (Windows NT 10.0; Win64; x64) AppleWebKit/537.36 (KHTML, like Gecko) Chrome/90.0.4430.212 Safari/537.36"
192.168.37.29 - - [24/May/2021:12:18:10 +0800] "GET /linkmanSys/list.html HTTP/1.1" 304 0 "http://192.168.37.90/linkmanSys/list.html" "Mozilla/5.0 (Windows NT 10.0; Win64; x64) AppleWebKit/537.36 (KHTML, like Gecko) Chrome/90.0.4430.212 Safari/537.36"
192.168.37.91 - - [24/May/2021:12:18:10 +0800] "GET /linkmanSys/list.html HTTP/1.1" 200 3742 "http://192.168.37.90/linkmanSys/" "Mozilla/5.0 (Windows NT 10.0; WOW64) AppleWebKit/537.36 (KHTML, like Gecko) Chrome/90.0.4430.93 Safari/537.36"
192.168.37.91 - - [24/May/2021:12:18:10 +0800] "GET /linkmanSys/js/axios-0.18.0.js HTTP/1.1" 200 12948 "http://192.168.37.90/linkmanSys/list.html" "Mozilla/5.0 (Windows NT 10.0; WOW64) AppleWebKit/537.36 (KHTML, like Gecko) Chrome/90.0.4430.93 Safari/537.36"
192.168.37.91 - - [24/May/2021:12:18:10 +0800] "GET /linkmanSys/js/bootstrap.min.js HTTP/1.1" 200 37045 "http://192.168.37.90/linkmanSys/list.html" "Mozilla/5.0 (Windows NT 10.0; WOW64) AppleWebKit/537.36 (KHTML, like Gecko) Chrome/90.0.4430.93 Safari/537.36"
192.168.37.91 - - [24/May/2021:12:18:10 +0800] "GET /linkmanSys/css/bootstrap.min.css HTTP/1.1" 200 121200 "http://192.168.37.90/linkmanSys/list.html" "Mozilla/5.0 (Windows NT 10.0; WOW64) AppleWebKit/537.36 (KHTML, like Gecko) Chrome/90.0.4430.93 Safari/537.36"
192.168.37.91 - - [24/May/2021:12:18:10 +0800] "GET /linkmanSys/js/jquery-2.1.0.min.js HTTP/1.1" 200 83617 "http://192.168.37.90/linkmanSys/list.html" "Mozilla/5.0 (Windows NT 10.0; WOW64) AppleWebKit/537.36 (KHTML, like Gecko) Chrome/90.0.4430.93 Safari/537.36"
192.168.37.29 - - [24/May/2021:12:18:10 +0800] "GET /linkmanSys/linkMan?method=findAll HTTP/1.1" 200 938 "http://192.168.37.90/linkmanSys/list.html" "Mozilla/5.0 (Windows NT 10.0; Win64; x64) AppleWebKit/537.36 (KHTML, like Gecko) Chrome/90.0.4430.212 Safari/537.36"
192.168.37.29 - - [24/May/2021:12:18:10 +0800] "GET /favicon.ico HTTP/1.1" 200 21630 "http://192.168.37.90/linkmanSys/list.html" "Mozilla/5.0 (Windows NT 10.0; Win64; x64) AppleWebKit/537.36 (KHTML, like Gecko) Chrome/90.0.4430.212 Safari/537.36"
192.168.37.91 - - [24/May/2021:12:18:10 +0800] "GET /linkmanSys/js/vuejs-2.5.16.js HTTP/1.1" 200 300248 "http://192.168.37.90/linkmanSys/list.html" "Mozilla/5.0 (Windows NT 10.0; WOW64) AppleWebKit/537.36 (KHTML, like Gecko) Chrome/90.0.4430.93 Safari/537.36"
192.168.37.91 - - [24/May/2021:12:18:10 +0800] "GET /linkmanSys/linkMan?method=findAll HTTP/1.1" 200 938 "http://192.168.37.90/linkmanSys/list.html" "Mozilla/5.0 (Windows NT 10.0; WOW64) AppleWebKit/537.36 (KHTML, like Gecko) Chrome/90.0.4430.93 Safari/537.36"
192.168.37.29 - - [24/May/2021:12:18:10 +0800] "GET /linkmanSys/list.html HTTP/1.1" 304 0 "http://192.168.37.90/linkmanSys/list.html" "Mozilla/5.0 (Windows NT 10.0; Win64; x64) AppleWebKit/537.36 (KHTML, like Gecko) Chrome/90.0.4430.212 Safari/537.36"
192.168.37.29 - - [24/May/2021:12:18:10 +0800] "GET /linkmanSys/linkMan?method=findAll HTTP/1.1" 200 938 "http://192.168.37.90/linkmanSys/list.html" "Mozilla/5.0 (Windows NT 10.0; Win64; x64) AppleWebKit/537.36 (KHTML, like Gecko) Chrome/90.0.4430.212 Safari/537.36"
192.168.37.29 - - [24/May/2021:12:18:10 +0800] "GET /favicon.ico HTTP/1.1" 200 21630 "http://192.168.37.90/linkmanSys/list.html" "Mozilla/5.0 (Windows NT 10.0; Win64; x64) AppleWebKit/537.36 (KHTML, like Gecko) Chrome/90.0.4430.212 Safari/537.36"
192.168.37.29 - - [24/May/2021:12:18:10 +0800] "GET /linkmanSys/list.html HTTP/1.1" 304 0 "http://192.168.37.90/linkmanSys/list.html" "Mozilla/5.0 (Windows NT 10.0; Win64; x64) AppleWebKit/537.36 (KHTML, like Gecko) Chrome/90.0.4430.212 Safari/537.36"
192.168.37.29 - - [24/May/2021:12:18:10 +0800] "GET /linkmanSys/linkMan?method=findAll HTTP/1.1" 200 938 "http://192.168.37.90/linkmanSys/list.html" "Mozilla/5.0 (Windows NT 10.0; Win64; x64) AppleWebKit/537.36 (KHTML, like Gecko) Chrome/90.0.4430.212 Safari/537.36"
192.168.37.29 - - [24/May/2021:12:18:10 +0800] "GET /favicon.ico HTTP/1.1" 200 21630 "http://192.168.37.90/linkmanSys/list.html" "Mozilla/5.0 (Windows NT 10.0; Win64; x64) AppleWebKit/537.36 (KHTML, like Gecko) Chrome/90.0.4430.212 Safari/537.36"
192.168.37.43 - - [24/May/2021:12:18:10 +0800] "GET /linkmanSys/linkMan?method=findPage HTTP/1.1" 200 4933 "http://192.168.37.90/linkmanSys/" "Mozilla/5.0 (Windows NT 10.0; Win64; x64) AppleWebKit/537.36 (KHTML, like Gecko) Chrome/90.0.4430.93 Safari/537.36"
192.168.37.43 - - [24/May/2021:12:18:10 +0800] "GET /linkmanSys/js/bootstrap.min.js HTTP/1.1" 200 37045 "http://192.168.37.90/linkmanSys/linkMan?method=findPage" "Mozilla/5.0 (Windows NT 10.0; Win64; x64) AppleWebKit/537.36 (KHTML, like Gecko) Chrome/90.0.4430.93 Safari/537.36"
192.168.37.43 - - [24/May/2021:12:18:10 +0800] "GET /linkmanSys/css/bootstrap.min.css HTTP/1.1" 200 121200 "http://192.168.37.90/linkmanSys/linkMan?method=findPage" "Mozilla/5.0 (Windows NT 10.0; Win64; x64) AppleWebKit/537.36 (KHTML, like Gecko) Chrome/90.0.4430.93 Safari/537.36"
192.168.37.43 - - [24/May/2021:12:18:10 +0800] "GET /linkmanSys/js/jquery-2.1.0.min.js HTTP/1.1" 200 83617 "http://192.168.37.90/linkmanSys/linkMan?method=findPage" "Mozilla/5.0 (Windows NT 10.0; Win64; x64) AppleWebKit/537.36 (KHTML, like Gecko) Chrome/90.0.4430.93 Safari/537.36"
192.168.37.24 - - [24/May/2021:12:18:11 +0800] "GET /linkmanSys/update.html?id=1 HTTP/1.1" 200 2622 "http://192.168.37.90/linkmanSys/list.html" "Mozilla/5.0 (Windows NT 10.0; Win64; x64) AppleWebKit/537.36 (KHTML, like Gecko) Chrome/90.0.4430.85 Safari/537.36"
192.168.37.67 - - [24/May/2021:12:18:12 +0800] "POST /linkmanSys/linkMan?method=add HTTP/1.1" 200 61 "http://192.168.37.90/linkmanSys/add.html" "Mozilla/5.0 (Windows NT 10.0; Win64; x64) AppleWebKit/537.36 (KHTML, like Gecko) Chrome/90.0.4430.212 Safari/537.36 Edg/90.0.818.66"
192.168.37.36 - - [24/May/2021:12:18:12 +0800] "GET /linkmanSys/linkMan?method=findPage HTTP/1.1" 200 4933 "http://192.168.37.90/linkmanSys/" "Mozilla/5.0 (Windows NT 10.0; Win64; x64) AppleWebKit/537.36 (KHTML, like Gecko) Chrome/90.0.4430.212 Safari/537.36"
192.168.37.29 - - [24/May/2021:12:18:12 +0800] "GET /linkmanSys/list.html HTTP/1.1" 304 0 "http://192.168.37.90/linkmanSys/list.html" "Mozilla/5.0 (Windows NT 10.0; Win64; x64) AppleWebKit/537.36 (KHTML, like Gecko) Chrome/90.0.4430.212 Safari/537.36"
192.168.37.29 - - [24/May/2021:12:18:12 +0800] "GET /linkmanSys/linkMan?method=findAll HTTP/1.1" 200 1062 "http://192.168.37.90/linkmanSys/list.html" "Mozilla/5.0 (Windows NT 10.0; Win64; x64) AppleWebKit/537.36 (KHTML, like Gecko) Chrome/90.0.4430.212 Safari/537.36"
192.168.37.29 - - [24/May/2021:12:18:12 +0800] "GET /favicon.ico HTTP/1.1" 200 21630 "http://192.168.37.90/linkmanSys/list.html" "Mozilla/5.0 (Windows NT 10.0; Win64; x64) AppleWebKit/537.36 (KHTML, like Gecko) Chrome/90.0.4430.212 Safari/537.36"
192.168.37.67 - - [24/May/2021:12:18:12 +0800] "GET /linkmanSys/linkMan?method=findAll HTTP/1.1" 200 1062 "http://192.168.37.90/linkmanSys/list.html" "Mozilla/5.0 (Windows NT 10.0; Win64; x64) AppleWebKit/537.36 (KHTML, like Gecko) Chrome/90.0.4430.212 Safari/537.36 Edg/90.0.818.66"
192.168.37.91 - - [24/May/2021:12:18:13 +0800] "GET /linkmanSys/linkMan?method=delete&id=171 HTTP/1.1" 200 49 "http://192.168.37.90/linkmanSys/list.html" "Mozilla/5.0 (Windows NT 10.0; WOW64) AppleWebKit/537.36 (KHTML, like Gecko) Chrome/90.0.4430.93 Safari/537.36"
192.168.37.91 - - [24/May/2021:12:18:13 +0800] "GET /linkmanSys/linkMan?method=findAll HTTP/1.1" 200 956 "http://192.168.37.90/linkmanSys/list.html" "Mozilla/5.0 (Windows NT 10.0; WOW64) AppleWebKit/537.36 (KHTML, like Gecko) Chrome/90.0.4430.93 Safari/537.36"
192.168.37.84 - - [24/May/2021:12:18:13 +0800] "GET /linkmanSys HTTP/1.1" 302 5 "-" "Mozilla/5.0 (Windows NT 10.0; WOW64) AppleWebKit/537.36 (KHTML, like Gecko) Chrome/89.0.4389.114 Safari/537.36"
192.168.37.84 - - [24/May/2021:12:18:13 +0800] "GET /linkmanSys/ HTTP/1.1" 200 250 "-" "Mozilla/5.0 (Windows NT 10.0; WOW64) AppleWebKit/537.36 (KHTML, like Gecko) Chrome/89.0.4389.114 Safari/537.36"
192.168.37.84 - - [24/May/2021:12:18:13 +0800] "GET /favicon.ico HTTP/1.1" 200 21630 "http://192.168.37.90/linkmanSys/" "Mozilla/5.0 (Windows NT 10.0; WOW64) AppleWebKit/537.36 (KHTML, like Gecko) Chrome/89.0.4389.114 Safari/537.36"
192.168.37.70 - - [24/May/2021:12:18:14 +0800] "GET / HTTP/1.1" 200 11156 "-" "Mozilla/5.0 (Windows NT 10.0; Win64; x64) AppleWebKit/537.36 (KHTML, like Gecko) Chrome/89.0.4389.114 Safari/537.36"
192.168.37.70 - - [24/May/2021:12:18:14 +0800] "GET /tomcat.css HTTP/1.1" 200 5542 "http://192.168.37.90/" "Mozilla/5.0 (Windows NT 10.0; Win64; x64) AppleWebKit/537.36 (KHTML, like Gecko) Chrome/89.0.4389.114 Safari/537.36"
192.168.37.70 - - [24/May/2021:12:18:14 +0800] "GET /tomcat.svg HTTP/1.1" 200 67795 "http://192.168.37.90/" "Mozilla/5.0 (Windows NT 10.0; Win64; x64) AppleWebKit/537.36 (KHTML, like Gecko) Chrome/89.0.4389.114 Safari/537.36"
192.168.37.70 - - [24/May/2021:12:18:14 +0800] "GET /bg-nav.png HTTP/1.1" 200 1401 "http://192.168.37.90/tomcat.css" "Mozilla/5.0 (Windows NT 10.0; Win64; x64) AppleWebKit/537.36 (KHTML, like Gecko) Chrome/89.0.4389.114 Safari/537.36"
192.168.37.70 - - [24/May/2021:12:18:14 +0800] "GET /asf-logo-wide.svg HTTP/1.1" 200 27235 "http://192.168.37.90/tomcat.css" "Mozilla/5.0 (Windows NT 10.0; Win64; x64) AppleWebKit/537.36 (KHTML, like Gecko) Chrome/89.0.4389.114 Safari/537.36"
192.168.37.70 - - [24/May/2021:12:18:14 +0800] "GET /bg-upper.png HTTP/1.1" 200 3103 "http://192.168.37.90/tomcat.css" "Mozilla/5.0 (Windows NT 10.0; Win64; x64) AppleWebKit/537.36 (KHTML, like Gecko) Chrome/89.0.4389.114 Safari/537.36"
192.168.37.70 - - [24/May/2021:12:18:14 +0800] "GET /bg-middle.png HTTP/1.1" 200 1918 "http://192.168.37.90/tomcat.css" "Mozilla/5.0 (Windows NT 10.0; Win64; x64) AppleWebKit/537.36 (KHTML, like Gecko) Chrome/89.0.4389.114 Safari/537.36"
192.168.37.70 - - [24/May/2021:12:18:14 +0800] "GET /bg-button.png HTTP/1.1" 200 713 "http://192.168.37.90/tomcat.css" "Mozilla/5.0 (Windows NT 10.0; Win64; x64) AppleWebKit/537.36 (KHTML, like Gecko) Chrome/89.0.4389.114 Safari/537.36"
192.168.37.70 - - [24/May/2021:12:18:14 +0800] "GET /favicon.ico HTTP/1.1" 200 21630 "http://192.168.37.90/" "Mozilla/5.0 (Windows NT 10.0; Win64; x64) AppleWebKit/537.36 (KHTML, like Gecko) Chrome/89.0.4389.114 Safari/537.36"
192.168.37.29 - - [24/May/2021:12:18:14 +0800] "GET /linkmanSys/linkMan?method=delete&id=172 HTTP/1.1" 200 49 "http://192.168.37.90/linkmanSys/list.html" "Mozilla/5.0 (Windows NT 10.0; Win64; x64) AppleWebKit/537.36 (KHTML, like Gecko) Chrome/90.0.4430.212 Safari/537.36"
192.168.37.29 - - [24/May/2021:12:18:15 +0800] "GET /linkmanSys/linkMan?method=findAll HTTP/1.1" 200 832 "http://192.168.37.90/linkmanSys/list.html" "Mozilla/5.0 (Windows NT 10.0; Win64; x64) AppleWebKit/537.36 (KHTML, like Gecko) Chrome/90.0.4430.212 Safari/537.36"
192.168.37.91 - - [24/May/2021:12:18:15 +0800] "GET /linkmanSys/linkMan?method=delete&id=166 HTTP/1.1" 200 49 "http://192.168.37.90/linkmanSys/list.html" "Mozilla/5.0 (Windows NT 10.0; WOW64) AppleWebKit/537.36 (KHTML, like Gecko) Chrome/90.0.4430.93 Safari/537.36"
192.168.37.91 - - [24/May/2021:12:18:15 +0800] "GET /linkmanSys/linkMan?method=findAll HTTP/1.1" 200 728 "http://192.168.37.90/linkmanSys/list.html" "Mozilla/5.0 (Windows NT 10.0; WOW64) AppleWebKit/537.36 (KHTML, like Gecko) Chrome/90.0.4430.93 Safari/537.36"
192.168.37.29 - - [24/May/2021:12:18:15 +0800] "GET /linkmanSys/list.html HTTP/1.1" 304 0 "http://192.168.37.90/linkmanSys/list.html" "Mozilla/5.0 (Windows NT 10.0; Win64; x64) AppleWebKit/537.36 (KHTML, like Gecko) Chrome/90.0.4430.212 Safari/537.36"
192.168.37.29 - - [24/May/2021:12:18:15 +0800] "GET /linkmanSys/linkMan?method=findAll HTTP/1.1" 200 728 "http://192.168.37.90/linkmanSys/list.html" "Mozilla/5.0 (Windows NT 10.0; Win64; x64) AppleWebKit/537.36 (KHTML, like Gecko) Chrome/90.0.4430.212 Safari/537.36"
192.168.37.29 - - [24/May/2021:12:18:15 +0800] "GET /favicon.ico HTTP/1.1" 200 21630 "http://192.168.37.90/linkmanSys/list.html" "Mozilla/5.0 (Windows NT 10.0; Win64; x64) AppleWebKit/537.36 (KHTML, like Gecko) Chrome/90.0.4430.212 Safari/537.36"
192.168.37.29 - - [24/May/2021:12:18:15 +0800] "GET /linkmanSys/list.html HTTP/1.1" 304 0 "http://192.168.37.90/linkmanSys/list.html" "Mozilla/5.0 (Windows NT 10.0; Win64; x64) AppleWebKit/537.36 (KHTML, like Gecko) Chrome/90.0.4430.212 Safari/537.36"
192.168.37.29 - - [24/May/2021:12:18:15 +0800] "GET /linkmanSys/linkMan?method=findAll HTTP/1.1" 200 728 "http://192.168.37.90/linkmanSys/list.html" "Mozilla/5.0 (Windows NT 10.0; Win64; x64) AppleWebKit/537.36 (KHTML, like Gecko) Chrome/90.0.4430.212 Safari/537.36"
192.168.37.29 - - [24/May/2021:12:18:15 +0800] "GET /favicon.ico HTTP/1.1" 200 21630 "http://192.168.37.90/linkmanSys/list.html" "Mozilla/5.0 (Windows NT 10.0; Win64; x64) AppleWebKit/537.36 (KHTML, like Gecko) Chrome/90.0.4430.212 Safari/537.36"
192.168.37.45 - - [24/May/2021:12:18:16 +0800] "GET /linkmanSys/list.html HTTP/1.1" 304 0 "http://192.168.37.90/linkmanSys/add.html" "Mozilla/5.0 (Windows NT 10.0; Win64; x64) AppleWebKit/537.36 (KHTML, like Gecko) Chrome/90.0.4430.212 Safari/537.36"
192.168.37.29 - - [24/May/2021:12:18:16 +0800] "GET /linkmanSys/list.html HTTP/1.1" 304 0 "http://192.168.37.90/linkmanSys/list.html" "Mozilla/5.0 (Windows NT 10.0; Win64; x64) AppleWebKit/537.36 (KHTML, like Gecko) Chrome/90.0.4430.212 Safari/537.36"
192.168.37.45 - - [24/May/2021:12:18:16 +0800] "GET /linkmanSys/linkMan?method=findAll HTTP/1.1" 200 728 "http://192.168.37.90/linkmanSys/list.html" "Mozilla/5.0 (Windows NT 10.0; Win64; x64) AppleWebKit/537.36 (KHTML, like Gecko) Chrome/90.0.4430.212 Safari/537.36"
192.168.37.45 - - [24/May/2021:12:18:16 +0800] "GET /favicon.ico HTTP/1.1" 200 21630 "http://192.168.37.90/linkmanSys/list.html" "Mozilla/5.0 (Windows NT 10.0; Win64; x64) AppleWebKit/537.36 (KHTML, like Gecko) Chrome/90.0.4430.212 Safari/537.36"
192.168.37.29 - - [24/May/2021:12:18:16 +0800] "GET /linkmanSys/linkMan?method=findAll HTTP/1.1" 200 728 "http://192.168.37.90/linkmanSys/list.html" "Mozilla/5.0 (Windows NT 10.0; Win64; x64) AppleWebKit/537.36 (KHTML, like Gecko) Chrome/90.0.4430.212 Safari/537.36"
192.168.37.29 - - [24/May/2021:12:18:16 +0800] "GET /favicon.ico HTTP/1.1" 200 21630 "http://192.168.37.90/linkmanSys/list.html" "Mozilla/5.0 (Windows NT 10.0; Win64; x64) AppleWebKit/537.36 (KHTML, like Gecko) Chrome/90.0.4430.212 Safari/537.36"
192.168.37.91 - - [24/May/2021:12:18:16 +0800] "GET /linkmanSys/linkMan?method=delete&id=1 HTTP/1.1" 200 49 "http://192.168.37.90/linkmanSys/list.html" "Mozilla/5.0 (Windows NT 10.0; WOW64) AppleWebKit/537.36 (KHTML, like Gecko) Chrome/90.0.4430.93 Safari/537.36"
192.168.37.91 - - [24/May/2021:12:18:16 +0800] "GET /linkmanSys/linkMan?method=findAll HTTP/1.1" 200 619 "http://192.168.37.90/linkmanSys/list.html" "Mozilla/5.0 (Windows NT 10.0; WOW64) AppleWebKit/537.36 (KHTML, like Gecko) Chrome/90.0.4430.93 Safari/537.36"
192.168.37.29 - - [24/May/2021:12:18:16 +0800] "GET /linkmanSys/list.html HTTP/1.1" 304 0 "http://192.168.37.90/linkmanSys/list.html" "Mozilla/5.0 (Windows NT 10.0; Win64; x64) AppleWebKit/537.36 (KHTML, like Gecko) Chrome/90.0.4430.212 Safari/537.36"
192.168.37.29 - - [24/May/2021:12:18:16 +0800] "GET /linkmanSys/linkMan?method=findAll HTTP/1.1" 200 619 "http://192.168.37.90/linkmanSys/list.html" "Mozilla/5.0 (Windows NT 10.0; Win64; x64) AppleWebKit/537.36 (KHTML, like Gecko) Chrome/90.0.4430.212 Safari/537.36"
192.168.37.29 - - [24/May/2021:12:18:16 +0800] "GET /favicon.ico HTTP/1.1" 200 21630 "http://192.168.37.90/linkmanSys/list.html" "Mozilla/5.0 (Windows NT 10.0; Win64; x64) AppleWebKit/537.36 (KHTML, like Gecko) Chrome/90.0.4430.212 Safari/537.36"
192.168.37.84 - - [24/May/2021:12:18:16 +0800] "GET /linkmanSys/list.html HTTP/1.1" 200 3742 "http://192.168.37.90/linkmanSys/" "Mozilla/5.0 (Windows NT 10.0; WOW64) AppleWebKit/537.36 (KHTML, like Gecko) Chrome/89.0.4389.114 Safari/537.36"
192.168.37.84 - - [24/May/2021:12:18:16 +0800] "GET /linkmanSys/js/axios-0.18.0.js HTTP/1.1" 200 12948 "http://192.168.37.90/linkmanSys/list.html" "Mozilla/5.0 (Windows NT 10.0; WOW64) AppleWebKit/537.36 (KHTML, like Gecko) Chrome/89.0.4389.114 Safari/537.36"
192.168.37.84 - - [24/May/2021:12:18:16 +0800] "GET /linkmanSys/js/bootstrap.min.js HTTP/1.1" 200 37045 "http://192.168.37.90/linkmanSys/list.html" "Mozilla/5.0 (Windows NT 10.0; WOW64) AppleWebKit/537.36 (KHTML, like Gecko) Chrome/89.0.4389.114 Safari/537.36"
192.168.37.84 - - [24/May/2021:12:18:16 +0800] "GET /linkmanSys/css/bootstrap.min.css HTTP/1.1" 200 121200 "http://192.168.37.90/linkmanSys/list.html" "Mozilla/5.0 (Windows NT 10.0; WOW64) AppleWebKit/537.36 (KHTML, like Gecko) Chrome/89.0.4389.114 Safari/537.36"
192.168.37.84 - - [24/May/2021:12:18:16 +0800] "GET /linkmanSys/js/jquery-2.1.0.min.js HTTP/1.1" 200 83617 "http://192.168.37.90/linkmanSys/list.html" "Mozilla/5.0 (Windows NT 10.0; WOW64) AppleWebKit/537.36 (KHTML, like Gecko) Chrome/89.0.4389.114 Safari/537.36"
192.168.37.84 - - [24/May/2021:12:18:16 +0800] "GET /linkmanSys/js/vuejs-2.5.16.js HTTP/1.1" 200 300248 "http://192.168.37.90/linkmanSys/list.html" "Mozilla/5.0 (Windows NT 10.0; WOW64) AppleWebKit/537.36 (KHTML, like Gecko) Chrome/89.0.4389.114 Safari/537.36"
192.168.37.29 - - [24/May/2021:12:18:16 +0800] "GET /linkmanSys/list.html HTTP/1.1" 304 0 "http://192.168.37.90/linkmanSys/list.html" "Mozilla/5.0 (Windows NT 10.0; Win64; x64) AppleWebKit/537.36 (KHTML, like Gecko) Chrome/90.0.4430.212 Safari/537.36"
192.168.37.29 - - [24/May/2021:12:18:16 +0800] "GET /linkmanSys/linkMan?method=findAll HTTP/1.1" 200 619 "http://192.168.37.90/linkmanSys/list.html" "Mozilla/5.0 (Windows NT 10.0; Win64; x64) AppleWebKit/537.36 (KHTML, like Gecko) Chrome/90.0.4430.212 Safari/537.36"
192.168.37.29 - - [24/May/2021:12:18:16 +0800] "GET /favicon.ico HTTP/1.1" 200 21630 "http://192.168.37.90/linkmanSys/list.html" "Mozilla/5.0 (Windows NT 10.0; Win64; x64) AppleWebKit/537.36 (KHTML, like Gecko) Chrome/90.0.4430.212 Safari/537.36"
192.168.37.84 - - [24/May/2021:12:18:16 +0800] "GET /linkmanSys/linkMan?method=findAll HTTP/1.1" 200 619 "http://192.168.37.90/linkmanSys/list.html" "Mozilla/5.0 (Windows NT 10.0; WOW64) AppleWebKit/537.36 (KHTML, like Gecko) Chrome/89.0.4389.114 Safari/537.36"
192.168.37.29 - - [24/May/2021:12:18:17 +0800] "GET /linkmanSys/list.html HTTP/1.1" 304 0 "http://192.168.37.90/linkmanSys/list.html" "Mozilla/5.0 (Windows NT 10.0; Win64; x64) AppleWebKit/537.36 (KHTML, like Gecko) Chrome/90.0.4430.212 Safari/537.36"
192.168.37.62 - - [24/May/2021:12:18:17 +0800] "GET /linkmanSys/list.html HTTP/1.1" 200 3742 "http://192.168.37.90/linkmanSys/" "Mozilla/5.0 (Macintosh; Intel Mac OS X 10_15_6) AppleWebKit/605.1.15 (KHTML, like Gecko) Version/14.0.3 Safari/605.1.15"
192.168.37.29 - - [24/May/2021:12:18:17 +0800] "GET /favicon.ico HTTP/1.1" 200 21630 "http://192.168.37.90/linkmanSys/list.html" "Mozilla/5.0 (Windows NT 10.0; Win64; x64) AppleWebKit/537.36 (KHTML, like Gecko) Chrome/90.0.4430.212 Safari/537.36"
192.168.37.29 - - [24/May/2021:12:18:17 +0800] "GET /linkmanSys/linkMan?method=findAll HTTP/1.1" 200 619 "http://192.168.37.90/linkmanSys/list.html" "Mozilla/5.0 (Windows NT 10.0; Win64; x64) AppleWebKit/537.36 (KHTML, like Gecko) Chrome/90.0.4430.212 Safari/537.36"
192.168.37.62 - - [24/May/2021:12:18:17 +0800] "GET /linkmanSys/js/axios-0.18.0.js HTTP/1.1" 200 12948 "http://192.168.37.90/linkmanSys/list.html" "Mozilla/5.0 (Macintosh; Intel Mac OS X 10_15_6) AppleWebKit/605.1.15 (KHTML, like Gecko) Version/14.0.3 Safari/605.1.15"
192.168.37.62 - - [24/May/2021:12:18:17 +0800] "GET /linkmanSys/css/bootstrap.min.css HTTP/1.1" 200 121200 "http://192.168.37.90/linkmanSys/list.html" "Mozilla/5.0 (Macintosh; Intel Mac OS X 10_15_6) AppleWebKit/605.1.15 (KHTML, like Gecko) Version/14.0.3 Safari/605.1.15"
192.168.37.62 - - [24/May/2021:12:18:17 +0800] "GET /linkmanSys/js/bootstrap.min.js HTTP/1.1" 200 37045 "http://192.168.37.90/linkmanSys/list.html" "Mozilla/5.0 (Macintosh; Intel Mac OS X 10_15_6) AppleWebKit/605.1.15 (KHTML, like Gecko) Version/14.0.3 Safari/605.1.15"
192.168.37.62 - - [24/May/2021:12:18:17 +0800] "GET /linkmanSys/js/jquery-2.1.0.min.js HTTP/1.1" 200 83617 "http://192.168.37.90/linkmanSys/list.html" "Mozilla/5.0 (Macintosh; Intel Mac OS X 10_15_6) AppleWebKit/605.1.15 (KHTML, like Gecko) Version/14.0.3 Safari/605.1.15"
192.168.37.62 - - [24/May/2021:12:18:17 +0800] "GET /linkmanSys/js/vuejs-2.5.16.js HTTP/1.1" 200 300248 "http://192.168.37.90/linkmanSys/list.html" "Mozilla/5.0 (Macintosh; Intel Mac OS X 10_15_6) AppleWebKit/605.1.15 (KHTML, like Gecko) Version/14.0.3 Safari/605.1.15"
192.168.37.62 - - [24/May/2021:12:18:17 +0800] "GET /linkmanSys/linkMan?method=findAll HTTP/1.1" 200 619 "http://192.168.37.90/linkmanSys/list.html" "Mozilla/5.0 (Macintosh; Intel Mac OS X 10_15_6) AppleWebKit/605.1.15 (KHTML, like Gecko) Version/14.0.3 Safari/605.1.15"
192.168.37.29 - - [24/May/2021:12:18:17 +0800] "GET /linkmanSys/list.html HTTP/1.1" 304 0 "http://192.168.37.90/linkmanSys/list.html" "Mozilla/5.0 (Windows NT 10.0; Win64; x64) AppleWebKit/537.36 (KHTML, like Gecko) Chrome/90.0.4430.212 Safari/537.36"
192.168.37.29 - - [24/May/2021:12:18:17 +0800] "GET /linkmanSys/linkMan?method=findAll HTTP/1.1" 200 619 "http://192.168.37.90/linkmanSys/list.html" "Mozilla/5.0 (Windows NT 10.0; Win64; x64) AppleWebKit/537.36 (KHTML, like Gecko) Chrome/90.0.4430.212 Safari/537.36"
192.168.37.29 - - [24/May/2021:12:18:17 +0800] "GET /favicon.ico HTTP/1.1" 200 21630 "http://192.168.37.90/linkmanSys/list.html" "Mozilla/5.0 (Windows NT 10.0; Win64; x64) AppleWebKit/537.36 (KHTML, like Gecko) Chrome/90.0.4430.212 Safari/537.36"
192.168.37.43 - - [24/May/2021:12:18:17 +0800] "GET /linkmanSys/list.html HTTP/1.1" 200 3742 "http://192.168.37.90/linkmanSys/" "Mozilla/5.0 (Windows NT 10.0; Win64; x64) AppleWebKit/537.36 (KHTML, like Gecko) Chrome/90.0.4430.93 Safari/537.36"
192.168.37.91 - - [24/May/2021:12:18:17 +0800] "GET /linkmanSys/linkMan?method=delete&id=2 HTTP/1.1" 200 49 "http://192.168.37.90/linkmanSys/list.html" "Mozilla/5.0 (Windows NT 10.0; WOW64) AppleWebKit/537.36 (KHTML, like Gecko) Chrome/90.0.4430.93 Safari/537.36"
192.168.37.43 - - [24/May/2021:12:18:17 +0800] "GET /linkmanSys/js/axios-0.18.0.js HTTP/1.1" 200 12948 "http://192.168.37.90/linkmanSys/list.html" "Mozilla/5.0 (Windows NT 10.0; Win64; x64) AppleWebKit/537.36 (KHTML, like Gecko) Chrome/90.0.4430.93 Safari/537.36"
192.168.37.43 - - [24/May/2021:12:18:17 +0800] "GET /linkmanSys/js/vuejs-2.5.16.js HTTP/1.1" 200 300248 "http://192.168.37.90/linkmanSys/list.html" "Mozilla/5.0 (Windows NT 10.0; Win64; x64) AppleWebKit/537.36 (KHTML, like Gecko) Chrome/90.0.4430.93 Safari/537.36"
192.168.37.91 - - [24/May/2021:12:18:17 +0800] "GET /linkmanSys/linkMan?method=findAll HTTP/1.1" 200 510 "http://192.168.37.90/linkmanSys/list.html" "Mozilla/5.0 (Windows NT 10.0; WOW64) AppleWebKit/537.36 (KHTML, like Gecko) Chrome/90.0.4430.93 Safari/537.36"
192.168.37.29 - - [24/May/2021:12:18:17 +0800] "GET /linkmanSys/list.html HTTP/1.1" 304 0 "http://192.168.37.90/linkmanSys/list.html" "Mozilla/5.0 (Windows NT 10.0; Win64; x64) AppleWebKit/537.36 (KHTML, like Gecko) Chrome/90.0.4430.212 Safari/537.36"
192.168.37.29 - - [24/May/2021:12:18:17 +0800] "GET /linkmanSys/linkMan?method=findAll HTTP/1.1" 200 510 "http://192.168.37.90/linkmanSys/list.html" "Mozilla/5.0 (Windows NT 10.0; Win64; x64) AppleWebKit/537.36 (KHTML, like Gecko) Chrome/90.0.4430.212 Safari/537.36"
192.168.37.29 - - [24/May/2021:12:18:17 +0800] "GET /favicon.ico HTTP/1.1" 200 21630 "http://192.168.37.90/linkmanSys/list.html" "Mozilla/5.0 (Windows NT 10.0; Win64; x64) AppleWebKit/537.36 (KHTML, like Gecko) Chrome/90.0.4430.212 Safari/537.36"
192.168.37.90 - - [24/May/2021:12:18:17 +0800] "GET /linkmanSys/list.html HTTP/1.1" 304 0 "-" "Mozilla/5.0 (Windows NT 10.0; Win64; x64) AppleWebKit/537.36 (KHTML, like Gecko) Chrome/90.0.4430.212 Safari/537.36"
192.168.37.93 - - [24/May/2021:12:18:17 +0800] "POST /linkmanSys/linkMan?method=add HTTP/1.1" 200 61 "http://192.168.37.90/linkmanSys/add.html" "Mozilla/5.0 (Windows NT 10.0; Win64; x64) AppleWebKit/537.36 (KHTML, like Gecko) Chrome/75.0.3770.100 Safari/537.36"
192.168.37.43 - - [24/May/2021:12:18:17 +0800] "GET /linkmanSys/linkMan?method=findAll HTTP/1.1" 200 619 "http://192.168.37.90/linkmanSys/list.html" "Mozilla/5.0 (Windows NT 10.0; Win64; x64) AppleWebKit/537.36 (KHTML, like Gecko) Chrome/90.0.4430.93 Safari/537.36"
192.168.37.45 - - [24/May/2021:12:18:17 +0800] "GET /linkmanSys/list.html HTTP/1.1" 304 0 "http://192.168.37.90/linkmanSys/add.html" "Mozilla/5.0 (Windows NT 10.0; Win64; x64) AppleWebKit/537.36 (KHTML, like Gecko) Chrome/90.0.4430.212 Safari/537.36"
192.168.37.90 - - [24/May/2021:12:18:17 +0800] "GET /linkmanSys/linkMan?method=findAll HTTP/1.1" 200 619 "http://192.168.37.90/linkmanSys/list.html" "Mozilla/5.0 (Windows NT 10.0; Win64; x64) AppleWebKit/537.36 (KHTML, like Gecko) Chrome/90.0.4430.212 Safari/537.36"
192.168.37.90 - - [24/May/2021:12:18:17 +0800] "GET /favicon.ico HTTP/1.1" 200 21630 "http://192.168.37.90/linkmanSys/list.html" "Mozilla/5.0 (Windows NT 10.0; Win64; x64) AppleWebKit/537.36 (KHTML, like Gecko) Chrome/90.0.4430.212 Safari/537.36"
192.168.37.64 - - [24/May/2021:12:18:17 +0800] "GET /linkmanSys/list.html HTTP/1.1" 304 0 "http://192.168.37.90/linkmanSys/" "Mozilla/5.0 (Windows NT 10.0; Win64; x64) AppleWebKit/537.36 (KHTML, like Gecko) Chrome/90.0.4430.212 Safari/537.36"
192.168.37.93 - - [24/May/2021:12:18:17 +0800] "GET /linkmanSys/linkMan?method=findAll HTTP/1.1" 200 619 "http://192.168.37.90/linkmanSys/list.html" "Mozilla/5.0 (Windows NT 10.0; Win64; x64) AppleWebKit/537.36 (KHTML, like Gecko) Chrome/75.0.3770.100 Safari/537.36"
192.168.37.45 - - [24/May/2021:12:18:17 +0800] "GET /linkmanSys/linkMan?method=findAll HTTP/1.1" 200 619 "http://192.168.37.90/linkmanSys/list.html" "Mozilla/5.0 (Windows NT 10.0; Win64; x64) AppleWebKit/537.36 (KHTML, like Gecko) Chrome/90.0.4430.212 Safari/537.36"
192.168.37.64 - - [24/May/2021:12:18:17 +0800] "GET /linkmanSys/linkMan?method=findAll HTTP/1.1" 200 619 "http://192.168.37.90/linkmanSys/list.html" "Mozilla/5.0 (Windows NT 10.0; Win64; x64) AppleWebKit/537.36 (KHTML, like Gecko) Chrome/90.0.4430.212 Safari/537.36"
192.168.37.64 - - [24/May/2021:12:18:17 +0800] "GET /favicon.ico HTTP/1.1" 200 21630 "http://192.168.37.90/linkmanSys/list.html" "Mozilla/5.0 (Windows NT 10.0; Win64; x64) AppleWebKit/537.36 (KHTML, like Gecko) Chrome/90.0.4430.212 Safari/537.36"
192.168.37.29 - - [24/May/2021:12:18:17 +0800] "GET /linkmanSys/list.html HTTP/1.1" 304 0 "http://192.168.37.90/linkmanSys/list.html" "Mozilla/5.0 (Windows NT 10.0; Win64; x64) AppleWebKit/537.36 (KHTML, like Gecko) Chrome/90.0.4430.212 Safari/537.36"
192.168.37.29 - - [24/May/2021:12:18:17 +0800] "GET /linkmanSys/linkMan?method=findAll HTTP/1.1" 200 619 "http://192.168.37.90/linkmanSys/list.html" "Mozilla/5.0 (Windows NT 10.0; Win64; x64) AppleWebKit/537.36 (KHTML, like Gecko) Chrome/90.0.4430.212 Safari/537.36"
192.168.37.45 - - [24/May/2021:12:18:17 +0800] "GET /favicon.ico HTTP/1.1" 200 21630 "http://192.168.37.90/linkmanSys/list.html" "Mozilla/5.0 (Windows NT 10.0; Win64; x64) AppleWebKit/537.36 (KHTML, like Gecko) Chrome/90.0.4430.212 Safari/537.36"
192.168.37.29 - - [24/May/2021:12:18:17 +0800] "GET /favicon.ico HTTP/1.1" 200 21630 "http://192.168.37.90/linkmanSys/list.html" "Mozilla/5.0 (Windows NT 10.0; Win64; x64) AppleWebKit/537.36 (KHTML, like Gecko) Chrome/90.0.4430.212 Safari/537.36"
192.168.37.29 - - [24/May/2021:12:18:18 +0800] "GET /linkmanSys/list.html HTTP/1.1" 304 0 "http://192.168.37.90/linkmanSys/list.html" "Mozilla/5.0 (Windows NT 10.0; Win64; x64) AppleWebKit/537.36 (KHTML, like Gecko) Chrome/90.0.4430.212 Safari/537.36"
192.168.37.29 - - [24/May/2021:12:18:18 +0800] "GET /linkmanSys/linkMan?method=findAll HTTP/1.1" 200 619 "http://192.168.37.90/linkmanSys/list.html" "Mozilla/5.0 (Windows NT 10.0; Win64; x64) AppleWebKit/537.36 (KHTML, like Gecko) Chrome/90.0.4430.212 Safari/537.36"
192.168.37.29 - - [24/May/2021:12:18:18 +0800] "GET /favicon.ico HTTP/1.1" 200 21630 "http://192.168.37.90/linkmanSys/list.html" "Mozilla/5.0 (Windows NT 10.0; Win64; x64) AppleWebKit/537.36 (KHTML, like Gecko) Chrome/90.0.4430.212 Safari/537.36"
192.168.37.29 - - [24/May/2021:12:18:18 +0800] "GET /linkmanSys/list.html HTTP/1.1" 304 0 "http://192.168.37.90/linkmanSys/list.html" "Mozilla/5.0 (Windows NT 10.0; Win64; x64) AppleWebKit/537.36 (KHTML, like Gecko) Chrome/90.0.4430.212 Safari/537.36"
192.168.37.84 - - [24/May/2021:12:18:18 +0800] "GET /linkmanSys/add.html HTTP/1.1" 200 3978 "http://192.168.37.90/linkmanSys/list.html" "Mozilla/5.0 (Windows NT 10.0; WOW64) AppleWebKit/537.36 (KHTML, like Gecko) Chrome/89.0.4389.114 Safari/537.36"
192.168.37.29 - - [24/May/2021:12:18:18 +0800] "GET /linkmanSys/linkMan?method=findAll HTTP/1.1" 200 619 "http://192.168.37.90/linkmanSys/list.html" "Mozilla/5.0 (Windows NT 10.0; Win64; x64) AppleWebKit/537.36 (KHTML, like Gecko) Chrome/90.0.4430.212 Safari/537.36"
192.168.37.29 - - [24/May/2021:12:18:18 +0800] "GET /favicon.ico HTTP/1.1" 200 21630 "http://192.168.37.90/linkmanSys/list.html" "Mozilla/5.0 (Windows NT 10.0; Win64; x64) AppleWebKit/537.36 (KHTML, like Gecko) Chrome/90.0.4430.212 Safari/537.36"
192.168.37.45 - - [24/May/2021:12:18:18 +0800] "GET /linkmanSys/list.html HTTP/1.1" 304 0 "http://192.168.37.90/linkmanSys/add.html" "Mozilla/5.0 (Windows NT 10.0; Win64; x64) AppleWebKit/537.36 (KHTML, like Gecko) Chrome/90.0.4430.212 Safari/537.36"
192.168.37.29 - - [24/May/2021:12:18:18 +0800] "GET /linkmanSys/list.html HTTP/1.1" 304 0 "http://192.168.37.90/linkmanSys/list.html" "Mozilla/5.0 (Windows NT 10.0; Win64; x64) AppleWebKit/537.36 (KHTML, like Gecko) Chrome/90.0.4430.212 Safari/537.36"
192.168.37.45 - - [24/May/2021:12:18:18 +0800] "GET /favicon.ico HTTP/1.1" 200 21630 "http://192.168.37.90/linkmanSys/list.html" "Mozilla/5.0 (Windows NT 10.0; Win64; x64) AppleWebKit/537.36 (KHTML, like Gecko) Chrome/90.0.4430.212 Safari/537.36"
192.168.37.45 - - [24/May/2021:12:18:18 +0800] "GET /linkmanSys/linkMan?method=findAll HTTP/1.1" 200 619 "http://192.168.37.90/linkmanSys/list.html" "Mozilla/5.0 (Windows NT 10.0; Win64; x64) AppleWebKit/537.36 (KHTML, like Gecko) Chrome/90.0.4430.212 Safari/537.36"
192.168.37.29 - - [24/May/2021:12:18:18 +0800] "GET /favicon.ico HTTP/1.1" 200 21630 "http://192.168.37.90/linkmanSys/list.html" "Mozilla/5.0 (Windows NT 10.0; Win64; x64) AppleWebKit/537.36 (KHTML, like Gecko) Chrome/90.0.4430.212 Safari/537.36"
192.168.37.29 - - [24/May/2021:12:18:18 +0800] "GET /linkmanSys/linkMan?method=findAll HTTP/1.1" 200 619 "http://192.168.37.90/linkmanSys/list.html" "Mozilla/5.0 (Windows NT 10.0; Win64; x64) AppleWebKit/537.36 (KHTML, like Gecko) Chrome/90.0.4430.212 Safari/537.36"
192.168.37.29 - - [24/May/2021:12:18:18 +0800] "GET /linkmanSys/list.html HTTP/1.1" 304 0 "http://192.168.37.90/linkmanSys/list.html" "Mozilla/5.0 (Windows NT 10.0; Win64; x64) AppleWebKit/537.36 (KHTML, like Gecko) Chrome/90.0.4430.212 Safari/537.36"
192.168.37.29 - - [24/May/2021:12:18:18 +0800] "GET /linkmanSys/linkMan?method=findAll HTTP/1.1" 200 619 "http://192.168.37.90/linkmanSys/list.html" "Mozilla/5.0 (Windows NT 10.0; Win64; x64) AppleWebKit/537.36 (KHTML, like Gecko) Chrome/90.0.4430.212 Safari/537.36"
192.168.37.29 - - [24/May/2021:12:18:18 +0800] "GET /favicon.ico HTTP/1.1" 200 21630 "http://192.168.37.90/linkmanSys/list.html" "Mozilla/5.0 (Windows NT 10.0; Win64; x64) AppleWebKit/537.36 (KHTML, like Gecko) Chrome/90.0.4430.212 Safari/537.36"
192.168.37.44 - - [24/May/2021:12:18:18 +0800] "POST /linkmanSys/linkMan?method=add HTTP/1.1" 200 61 "http://192.168.37.90/linkmanSys/add.html" "Mozilla/5.0 (Windows NT 10.0; Win64; x64) AppleWebKit/537.36 (KHTML, like Gecko) Chrome/90.0.4430.212 Safari/537.36"
192.168.37.44 - - [24/May/2021:12:18:18 +0800] "GET /linkmanSys/linkMan?method=findAll HTTP/1.1" 200 709 "http://192.168.37.90/linkmanSys/list.html" "Mozilla/5.0 (Windows NT 10.0; Win64; x64) AppleWebKit/537.36 (KHTML, like Gecko) Chrome/90.0.4430.212 Safari/537.36"
192.168.37.29 - - [24/May/2021:12:18:19 +0800] "GET /linkmanSys/list.html HTTP/1.1" 304 0 "http://192.168.37.90/linkmanSys/list.html" "Mozilla/5.0 (Windows NT 10.0; Win64; x64) AppleWebKit/537.36 (KHTML, like Gecko) Chrome/90.0.4430.212 Safari/537.36"
192.168.37.29 - - [24/May/2021:12:18:19 +0800] "GET /linkmanSys/linkMan?method=findAll HTTP/1.1" 200 709 "http://192.168.37.90/linkmanSys/list.html" "Mozilla/5.0 (Windows NT 10.0; Win64; x64) AppleWebKit/537.36 (KHTML, like Gecko) Chrome/90.0.4430.212 Safari/537.36"
192.168.37.29 - - [24/May/2021:12:18:19 +0800] "GET /favicon.ico HTTP/1.1" 200 21630 "http://192.168.37.90/linkmanSys/list.html" "Mozilla/5.0 (Windows NT 10.0; Win64; x64) AppleWebKit/537.36 (KHTML, like Gecko) Chrome/90.0.4430.212 Safari/537.36"
192.168.37.33 - - [24/May/2021:12:18:19 +0800] "GET /linkmanSys/list.html HTTP/1.1" 304 0 "http://192.168.37.90/linkmanSys/" "Mozilla/5.0 (Windows NT 10.0; Win64; x64) AppleWebKit/537.36 (KHTML, like Gecko) Chrome/90.0.4430.212 Safari/537.36"
192.168.37.91 - - [24/May/2021:12:18:19 +0800] "GET /linkmanSys/linkMan?method=delete&id=3 HTTP/1.1" 200 49 "http://192.168.37.90/linkmanSys/list.html" "Mozilla/5.0 (Windows NT 10.0; WOW64) AppleWebKit/537.36 (KHTML, like Gecko) Chrome/90.0.4430.93 Safari/537.36"
192.168.37.33 - - [24/May/2021:12:18:19 +0800] "GET /linkmanSys/linkMan?method=findAll HTTP/1.1" 200 600 "http://192.168.37.90/linkmanSys/list.html" "Mozilla/5.0 (Windows NT 10.0; Win64; x64) AppleWebKit/537.36 (KHTML, like Gecko) Chrome/90.0.4430.212 Safari/537.36"
192.168.37.69 - - [24/May/2021:12:18:19 +0800] "GET /linkmanSys/list.html HTTP/1.1" 200 3742 "-" "Mozilla/5.0 (Windows NT 10.0; Win64; x64) AppleWebKit/537.36 (KHTML, like Gecko) Chrome/90.0.4430.212 Safari/537.36"
192.168.37.33 - - [24/May/2021:12:18:19 +0800] "GET /favicon.ico HTTP/1.1" 200 21630 "http://192.168.37.90/linkmanSys/list.html" "Mozilla/5.0 (Windows NT 10.0; Win64; x64) AppleWebKit/537.36 (KHTML, like Gecko) Chrome/90.0.4430.212 Safari/537.36"
192.168.37.91 - - [24/May/2021:12:18:19 +0800] "GET /linkmanSys/linkMan?method=findAll HTTP/1.1" 200 600 "http://192.168.37.90/linkmanSys/list.html" "Mozilla/5.0 (Windows NT 10.0; WOW64) AppleWebKit/537.36 (KHTML, like Gecko) Chrome/90.0.4430.93 Safari/537.36"
192.168.37.69 - - [24/May/2021:12:18:19 +0800] "GET /linkmanSys/js/axios-0.18.0.js HTTP/1.1" 200 12948 "http://192.168.37.90/linkmanSys/list.html" "Mozilla/5.0 (Windows NT 10.0; Win64; x64) AppleWebKit/537.36 (KHTML, like Gecko) Chrome/90.0.4430.212 Safari/537.36"
192.168.37.69 - - [24/May/2021:12:18:19 +0800] "GET /linkmanSys/js/bootstrap.min.js HTTP/1.1" 200 37045 "http://192.168.37.90/linkmanSys/list.html" "Mozilla/5.0 (Windows NT 10.0; Win64; x64) AppleWebKit/537.36 (KHTML, like Gecko) Chrome/90.0.4430.212 Safari/537.36"
192.168.37.69 - - [24/May/2021:12:18:19 +0800] "GET /linkmanSys/js/jquery-2.1.0.min.js HTTP/1.1" 200 83617 "http://192.168.37.90/linkmanSys/list.html" "Mozilla/5.0 (Windows NT 10.0; Win64; x64) AppleWebKit/537.36 (KHTML, like Gecko) Chrome/90.0.4430.212 Safari/537.36"
192.168.37.69 - - [24/May/2021:12:18:19 +0800] "GET /linkmanSys/css/bootstrap.min.css HTTP/1.1" 200 121200 "http://192.168.37.90/linkmanSys/list.html" "Mozilla/5.0 (Windows NT 10.0; Win64; x64) AppleWebKit/537.36 (KHTML, like Gecko) Chrome/90.0.4430.212 Safari/537.36"
192.168.37.69 - - [24/May/2021:12:18:19 +0800] "GET /linkmanSys/js/vuejs-2.5.16.js HTTP/1.1" 200 300248 "http://192.168.37.90/linkmanSys/list.html" "Mozilla/5.0 (Windows NT 10.0; Win64; x64) AppleWebKit/537.36 (KHTML, like Gecko) Chrome/90.0.4430.212 Safari/537.36"
192.168.37.29 - - [24/May/2021:12:18:19 +0800] "GET /linkmanSys/list.html HTTP/1.1" 304 0 "http://192.168.37.90/linkmanSys/list.html" "Mozilla/5.0 (Windows NT 10.0; Win64; x64) AppleWebKit/537.36 (KHTML, like Gecko) Chrome/90.0.4430.212 Safari/537.36"
192.168.37.29 - - [24/May/2021:12:18:19 +0800] "GET /linkmanSys/linkMan?method=findAll HTTP/1.1" 200 600 "http://192.168.37.90/linkmanSys/list.html" "Mozilla/5.0 (Windows NT 10.0; Win64; x64) AppleWebKit/537.36 (KHTML, like Gecko) Chrome/90.0.4430.212 Safari/537.36"
192.168.37.29 - - [24/May/2021:12:18:19 +0800] "GET /favicon.ico HTTP/1.1" 200 21630 "http://192.168.37.90/linkmanSys/list.html" "Mozilla/5.0 (Windows NT 10.0; Win64; x64) AppleWebKit/537.36 (KHTML, like Gecko) Chrome/90.0.4430.212 Safari/537.36"
192.168.37.69 - - [24/May/2021:12:18:19 +0800] "GET /linkmanSys/linkMan?method=findAll HTTP/1.1" 200 600 "http://192.168.37.90/linkmanSys/list.html" "Mozilla/5.0 (Windows NT 10.0; Win64; x64) AppleWebKit/537.36 (KHTML, like Gecko) Chrome/90.0.4430.212 Safari/537.36"
192.168.37.29 - - [24/May/2021:12:18:19 +0800] "GET /linkmanSys/list.html HTTP/1.1" 304 0 "http://192.168.37.90/linkmanSys/list.html" "Mozilla/5.0 (Windows NT 10.0; Win64; x64) AppleWebKit/537.36 (KHTML, like Gecko) Chrome/90.0.4430.212 Safari/537.36"
192.168.37.29 - - [24/May/2021:12:18:19 +0800] "GET /linkmanSys/linkMan?method=findAll HTTP/1.1" 200 600 "http://192.168.37.90/linkmanSys/list.html" "Mozilla/5.0 (Windows NT 10.0; Win64; x64) AppleWebKit/537.36 (KHTML, like Gecko) Chrome/90.0.4430.212 Safari/537.36"
192.168.37.29 - - [24/May/2021:12:18:19 +0800] "GET /favicon.ico HTTP/1.1" 200 21630 "http://192.168.37.90/linkmanSys/list.html" "Mozilla/5.0 (Windows NT 10.0; Win64; x64) AppleWebKit/537.36 (KHTML, like Gecko) Chrome/90.0.4430.212 Safari/537.36"
192.168.37.43 - - [24/May/2021:12:18:19 +0800] "GET /linkmanSys/add.html HTTP/1.1" 200 3978 "http://192.168.37.90/linkmanSys/list.html" "Mozilla/5.0 (Windows NT 10.0; Win64; x64) AppleWebKit/537.36 (KHTML, like Gecko) Chrome/90.0.4430.93 Safari/537.36"
192.168.37.62 - - [24/May/2021:12:18:19 +0800] "GET /linkmanSys/add.html HTTP/1.1" 200 3978 "http://192.168.37.90/linkmanSys/list.html" "Mozilla/5.0 (Macintosh; Intel Mac OS X 10_15_6) AppleWebKit/605.1.15 (KHTML, like Gecko) Version/14.0.3 Safari/605.1.15"
192.168.37.45 - - [24/May/2021:12:18:19 +0800] "GET /linkmanSys/list.html HTTP/1.1" 304 0 "http://192.168.37.90/linkmanSys/add.html" "Mozilla/5.0 (Windows NT 10.0; Win64; x64) AppleWebKit/537.36 (KHTML, like Gecko) Chrome/90.0.4430.212 Safari/537.36"
192.168.37.36 - - [24/May/2021:12:18:19 +0800] "GET /linkmanSys/linkMan?method=findAll HTTP/1.1" 200 600 "http://192.168.37.90/linkmanSys/list.html" "Mozilla/5.0 (Windows NT 10.0; Win64; x64) AppleWebKit/537.36 (KHTML, like Gecko) Chrome/90.0.4430.212 Safari/537.36"
192.168.37.29 - - [24/May/2021:12:18:19 +0800] "GET /linkmanSys/list.html HTTP/1.1" 304 0 "http://192.168.37.90/linkmanSys/list.html" "Mozilla/5.0 (Windows NT 10.0; Win64; x64) AppleWebKit/537.36 (KHTML, like Gecko) Chrome/90.0.4430.212 Safari/537.36"
192.168.37.45 - - [24/May/2021:12:18:19 +0800] "GET /linkmanSys/linkMan?method=findAll HTTP/1.1" 200 600 "http://192.168.37.90/linkmanSys/list.html" "Mozilla/5.0 (Windows NT 10.0; Win64; x64) AppleWebKit/537.36 (KHTML, like Gecko) Chrome/90.0.4430.212 Safari/537.36"
192.168.37.29 - - [24/May/2021:12:18:19 +0800] "GET /linkmanSys/linkMan?method=findAll HTTP/1.1" 200 600 "http://192.168.37.90/linkmanSys/list.html" "Mozilla/5.0 (Windows NT 10.0; Win64; x64) AppleWebKit/537.36 (KHTML, like Gecko) Chrome/90.0.4430.212 Safari/537.36"
192.168.37.29 - - [24/May/2021:12:18:19 +0800] "GET /favicon.ico HTTP/1.1" 200 21630 "http://192.168.37.90/linkmanSys/list.html" "Mozilla/5.0 (Windows NT 10.0; Win64; x64) AppleWebKit/537.36 (KHTML, like Gecko) Chrome/90.0.4430.212 Safari/537.36"
192.168.37.45 - - [24/May/2021:12:18:19 +0800] "GET /favicon.ico HTTP/1.1" 200 21630 "http://192.168.37.90/linkmanSys/list.html" "Mozilla/5.0 (Windows NT 10.0; Win64; x64) AppleWebKit/537.36 (KHTML, like Gecko) Chrome/90.0.4430.212 Safari/537.36"
192.168.37.45 - - [24/May/2021:12:18:19 +0800] "GET /linkmanSys/list.html HTTP/1.1" 304 0 "http://192.168.37.90/linkmanSys/add.html" "Mozilla/5.0 (Windows NT 10.0; Win64; x64) AppleWebKit/537.36 (KHTML, like Gecko) Chrome/90.0.4430.212 Safari/537.36"
192.168.37.29 - - [24/May/2021:12:18:20 +0800] "GET /linkmanSys/list.html HTTP/1.1" 304 0 "http://192.168.37.90/linkmanSys/list.html" "Mozilla/5.0 (Windows NT 10.0; Win64; x64) AppleWebKit/537.36 (KHTML, like Gecko) Chrome/90.0.4430.212 Safari/537.36"
192.168.37.29 - - [24/May/2021:12:18:20 +0800] "GET /linkmanSys/linkMan?method=findAll HTTP/1.1" 200 600 "http://192.168.37.90/linkmanSys/list.html" "Mozilla/5.0 (Windows NT 10.0; Win64; x64) AppleWebKit/537.36 (KHTML, like Gecko) Chrome/90.0.4430.212 Safari/537.36"
192.168.37.45 - - [24/May/2021:12:18:20 +0800] "GET /linkmanSys/linkMan?method=findAll HTTP/1.1" 200 600 "http://192.168.37.90/linkmanSys/list.html" "Mozilla/5.0 (Windows NT 10.0; Win64; x64) AppleWebKit/537.36 (KHTML, like Gecko) Chrome/90.0.4430.212 Safari/537.36"
192.168.37.29 - - [24/May/2021:12:18:20 +0800] "GET /favicon.ico HTTP/1.1" 200 21630 "http://192.168.37.90/linkmanSys/list.html" "Mozilla/5.0 (Windows NT 10.0; Win64; x64) AppleWebKit/537.36 (KHTML, like Gecko) Chrome/90.0.4430.212 Safari/537.36"
192.168.37.95 - - [24/May/2021:12:18:20 +0800] "GET /linkmanSys HTTP/1.1" 302 5 "-" "Mozilla/5.0 (Windows NT 10.0; Win64; x64) AppleWebKit/537.36 (KHTML, like Gecko) Chrome/90.0.4430.212 Safari/537.36"
192.168.37.45 - - [24/May/2021:12:18:20 +0800] "GET /favicon.ico HTTP/1.1" 200 21630 "http://192.168.37.90/linkmanSys/list.html" "Mozilla/5.0 (Windows NT 10.0; Win64; x64) AppleWebKit/537.36 (KHTML, like Gecko) Chrome/90.0.4430.212 Safari/537.36"
192.168.37.95 - - [24/May/2021:12:18:20 +0800] "GET /linkmanSys/ HTTP/1.1" 200 250 "-" "Mozilla/5.0 (Windows NT 10.0; Win64; x64) AppleWebKit/537.36 (KHTML, like Gecko) Chrome/90.0.4430.212 Safari/537.36"
192.168.37.95 - - [24/May/2021:12:18:20 +0800] "GET /favicon.ico HTTP/1.1" 200 21630 "http://192.168.37.90/linkmanSys/" "Mozilla/5.0 (Windows NT 10.0; Win64; x64) AppleWebKit/537.36 (KHTML, like Gecko) Chrome/90.0.4430.212 Safari/537.36"
192.168.37.29 - - [24/May/2021:12:18:20 +0800] "GET /linkmanSys/list.html HTTP/1.1" 304 0 "http://192.168.37.90/linkmanSys/list.html" "Mozilla/5.0 (Windows NT 10.0; Win64; x64) AppleWebKit/537.36 (KHTML, like Gecko) Chrome/90.0.4430.212 Safari/537.36"
192.168.37.29 - - [24/May/2021:12:18:20 +0800] "GET /linkmanSys/linkMan?method=findAll HTTP/1.1" 200 600 "http://192.168.37.90/linkmanSys/list.html" "Mozilla/5.0 (Windows NT 10.0; Win64; x64) AppleWebKit/537.36 (KHTML, like Gecko) Chrome/90.0.4430.212 Safari/537.36"
192.168.37.29 - - [24/May/2021:12:18:20 +0800] "GET /favicon.ico HTTP/1.1" 200 21630 "http://192.168.37.90/linkmanSys/list.html" "Mozilla/5.0 (Windows NT 10.0; Win64; x64) AppleWebKit/537.36 (KHTML, like Gecko) Chrome/90.0.4430.212 Safari/537.36"
192.168.37.91 - - [24/May/2021:12:18:20 +0800] "GET /linkmanSys/linkMan?method=delete&id=4 HTTP/1.1" 200 49 "http://192.168.37.90/linkmanSys/list.html" "Mozilla/5.0 (Windows NT 10.0; WOW64) AppleWebKit/537.36 (KHTML, like Gecko) Chrome/90.0.4430.93 Safari/537.36"
